Component: ARM Compiler 5.06 update 5 (build 528) Tool: armlink [4d35e2]

==============================================================================

Section Cross References

    startup_stm32h750xx.o(STACK) refers (Special) to heapauxi.o(.text) for __use_two_region_memory
    startup_stm32h750xx.o(HEAP) refers (Special) to heapauxi.o(.text) for __use_two_region_memory
    startup_stm32h750xx.o(RESET) refers (Special) to heapauxi.o(.text) for __use_two_region_memory
    startup_stm32h750xx.o(RESET) refers to startup_stm32h750xx.o(STACK) for __initial_sp
    startup_stm32h750xx.o(RESET) refers to startup_stm32h750xx.o(.text) for Reset_Handler
    startup_stm32h750xx.o(RESET) refers to stm32h7xx_it.o(i.NMI_Handler) for NMI_Handler
    startup_stm32h750xx.o(RESET) refers to stm32h7xx_it.o(i.HardFault_Handler) for HardFault_Handler
    startup_stm32h750xx.o(RESET) refers to stm32h7xx_it.o(i.MemManage_Handler) for MemManage_Handler
    startup_stm32h750xx.o(RESET) refers to stm32h7xx_it.o(i.BusFault_Handler) for BusFault_Handler
    startup_stm32h750xx.o(RESET) refers to stm32h7xx_it.o(i.UsageFault_Handler) for UsageFault_Handler
    startup_stm32h750xx.o(RESET) refers to stm32h7xx_it.o(i.SVC_Handler) for SVC_Handler
    startup_stm32h750xx.o(RESET) refers to stm32h7xx_it.o(i.DebugMon_Handler) for DebugMon_Handler
    startup_stm32h750xx.o(RESET) refers to stm32h7xx_it.o(i.PendSV_Handler) for PendSV_Handler
    startup_stm32h750xx.o(RESET) refers to stm32h7xx_it.o(i.SysTick_Handler) for SysTick_Handler
    startup_stm32h750xx.o(RESET) refers to stm32h7xx_it.o(i.DMA2_Stream7_IRQHandler) for DMA2_Stream7_IRQHandler
    startup_stm32h750xx.o(RESET) refers to stm32h7xx_it.o(i.DCMI_IRQHandler) for DCMI_IRQHandler
    startup_stm32h750xx.o(.text) refers (Special) to heapauxi.o(.text) for __use_two_region_memory
    startup_stm32h750xx.o(.text) refers to system_stm32h7xx.o(i.SystemInit) for SystemInit
    startup_stm32h750xx.o(.text) refers to __main.o(!!!main) for __main
    startup_stm32h750xx.o(.text) refers to startup_stm32h750xx.o(HEAP) for Heap_Mem
    startup_stm32h750xx.o(.text) refers to startup_stm32h750xx.o(STACK) for Stack_Mem
    main.o(i.SystemClock_Config) refers to rt_memclr_w.o(.text) for __aeabi_memclr4
    main.o(i.SystemClock_Config) refers to stm32h7xx_hal_pwr_ex.o(i.HAL_PWREx_ConfigSupply) for HAL_PWREx_ConfigSupply
    main.o(i.SystemClock_Config) refers to stm32h7xx_hal_rcc.o(i.HAL_RCC_OscConfig) for HAL_RCC_OscConfig
    main.o(i.SystemClock_Config) refers to stm32h7xx_hal_rcc.o(i.HAL_RCC_ClockConfig) for HAL_RCC_ClockConfig
    main.o(i.main) refers to stm32h7xx_hal.o(i.HAL_Init) for HAL_Init
    main.o(i.main) refers to main.o(i.SystemClock_Config) for SystemClock_Config
    main.o(i.main) refers to gpio.o(i.MX_GPIO_Init) for MX_GPIO_Init
    main.o(i.main) refers to dma.o(i.MX_DMA_Init) for MX_DMA_Init
    main.o(i.main) refers to spi.o(i.MX_SPI4_Init) for MX_SPI4_Init
    main.o(i.main) refers to dcmi.o(i.MX_DCMI_Init) for MX_DCMI_Init
    main.o(i.main) refers to lcd_spi_200.o(i.LCD_Init) for LCD_Init
    main.o(i.main) refers to dcmi_ov2640.o(i.OV2640_Init) for OV2640_Init
    main.o(i.main) refers to dcmi_ov2640.o(i.OV2640_DMA_Transmit_Continuous) for OV2640_DMA_Transmit_Continuous
    main.o(i.main) refers to lcd_spi_200.o(i.show_ov2640_image) for show_ov2640_image
    main.o(i.main) refers to dcmi_ov2640.o(.data) for DCMI_FrameState
    main.o(i.main) refers to dcmi_ov2640.o(.bss) for mt9v03x_image
    gpio.o(i.MX_GPIO_Init) refers to rt_memclr_w.o(.text) for __aeabi_memclr4
    gpio.o(i.MX_GPIO_Init) refers to stm32h7xx_hal_gpio.o(i.HAL_GPIO_WritePin) for HAL_GPIO_WritePin
    gpio.o(i.MX_GPIO_Init) refers to stm32h7xx_hal_gpio.o(i.HAL_GPIO_Init) for HAL_GPIO_Init
    dcmi.o(i.HAL_DCMI_MspDeInit) refers to stm32h7xx_hal_gpio.o(i.HAL_GPIO_DeInit) for HAL_GPIO_DeInit
    dcmi.o(i.HAL_DCMI_MspDeInit) refers to stm32h7xx_hal_dma.o(i.HAL_DMA_DeInit) for HAL_DMA_DeInit
    dcmi.o(i.HAL_DCMI_MspDeInit) refers to stm32h7xx_hal_cortex.o(i.HAL_NVIC_DisableIRQ) for HAL_NVIC_DisableIRQ
    dcmi.o(i.HAL_DCMI_MspInit) refers to rt_memclr_w.o(.text) for __aeabi_memclr4
    dcmi.o(i.HAL_DCMI_MspInit) refers to stm32h7xx_hal_gpio.o(i.HAL_GPIO_Init) for HAL_GPIO_Init
    dcmi.o(i.HAL_DCMI_MspInit) refers to stm32h7xx_hal_dma.o(i.HAL_DMA_Init) for HAL_DMA_Init
    dcmi.o(i.HAL_DCMI_MspInit) refers to main.o(i.Error_Handler) for Error_Handler
    dcmi.o(i.HAL_DCMI_MspInit) refers to stm32h7xx_hal_cortex.o(i.HAL_NVIC_SetPriority) for HAL_NVIC_SetPriority
    dcmi.o(i.HAL_DCMI_MspInit) refers to stm32h7xx_hal_cortex.o(i.HAL_NVIC_EnableIRQ) for HAL_NVIC_EnableIRQ
    dcmi.o(i.HAL_DCMI_MspInit) refers to dcmi.o(.bss) for .bss
    dcmi.o(i.MX_DCMI_Init) refers to stm32h7xx_hal_dcmi.o(i.HAL_DCMI_Init) for HAL_DCMI_Init
    dcmi.o(i.MX_DCMI_Init) refers to main.o(i.Error_Handler) for Error_Handler
    dcmi.o(i.MX_DCMI_Init) refers to stm32h7xx_hal_cortex.o(i.HAL_NVIC_SetPriority) for HAL_NVIC_SetPriority
[...]
    ..\Drivers\STM32H7xx_HAL_Driver\Src\stm32h7xx_hal_pwr_ex.c 0x00000000   Number         0  stm32h7xx_hal_pwr_ex.o ABSOLUTE
    ..\Drivers\STM32H7xx_HAL_Driver\Src\stm32h7xx_hal_rcc.c 0x00000000   Number         0  stm32h7xx_hal_rcc.o ABSOLUTE
    ..\Drivers\STM32H7xx_HAL_Driver\Src\stm32h7xx_hal_rcc_ex.c 0x00000000   Number         0  stm32h7xx_hal_rcc_ex.o ABSOLUTE
    ..\Drivers\STM32H7xx_HAL_Driver\Src\stm32h7xx_hal_spi.c 0x00000000   Number         0  stm32h7xx_hal_spi.o ABSOLUTE
    ..\Drivers\STM32H7xx_HAL_Driver\Src\stm32h7xx_hal_spi_ex.c 0x00000000   Number         0  stm32h7xx_hal_spi_ex.o ABSOLUTE
    ..\Drivers\STM32H7xx_HAL_Driver\Src\stm32h7xx_hal_tim.c 0x00000000   Number         0  stm32h7xx_hal_tim.o ABSOLUTE
    ..\Drivers\STM32H7xx_HAL_Driver\Src\stm32h7xx_hal_tim_ex.c 0x00000000   Number         0  stm32h7xx_hal_tim_ex.o ABSOLUTE
    ..\HardWare\LCD\lcd_fonts.c              0x00000000   Number         0  lcd_fonts.o ABSOLUTE
    ..\HardWare\LCD\lcd_image.c              0x00000000   Number         0  lcd_image.o ABSOLUTE
    ..\HardWare\LCD\lcd_spi_200.c            0x00000000   Number         0  lcd_spi_200.o ABSOLUTE
    ..\HardWare\OV2640\dcmi_ov2640.c         0x00000000   Number         0  dcmi_ov2640.o ABSOLUTE
    ..\HardWare\OV2640\sccb.c                0x00000000   Number         0  sccb.o ABSOLUTE
    ..\\HardWare\\LCD\\lcd_spi_200.c         0x00000000   Number         0  lcd_spi_200.o ABSOLUTE
    ..\\HardWare\\OV2640\\dcmi_ov2640.c      0x00000000   Number         0  dcmi_ov2640.o ABSOLUTE
    ..\\HardWare\\OV2640\\sccb.c             0x00000000   Number         0  sccb.o ABSOLUTE
    dc.s                                     0x00000000   Number         0  dc.o ABSOLUTE
    startup_stm32h750xx.s                    0x00000000   Number         0  startup_stm32h750xx.o ABSOLUTE
    RESET                                    0x08000000   Section      664  startup_stm32h750xx.o(RESET)
    !!!main                                  0x08000298   Section        8  __main.o(!!!main)
    !!!scatter                               0x080002a0   Section       52  __scatter.o(!!!scatter)
    !!handler_copy                           0x080002d4   Section       26  __scatter_copy.o(!!handler_copy)
    !!handler_zi                             0x080002f0   Section       28  __scatter_zi.o(!!handler_zi)
    .ARM.Collect$$libinit$$00000000          0x0800030c   Section        2  libinit.o(.ARM.Collect$$libinit$$00000000)
    .ARM.Collect$$libinit$$00000001          0x0800030e   Section        4  libinit2.o(.ARM.Collect$$libinit$$00000001)
    .ARM.Collect$$libinit$$00000004          0x08000312   Section        0  libinit2.o(.ARM.Collect$$libinit$$00000004)
    .ARM.Collect$$libinit$$00000005          0x08000312   Section        8  libinit2.o(.ARM.Collect$$libinit$$00000005)
    .ARM.Collect$$libinit$$0000000A          0x0800031a   Section        0  libinit2.o(.ARM.Collect$$libinit$$0000000A)
    .ARM.Collect$$libinit$$0000000C          0x0800031a   Section        0  libinit2.o(.ARM.Collect$$libinit$$0000000C)
    .ARM.Collect$$libinit$$0000000E          0x0800031a   Section        0  libinit2.o(.ARM.Collect$$libinit$$0000000E)
    .ARM.Collect$$libinit$$00000011          0x0800031a   Section        0  libinit2.o(.ARM.Collect$$libinit$$00000011)
    .ARM.Collect$$libinit$$00000013          0x0800031a   Section        0  libinit2.o(.ARM.Collect$$libinit$$00000013)
    .ARM.Collect$$libinit$$00000015          0x0800031a   Section        0  libinit2.o(.ARM.Collect$$libinit$$00000015)
    .ARM.Collect$$libinit$$00000017          0x0800031a   Section        0  libinit2.o(.ARM.Collect$$libinit$$00000017)
    .ARM.Collect$$libinit$$00000019          0x0800031a   Section        0  libinit2.o(.ARM.Collect$$libinit$$00000019)
    .ARM.Collect$$libinit$$0000001B          0x0800031a   Section        0  libinit2.o(.ARM.Collect$$libinit$$0000001B)
    .ARM.Collect$$libinit$$0000001D          0x0800031a   Section        0  libinit2.o(.ARM.Collect$$libinit$$0000001D)
    .ARM.Collect$$libinit$$0000001F          0x0800031a   Section        0  libinit2.o(.ARM.Collect$$libinit$$0000001F)
    .ARM.Collect$$libinit$$00000021          0x0800031a   Section        0  libinit2.o(.ARM.Collect$$libinit$$00000021)
    .ARM.Collect$$libinit$$00000023          0x0800031a   Section        0  libinit2.o(.ARM.Collect$$libinit$$00000023)
    .ARM.Collect$$libinit$$00000025          0x0800031a   Section        0  libinit2.o(.ARM.Collect$$libinit$$00000025)
    .ARM.Collect$$libinit$$0000002C          0x0800031a   Section        0  libinit2.o(.ARM.Collect$$libinit$$0000002C)
    .ARM.Collect$$libinit$$0000002E          0x0800031a   Section        0  libinit2.o(.ARM.Collect$$libinit$$0000002E)
    .ARM.Collect$$libinit$$00000030          0x0800031a   Section        0  libinit2.o(.ARM.Collect$$libinit$$00000030)
    .ARM.Collect$$libinit$$00000032          0x0800031a   Section        0  libinit2.o(.ARM.Collect$$libinit$$00000032)
    .ARM.Collect$$libinit$$00000033          0x0800031a   Section        2  libinit2.o(.ARM.Collect$$libinit$$00000033)
    .ARM.Collect$$libshutdown$$00000000      0x0800031c   Section        2  libshutdown.o(.ARM.Collect$$libshutdown$$00000000)
    .ARM.Collect$$libshutdown$$00000002      0x0800031e   Section        0  libshutdown2.o(.ARM.Collect$$libshutdown$$00000002)
    .ARM.Collect$$libshutdown$$00000004      0x0800031e   Section        0  libshutdown2.o(.ARM.Collect$$libshutdown$$00000004)
    .ARM.Collect$$libshutdown$$00000007      0x0800031e   Section        0  libshutdown2.o(.ARM.Collect$$libshutdown$$00000007)
    .ARM.Collect$$libshutdown$$0000000A      0x0800031e   Section        0  libshutdown2.o(.ARM.Collect$$libshutdown$$0000000A)
    .ARM.Collect$$libshutdown$$0000000C      0x0800031e   Section        0  libshutdown2.o(.ARM.Collect$$libshutdown$$0000000C)
    .ARM.Collect$$libshutdown$$0000000F      0x0800031e   Section        0  libshutdown2.o(.ARM.Collect$$libshutdown$$0000000F)
    .ARM.Collect$$libshutdown$$00000010      0x0800031e   Section        2  libshutdown2.o(.ARM.Collect$$libshutdown$$00000010)
    .ARM.Collect$$rtentry$$00000000          0x08000320   Section        0  __rtentry.o(.ARM.Collect$$rtentry$$00000000)
    .ARM.Collect$$rtentry$$00000002          0x08000320   Section        0  __rtentry2.o(.ARM.Collect$$rtentry$$00000002)
    .ARM.Collect$$rtentry$$00000004          0x08000320   Section        6  __rtentry4.o(.ARM.Collect$$rtentry$$00000004)
    .ARM.Collect$$rtentry$$00000009          0x08000326   Section        0  __rtentry2.o(.ARM.Collect$$rtentry$$00000009)
    .ARM.Collect$$rtentry$$0000000A          0x08000326   Section        4  __rtentry2.o(.ARM.Collect$$rtentry$$0000000A)
    .ARM.Collect$$rtentry$$0000000C          0x0800032a   Section        0  __rtentry2.o(.ARM.Collect$$rtentry$$0000000C)
    .ARM.Collect$$rtentry$$0000000D          0x0800032a   Section        8  __rtentry2.o(.ARM.Collect$$rtentry$$0000000D)
    .ARM.Collect$$rtexit$$00000000           0x08000332   Section        2  rtexit.o(.ARM.Collect$$rtexit$$00000000)
    .ARM.Collect$$rtexit$$00000002           0x08000334   Section        0  rtexit2.o(.ARM.Collect$$rtexit$$00000002)
    .ARM.Collect$$rtexit$$00000003           0x08000334   Section        4  rtexit2.o(.ARM.Collect$$rtexit$$00000003)
    .ARM.Collect$$rtexit$$00000004           0x08000338   Section        6  rtexit2.o(.ARM.Collect$$rtexit$$00000004)
    .emb_text                                0x08000340   Section        0  maybetermalloc1.o(.emb_text)
    .text                                    0x08000340   Section       64  startup_stm32h750xx.o(.text)
    $v0                                      0x08000340   Number         0  startup_stm32h750xx.o(.text)
    .text                                    0x08000380   Section        0  h1_alloc.o(.text)
    .text                                    0x080003de   Section        0  h1_free.o(.text)
    .text                                    0x0800042c   Section       78  rt_memclr_w.o(.text)
    .text                                    0x0800047a   Section        0  heapauxi.o(.text)
    .text                                    0x08000480   Section        8  rt_heap_descriptor_intlibspace.o(.text)
    .text                                    0x08000488   Section        0  hguard.o(.text)
    .text                                    0x0800048c   Section        0  init_alloc.o(.text)
    .text                                    0x08000516   Section        0  h1_init.o(.text)
    .text                                    0x08000524   Section        8  libspace.o(.text)
    .text                                    0x0800052c   Section        0  h1_extend.o(.text)
    .text                                    0x08000560   Section        0  defsig_rtmem_outer.o(.text)
    .text                                    0x0800056e   Section        2  use_no_semi.o(.text)
    .text                                    0x08000570   Section       74  sys_stackheap_outer.o(.text)
    .text                                    0x08000570   Section        0  indicate_semi.o(.text)
    .text                                    0x080005ba   Section        0  exit.o(.text)
    .text                                    0x080005cc   Section        0  defsig_exit.o(.text)
    .text                                    0x080005d8   Section        0  defsig_rtmem_inner.o(.text)
    .text                                    0x08000628   Section        0  sys_exit.o(.text)
    .text                                    0x08000634   Section        0  defsig_general.o(.text)
    .text                                    0x08000666   Section        0  sys_wrch.o(.text)
    i.BusFault_Handler                       0x08000674   Section        0  stm32h7xx_it.o(i.BusFault_Handler)
    i.DCMI_DMAError                          0x08000676   Section        0  stm32h7xx_hal_dcmi.o(i.DCMI_DMAError)
    DCMI_DMAError                            0x08000677   Thumb Code    32  stm32h7xx_hal_dcmi.o(i.DCMI_DMAError)
    i.DCMI_DMAXferCplt                       0x08000696   Section        0  stm32h7xx_hal_dcmi.o(i.DCMI_DMAXferCplt)
    DCMI_DMAXferCplt                         0x08000697   Thumb Code   132  stm32h7xx_hal_dcmi.o(i.DCMI_DMAXferCplt)
    i.DCMI_IRQHandler                        0x0800071c   Section        0  stm32h7xx_it.o(i.DCMI_IRQHandler)
    i.DMA2_Stream7_IRQHandler                0x08000728   Section        0  stm32h7xx_it.o(i.DMA2_Stream7_IRQHandler)
    i.DMA_CalcBaseAndBitshift                0x08000734   Section        0  stm32h7xx_hal_dma.o(i.DMA_CalcBaseAndBitshift)
    DMA_CalcBaseAndBitshift                  0x08000735   Thumb Code   168  stm32h7xx_hal_dma.o(i.DMA_CalcBaseAndBitshift)
    i.DMA_CalcDMAMUXChannelBaseAndMask       0x080007e8   Section        0  stm32h7xx_hal_dma.o(i.DMA_CalcDMAMUXChannelBaseAndMask)
    DMA_CalcDMAMUXChannelBaseAndMask         0x080007e9   Thumb Code   138  stm32h7xx_hal_dma.o(i.DMA_CalcDMAMUXChannelBaseAndMask)
    i.DMA_CalcDMAMUXRequestGenBaseAndMask    0x08000884   Section        0  stm32h7xx_hal_dma.o(i.DMA_CalcDMAMUXRequestGenBaseAndMask)
    DMA_CalcDMAMUXRequestGenBaseAndMask      0x08000885   Thumb Code   104  stm32h7xx_hal_dma.o(i.DMA_CalcDMAMUXRequestGenBaseAndMask)
    i.DMA_CheckFifoParam                     0x080008f8   Section        0  stm32h7xx_hal_dma.o(i.DMA_CheckFifoParam)
    DMA_CheckFifoParam                       0x080008f9   Thumb Code    84  stm32h7xx_hal_dma.o(i.DMA_CheckFifoParam)
    i.DMA_MultiBufferSetConfig               0x0800094c   Section        0  stm32h7xx_hal_dma_ex.o(i.DMA_MultiBufferSetConfig)
    DMA_MultiBufferSetConfig                 0x0800094d   Thumb Code   150  stm32h7xx_hal_dma_ex.o(i.DMA_MultiBufferSetConfig)
    i.DMA_SetConfig                          0x080009ec   Section        0  stm32h7xx_hal_dma.o(i.DMA_SetConfig)
    DMA_SetConfig                            0x080009ed   Thumb Code   518  stm32h7xx_hal_dma.o(i.DMA_SetConfig)
    i.DebugMon_Handler                       0x08000c0c   Section        0  stm32h7xx_it.o(i.DebugMon_Handler)
    i.Error_Handler                          0x08000c0e   Section        0  main.o(i.Error_Handler)
    i.HAL_DCMI_ConfigCrop                    0x08000c12   Section        0  stm32h7xx_hal_dcmi.o(i.HAL_DCMI_ConfigCrop)
    i.HAL_DCMI_EnableCrop                    0x08000c48   Section        0  stm32h7xx_hal_dcmi.o(i.HAL_DCMI_EnableCrop)
    i.HAL_DCMI_ErrorCallback                 0x08000c78   Section        0  dcmi_ov2640.o(i.HAL_DCMI_ErrorCallback)
    i.HAL_DCMI_FrameEventCallback            0x08000c7c   Section        0  dcmi_ov2640.o(i.HAL_DCMI_FrameEventCallback)
    i.HAL_DCMI_IRQHandler                    0x08000cac   Section        0  stm32h7xx_hal_dcmi.o(i.HAL_DCMI_IRQHandler)
    i.HAL_DCMI_Init                          0x08000d48   Section        0  stm32h7xx_hal_dcmi.o(i.HAL_DCMI_Init)
    i.HAL_DCMI_LineEventCallback             0x08000de4   Section        0  stm32h7xx_hal_dcmi.o(i.HAL_DCMI_LineEventCallback)
    i.HAL_DCMI_MspInit                       0x08000de8   Section        0  dcmi.o(i.HAL_DCMI_MspInit)
    i.HAL_DCMI_Start_DMA                     0x08000f44   Section        0  stm32h7xx_hal_dcmi.o(i.HAL_DCMI_Start_DMA)
    i.HAL_DCMI_VsyncEventCallback            0x08001030   Section        0  stm32h7xx_hal_dcmi.o(i.HAL_DCMI_VsyncEventCallback)
    i.HAL_DMAEx_ChangeMemory                 0x08001034   Section        0  stm32h7xx_hal_dma_ex.o(i.HAL_DMAEx_ChangeMemory)
    i.HAL_DMAEx_MultiBufferStart_IT          0x080010c4   Section        0  stm32h7xx_hal_dma_ex.o(i.HAL_DMAEx_MultiBufferStart_IT)
    i.HAL_DMA_Abort_IT                       0x0800152c   Section        0  stm32h7xx_hal_dma.o(i.HAL_DMA_Abort_IT)
    i.HAL_DMA_IRQHandler                     0x080017b0   Section        0  stm32h7xx_hal_dma.o(i.HAL_DMA_IRQHandler)
    i.HAL_DMA_Init                           0x08001e98   Section        0  stm32h7xx_hal_dma.o(i.HAL_DMA_Init)
    i.HAL_DMA_Start_IT                       0x0800225c   Section        0  stm32h7xx_hal_dma.o(i.HAL_DMA_Start_IT)
    i.HAL_Delay                              0x080024f8   Section        0  stm32h7xx_hal.o(i.HAL_Delay)
    i.HAL_GPIO_Init                          0x0800251c   Section        0  stm32h7xx_hal_gpio.o(i.HAL_GPIO_Init)
    i.HAL_GPIO_ReadPin                       0x08002748   Section        0  stm32h7xx_hal_gpio.o(i.HAL_GPIO_ReadPin)
    i.HAL_GPIO_WritePin                      0x08002752   Section        0  stm32h7xx_hal_gpio.o(i.HAL_GPIO_WritePin)
    i.HAL_GetREVID                           0x0800275c   Section        0  stm32h7xx_hal.o(i.HAL_GetREVID)
    i.HAL_GetTick                            0x08002768   Section        0  stm32h7xx_hal.o(i.HAL_GetTick)
    i.HAL_IncTick                            0x08002774   Section        0  stm32h7xx_hal.o(i.HAL_IncTick)
    i.HAL_Init                               0x08002784   Section        0  stm32h7xx_hal.o(i.HAL_Init)
    i.HAL_InitTick                           0x080027e0   Section        0  stm32h7xx_hal.o(i.HAL_InitTick)
    i.HAL_MspInit                            0x08002820   Section        0  stm32h7xx_hal_msp.o(i.HAL_MspInit)
    i.HAL_NVIC_EnableIRQ                     0x0800283c   Section        0  stm32h7xx_hal_cortex.o(i.HAL_NVIC_EnableIRQ)
    i.HAL_NVIC_SetPriority                   0x08002858   Section        0  stm32h7xx_hal_cortex.o(i.HAL_NVIC_SetPriority)
    i.HAL_NVIC_SetPriorityGrouping           0x08002898   Section        0  stm32h7xx_hal_cortex.o(i.HAL_NVIC_SetPriorityGrouping)
    i.HAL_PWREx_ConfigSupply                 0x080028bc   Section        0  stm32h7xx_hal_pwr_ex.o(i.HAL_PWREx_ConfigSupply)
    i.HAL_RCCEx_PeriphCLKConfig              0x08002910   Section        0  stm32h7xx_hal_rcc_ex.o(i.HAL_RCCEx_PeriphCLKConfig)
    i.HAL_RCC_ClockConfig                    0x080032bc   Section        0  stm32h7xx_hal_rcc.o(i.HAL_RCC_ClockConfig)
    i.HAL_RCC_GetSysClockFreq                0x08003518   Section        0  stm32h7xx_hal_rcc.o(i.HAL_RCC_GetSysClockFreq)
    i.HAL_RCC_OscConfig                      0x08003650   Section        0  stm32h7xx_hal_rcc.o(i.HAL_RCC_OscConfig)
    i.HAL_SPI_Init                           0x08003bd4   Section        0  stm32h7xx_hal_spi.o(i.HAL_SPI_Init)
    i.HAL_SPI_MspInit                        0x08003d50   Section        0  spi.o(i.HAL_SPI_MspInit)
    i.HAL_SPI_Transmit                       0x08003ddc   Section        0  stm32h7xx_hal_spi.o(i.HAL_SPI_Transmit)
    i.HAL_SYSTICK_Config                     0x0800401e   Section        0  stm32h7xx_hal_cortex.o(i.HAL_SYSTICK_Config)
    i.HardFault_Handler                      0x08004044   Section        0  stm32h7xx_it.o(i.HardFault_Handler)
    i.LCD_Clear                              0x08004048   Section        0  lcd_spi_200.o(i.LCD_Clear)
    i.LCD_Init                               0x080040a0   Section        0  lcd_spi_200.o(i.LCD_Init)
    i.LCD_SPI_CloseTransfer                  0x08004258   Section        0  lcd_spi_200.o(i.LCD_SPI_CloseTransfer)
    i.LCD_SPI_Transmit                       0x08004314   Section        0  lcd_spi_200.o(i.LCD_SPI_Transmit)
    i.LCD_SPI_TransmitBuffer                 0x0800446c   Section        0  lcd_spi_200.o(i.LCD_SPI_TransmitBuffer)
    i.LCD_SPI_WaitOnFlagUntilTimeout         0x080045c2   Section        0  lcd_spi_200.o(i.LCD_SPI_WaitOnFlagUntilTimeout)
    i.LCD_SetAddress                         0x08004604   Section        0  lcd_spi_200.o(i.LCD_SetAddress)
    i.LCD_SetBackColor                       0x08004658   Section        0  lcd_spi_200.o(i.LCD_SetBackColor)
    i.LCD_SetColor                           0x0800467c   Section        0  lcd_spi_200.o(i.LCD_SetColor)
    i.LCD_SetDirection                       0x080046a0   Section        0  lcd_spi_200.o(i.LCD_SetDirection)
    i.LCD_WriteCommand                       0x08004708   Section        0  lcd_spi_200.o(i.LCD_WriteCommand)
    i.LCD_WriteData_16bit                    0x08004730   Section        0  lcd_spi_200.o(i.LCD_WriteData_16bit)
    i.LCD_WriteData_8bit                     0x08004760   Section        0  lcd_spi_200.o(i.LCD_WriteData_8bit)
    i.MX_DCMI_Init                           0x08004784   Section        0  dcmi.o(i.MX_DCMI_Init)
    i.MX_DMA_Init                            0x080047cc   Section        0  dma.o(i.MX_DMA_Init)
    i.MX_GPIO_Init                           0x080047f8   Section        0  gpio.o(i.MX_GPIO_Init)
    i.MX_SPI4_Init                           0x0800490c   Section        0  spi.o(i.MX_SPI4_Init)
    i.MemManage_Handler                      0x08004964   Section        0  stm32h7xx_it.o(i.MemManage_Handler)
    i.NMI_Handler                            0x08004966   Section        0  stm32h7xx_it.o(i.NMI_Handler)
    i.OV2640_Config                          0x08004968   Section        0  dcmi_ov2640.o(i.OV2640_Config)
    i.OV2640_DCMI_Crop                       0x08004988   Section        0  dcmi_ov2640.o(i.OV2640_DCMI_Crop)
    i.OV2640_DMA_Transmit_Continuous         0x080049cc   Section        0  dcmi_ov2640.o(i.OV2640_DMA_Transmit_Continuous)
    i.OV2640_Delay                           0x080049f8   Section        0  dcmi_ov2640.o(i.OV2640_Delay)
    i.OV2640_Init                            0x08004a28   Section        0  dcmi_ov2640.o(i.OV2640_Init)
    i.OV2640_ReadID                          0x08004aa0   Section        0  dcmi_ov2640.o(i.OV2640_ReadID)
    i.OV2640_Reset                           0x08004ac0   Section        0  dcmi_ov2640.o(i.OV2640_Reset)
    i.OV2640_Set_Effect                      0x08004af8   Section        0  dcmi_ov2640.o(i.OV2640_Set_Effect)
    i.OV2640_Set_Framesize                   0x08004b64   Section        0  dcmi_ov2640.o(i.OV2640_Set_Framesize)
    i.PendSV_Handler                         0x08004bb0   Section        0  stm32h7xx_it.o(i.PendSV_Handler)
    i.RCCEx_PLL2_Config                      0x08004bb4   Section        0  stm32h7xx_hal_rcc_ex.o(i.RCCEx_PLL2_Config)
    RCCEx_PLL2_Config                        0x08004bb5   Thumb Code   284  stm32h7xx_hal_rcc_ex.o(i.RCCEx_PLL2_Config)
    i.RCCEx_PLL3_Config                      0x08004cd4   Section        0  stm32h7xx_hal_rcc_ex.o(i.RCCEx_PLL3_Config)
    RCCEx_PLL3_Config                        0x08004cd5   Thumb Code   284  stm32h7xx_hal_rcc_ex.o(i.RCCEx_PLL3_Config)
    i.SCCB_ACK                               0x08004df4   Section        0  sccb.o(i.SCCB_ACK)
    i.SCCB_Delay                             0x08004e50   Section        0  sccb.o(i.SCCB_Delay)
    i.SCCB_GPIO_Config                       0x08004e78   Section        0  sccb.o(i.SCCB_GPIO_Config)
    i.SCCB_NoACK                             0x08004e98   Section        0  sccb.o(i.SCCB_NoACK)
    i.SCCB_ReadByte                          0x08004ee8   Section        0  sccb.o(i.SCCB_ReadByte)
    i.SCCB_ReadReg                           0x08004f54   Section        0  sccb.o(i.SCCB_ReadReg)
    i.SCCB_Start                             0x08004f88   Section        0  sccb.o(i.SCCB_Start)
    i.SCCB_Stop                              0x08004fd4   Section        0  sccb.o(i.SCCB_Stop)
    i.SCCB_WaitACK                           0x08005028   Section        0  sccb.o(i.SCCB_WaitACK)
    i.SCCB_WriteByte                         0x08005084   Section        0  sccb.o(i.SCCB_WriteByte)
    i.SCCB_WriteHandle                       0x080050f0   Section        0  sccb.o(i.SCCB_WriteHandle)
    i.SCCB_WriteReg                          0x0800510c   Section        0  sccb.o(i.SCCB_WriteReg)
    i.SPI_CloseTransfer                      0x0800512c   Section        0  stm32h7xx_hal_spi.o(i.SPI_CloseTransfer)
    SPI_CloseTransfer                        0x0800512d   Thumb Code   188  stm32h7xx_hal_spi.o(i.SPI_CloseTransfer)
    i.SPI_WaitOnFlagUntilTimeout             0x080051e8   Section        0  stm32h7xx_hal_spi.o(i.SPI_WaitOnFlagUntilTimeout)
    SPI_WaitOnFlagUntilTimeout               0x080051e9   Thumb Code    70  stm32h7xx_hal_spi.o(i.SPI_WaitOnFlagUntilTimeout)
    i.SVC_Handler                            0x0800522e   Section        0  stm32h7xx_it.o(i.SVC_Handler)
    i.SysTick_Handler                        0x08005230   Section        0  stm32h7xx_it.o(i.SysTick_Handler)
    i.SystemClock_Config                     0x08005234   Section        0  main.o(i.SystemClock_Config)
    i.SystemInit                             0x08005310   Section        0  system_stm32h7xx.o(i.SystemInit)
    i.UsageFault_Handler                     0x080053ec   Section        0  stm32h7xx_it.o(i.UsageFault_Handler)
    i.__NVIC_SetPriority                     0x080053ee   Section        0  stm32h7xx_hal_cortex.o(i.__NVIC_SetPriority)
    __NVIC_SetPriority                       0x080053ef   Thumb Code    34  stm32h7xx_hal_cortex.o(i.__NVIC_SetPriority)
    i.main                                   0x08005410   Section        0  main.o(i.main)
    i.show_ov2640_image                      0x08005474   Section        0  lcd_spi_200.o(i.show_ov2640_image)
    x$fpl$fpinit                             0x08005534   Section       10  fpinit.o(x$fpl$fpinit)
    $v0                                      0x08005534   Number         0  fpinit.o(x$fpl$fpinit)
    .constdata                               0x0800553e   Section     4560  lcd_fonts.o(.constdata)
    .constdata                               0x0800670e   Section      378  dcmi_ov2640.o(.constdata)
    .constdata                               0x08006888   Section        8  stm32h7xx_hal_dma.o(.constdata)
    flagBitshiftOffset                       0x08006888   Data           8  stm32h7xx_hal_dma.o(.constdata)
    .constdata                               0x08006890   Section       16  system_stm32h7xx.o(.constdata)
    .data                                    0x20000000   Section       12  lcd_fonts.o(.data)
    .data                                    0x2000000c   Section        8  lcd_spi_200.o(.data)
    LCD_AsciiFonts                           0x2000000c   Data           4  lcd_spi_200.o(.data)
    LCD_CHFonts                              0x20000010   Data           4  lcd_spi_200.o(.data)
    .data                                    0x20000014   Section        8  dcmi_ov2640.o(.data)
    DCMI_Frame_Count                         0x20000015   Data           1  dcmi_ov2640.o(.data)
    DCMI_Tick                                0x20000018   Data           4  dcmi_ov2640.o(.data)
    .data                                    0x2000001c   Section       12  stm32h7xx_hal.o(.data)
    .data                                    0x20000028   Section        8  system_stm32h7xx.o(.data)
    .bss                                     0x20000030   Section      200  dcmi.o(.bss)
    .bss                                     0x200000f8   Section      136  spi.o(.bss)
    .bss                                     0x20000180   Section     2064  lcd_spi_200.o(.bss)
    .bss                                     0x20000990   Section      480  dcmi_ov2640.o(.bss)
    .bss                                     0x20000b70   Section       96  libspace.o(.bss)
    HEAP                                     0x20000bd0   Section      512  startup_stm32h750xx.o(HEAP)
    Heap_Mem                                 0x20000bd0   Data         512  startup_stm32h750xx.o(HEAP)
    STACK                                    0x20000dd0   Section     1024  startup_stm32h750xx.o(STACK)
    Stack_Mem                                0x20000dd0   Data        1024  startup_stm32h750xx.o(STACK)
    __initial_sp                             0x200011d0   Data           0  startup_stm32h750xx.o(STACK)

    Global Symbols

    Symbol Name                              Value     Ov Type        Size  Object(Section)

    BuildAttributes$$THM_ISAv4$E$P$D$K$B$S$7EM$VFPv5_D16$PE$PLD8$A:L22UL41UL21$X:L11$S22US41US21$IEEE1$IW$USESV6$~STKCKD$USESV7$~SHL$OTIME$ROPI$IEEEJ$EBA8$UX$STANDARDLIB$REQ8$PRES8$EABIv2 0x00000000   Number         0  anon$$obj.o ABSOLUTE
    __ARM_use_no_argv                        0x00000000   Number         0  main.o ABSOLUTE
    _printf_flags                            0x00000000   Number         0  printf_stubs.o ABSOLUTE
    _printf_return_value                     0x00000000   Number         0  printf_stubs.o ABSOLUTE
    _printf_sizespec                         0x00000000   Number         0  printf_stubs.o ABSOLUTE
    _printf_widthprec                        0x00000000   Number         0  printf_stubs.o ABSOLUTE
    __ARM_exceptions_init                     - Undefined Weak Reference
    __alloca_initialize                       - Undefined Weak Reference
    __arm_preinit_                            - Undefined Weak Reference
    __cpp_initialize__aeabi_                  - Undefined Weak Reference
    __cxa_finalize                            - Undefined Weak Reference
    __sigvec_lookup                           - Undefined Weak Reference
    __user_heap_extent                        - Undefined Weak Reference
    _atexit_init                              - Undefined Weak Reference
    _call_atexit_fns                          - Undefined Weak Reference
    _clock_init                               - Undefined Weak Reference
    _fp_trap_init                             - Undefined Weak Reference
    _fp_trap_shutdown                         - Undefined Weak Reference
    _get_lc_collate                           - Undefined Weak Reference
    _get_lc_ctype                             - Undefined Weak Reference
    _get_lc_monetary                          - Undefined Weak Reference
    _get_lc_time                              - Undefined Weak Reference
    _getenv_init                              - Undefined Weak Reference
    _handle_redirection                       - Undefined Weak Reference
    _initio                                   - Undefined Weak Reference
    _mutex_acquire                            - Undefined Weak Reference
    _mutex_free                               - Undefined Weak Reference
    _mutex_release                            - Undefined Weak Reference
    _printf_truncate_signed                   - Undefined Weak Reference
    _printf_truncate_unsigned                 - Undefined Weak Reference
    _rand_init                                - Undefined Weak Reference
    _signal_finish                            - Undefined Weak Reference
    _signal_init                              - Undefined Weak Reference
    _terminateio                              - Undefined Weak Reference
    __Vectors_Size                           0x00000298   Number         0  startup_stm32h750xx.o ABSOLUTE
    __Vectors                                0x08000000   Data           4  startup_stm32h750xx.o(RESET)
    __Vectors_End                            0x08000298   Data           0  startup_stm32h750xx.o(RESET)
    __main                                   0x08000299   Thumb Code     8  __main.o(!!!main)
    __scatterload                            0x080002a1   Thumb Code     0  __scatter.o(!!!scatter)
    __scatterload_rt2                        0x080002a1   Thumb Code    44  __scatter.o(!!!scatter)
    __scatterload_rt2_thumb_only             0x080002a1   Thumb Code     0  __scatter.o(!!!scatter)
    __scatterload_null                       0x080002af   Thumb Code     0  __scatter.o(!!!scatter)
    __scatterload_copy                       0x080002d5   Thumb Code    26  __scatter_copy.o(!!handler_copy)
    __scatterload_zeroinit                   0x080002f1   Thumb Code    28  __scatter_zi.o(!!handler_zi)
    __rt_lib_init                            0x0800030d   Thumb Code     0  libinit.o(.ARM.Collect$$libinit$$00000000)
    __rt_lib_init_fp_1                       0x0800030f   Thumb Code     0  libinit2.o(.ARM.Collect$$libinit$$00000001)
    __rt_lib_init_heap_2                     0x08000313   Thumb Code     0  libinit2.o(.ARM.Collect$$libinit$$00000005)
    __rt_lib_init_preinit_1                  0x08000313   Thumb Code     0  libinit2.o(.ARM.Collect$$libinit$$00000004)
    __rt_lib_init_alloca_1                   0x0800031b   Thumb Code     0  libinit2.o(.ARM.Collect$$libinit$$0000002E)
    __rt_lib_init_argv_1                     0x0800031b   Thumb Code     0  libinit2.o(.ARM.Collect$$libinit$$0000002C)
    __rt_lib_init_atexit_1                   0x0800031b   Thumb Code     0  libinit2.o(.ARM.Collect$$libinit$$0000001B)
    __rt_lib_init_clock_1                    0x0800031b   Thumb Code     0  libinit2.o(.ARM.Collect$$libinit$$00000021)
    __rt_lib_init_cpp_1                      0x0800031b   Thumb Code     0  libinit2.o(.ARM.Collect$$libinit$$00000032)
    __rt_lib_init_exceptions_1               0x0800031b   Thumb Code     0  libinit2.o(.ARM.Collect$$libinit$$00000030)
    __rt_lib_init_fp_trap_1                  0x0800031b   Thumb Code     0  libinit2.o(.ARM.Collect$$libinit$$0000001F)
    __rt_lib_init_getenv_1                   0x0800031b   Thumb Code     0  libinit2.o(.ARM.Collect$$libinit$$00000023)
    __rt_lib_init_heap_1                     0x0800031b   Thumb Code     0  libinit2.o(.ARM.Collect$$libinit$$0000000A)
    __rt_lib_init_lc_collate_1               0x0800031b   Thumb Code     0  libinit2.o(.ARM.Collect$$libinit$$00000011)
    __rt_lib_init_lc_ctype_1                 0x0800031b   Thumb Code     0  libinit2.o(.ARM.Collect$$libinit$$00000013)
    __rt_lib_init_lc_monetary_1              0x0800031b   Thumb Code     0  libinit2.o(.ARM.Collect$$libinit$$00000015)
    __rt_lib_init_lc_numeric_1               0x0800031b   Thumb Code     0  libinit2.o(.ARM.Collect$$libinit$$00000017)
    __rt_lib_init_lc_time_1                  0x0800031b   Thumb Code     0  libinit2.o(.ARM.Collect$$libinit$$00000019)
    __rt_lib_init_rand_1                     0x0800031b   Thumb Code     0  libinit2.o(.ARM.Collect$$libinit$$0000000E)
    __rt_lib_init_return                     0x0800031b   Thumb Code     0  libinit2.o(.ARM.Collect$$libinit$$00000033)
    __rt_lib_init_signal_1                   0x0800031b   Thumb Code     0  libinit2.o(.ARM.Collect$$libinit$$0000001D)
    __rt_lib_init_stdio_1                    0x0800031b   Thumb Code     0  libinit2.o(.ARM.Collect$$libinit$$00000025)
    __rt_lib_init_user_alloc_1               0x0800031b   Thumb Code     0  libinit2.o(.ARM.Collect$$libinit$$0000000C)
    __rt_lib_shutdown                        0x0800031d   Thumb Code     0  libshutdown.o(.ARM.Collect$$libshutdown$$00000000)
    __rt_lib_shutdown_cpp_1                  0x0800031f   Thumb Code     0  libshutdown2.o(.ARM.Collect$$libshutdown$$00000002)
    __rt_lib_shutdown_fp_trap_1              0x0800031f   Thumb Code     0  libshutdown2.o(.ARM.Collect$$libshutdown$$00000007)
    __rt_lib_shutdown_heap_1                 0x0800031f   Thumb Code     0  libshutdown2.o(.ARM.Collect$$libshutdown$$0000000F)
    __rt_lib_shutdown_return                 0x0800031f   Thumb Code     0  libshutdown2.o(.ARM.Collect$$libshutdown$$00000010)
    __rt_lib_shutdown_signal_1               0x0800031f   Thumb Code     0  libshutdown2.o(.ARM.Collect$$libshutdown$$0000000A)
    __rt_lib_shutdown_stdio_1                0x0800031f   Thumb Code     0  libshutdown2.o(.ARM.Collect$$libshutdown$$00000004)
    __rt_lib_shutdown_user_alloc_1           0x0800031f   Thumb Code     0  libshutdown2.o(.ARM.Collect$$libshutdown$$0000000C)
    __rt_entry                               0x08000321   Thumb Code     0  __rtentry.o(.ARM.Collect$$rtentry$$00000000)
    __rt_entry_presh_1                       0x08000321   Thumb Code     0  __rtentry2.o(.ARM.Collect$$rtentry$$00000002)
    __rt_entry_sh                            0x08000321   Thumb Code     0  __rtentry4.o(.ARM.Collect$$rtentry$$00000004)
    __rt_entry_li                            0x08000327   Thumb Code     0  __rtentry2.o(.ARM.Collect$$rtentry$$0000000A)
    __rt_entry_postsh_1                      0x08000327   Thumb Code     0  __rtentry2.o(.ARM.Collect$$rtentry$$00000009)
    __rt_entry_main                          0x0800032b   Thumb Code     0  __rtentry2.o(.ARM.Collect$$rtentry$$0000000D)
    __rt_entry_postli_1                      0x0800032b   Thumb Code     0  __rtentry2.o(.ARM.Collect$$rtentry$$0000000C)
    __rt_exit                                0x08000333   Thumb Code     0  rtexit.o(.ARM.Collect$$rtexit$$00000000)
    __rt_exit_ls                             0x08000335   Thumb Code     0  rtexit2.o(.ARM.Collect$$rtexit$$00000003)
    __rt_exit_prels_1                        0x08000335   Thumb Code     0  rtexit2.o(.ARM.Collect$$rtexit$$00000002)
    __rt_exit_exit                           0x08000339   Thumb Code     0  rtexit2.o(.ARM.Collect$$rtexit$$00000004)
    Reset_Handler                            0x08000341   Thumb Code     8  startup_stm32h750xx.o(.text)
    _maybe_terminate_alloc                   0x08000341   Thumb Code     0  maybetermalloc1.o(.emb_text)
    ADC3_IRQHandler                          0x0800035b   Thumb Code     0  startup_stm32h750xx.o(.text)
    ADC_IRQHandler                           0x0800035b   Thumb Code     0  startup_stm32h750xx.o(.text)
    BDMA_Channel0_IRQHandler                 0x0800035b   Thumb Code     0  startup_stm32h750xx.o(.text)
    BDMA_Channel1_IRQHandler                 0x0800035b   Thumb Code     0  startup_stm32h750xx.o(.text)
    BDMA_Channel2_IRQHandler                 0x0800035b   Thumb Code     0  startup_stm32h750xx.o(.text)
    BDMA_Channel3_IRQHandler                 0x0800035b   Thumb Code     0  startup_stm32h750xx.o(.text)
    BDMA_Channel4_IRQHandler                 0x0800035b   Thumb Code     0  startup_stm32h750xx.o(.text)
    BDMA_Channel5_IRQHandler                 0x0800035b   Thumb Code     0  startup_stm32h750xx.o(.text)
    BDMA_Channel6_IRQHandler                 0x0800035b   Thumb Code     0  startup_stm32h750xx.o(.text)
    BDMA_Channel7_IRQHandler                 0x0800035b   Thumb Code     0  startup_stm32h750xx.o(.text)
    CEC_IRQHandler                           0x0800035b   Thumb Code     0  startup_stm32h750xx.o(.text)
    COMP1_IRQHandler                         0x0800035b   Thumb Code     0  startup_stm32h750xx.o(.text)
    CRS_IRQHandler                           0x0800035b   Thumb Code     0  startup_stm32h750xx.o(.text)
    CRYP_IRQHandler                          0x0800035b   Thumb Code     0  startup_stm32h750xx.o(.text)
    DFSDM1_FLT0_IRQHandler                   0x0800035b   Thumb Code     0  startup_stm32h750xx.o(.text)
    DFSDM1_FLT1_IRQHandler                   0x0800035b   Thumb Code     0  startup_stm32h750xx.o(.text)
    DFSDM1_FLT2_IRQHandler                   0x0800035b   Thumb Code     0  startup_stm32h750xx.o(.text)
    DFSDM1_FLT3_IRQHandler                   0x0800035b   Thumb Code     0  startup_stm32h750xx.o(.text)
    DMA1_Stream0_IRQHandler                  0x0800035b   Thumb Code     0  startup_stm32h750xx.o(.text)
    DMA1_Stream1_IRQHandler                  0x0800035b   Thumb Code     0  startup_stm32h750xx.o(.text)
    DMA1_Stream2_IRQHandler                  0x0800035b   Thumb Code     0  startup_stm32h750xx.o(.text)
    DMA1_Stream3_IRQHandler                  0x0800035b   Thumb Code     0  startup_stm32h750xx.o(.text)
    DMA1_Stream4_IRQHandler                  0x0800035b   Thumb Code     0  startup_stm32h750xx.o(.text)
    DMA1_Stream5_IRQHandler                  0x0800035b   Thumb Code     0  startup_stm32h750xx.o(.text)
    DMA1_Stream6_IRQHandler                  0x0800035b   Thumb Code     0  startup_stm32h750xx.o(.text)
    DMA1_Stream7_IRQHandler                  0x0800035b   Thumb Code     0  startup_stm32h750xx.o(.text)
    DMA2D_IRQHandler                         0x0800035b   Thumb Code     0  startup_stm32h750xx.o(.text)
    DMA2_Stream0_IRQHandler                  0x0800035b   Thumb Code     0  startup_stm32h750xx.o(.text)
    DMA2_Stream1_IRQHandler                  0x0800035b   Thumb Code     0  startup_stm32h750xx.o(.text)
    DMA2_Stream2_IRQHandler                  0x0800035b   Thumb Code     0  startup_stm32h750xx.o(.text)
    DMA2_Stream3_IRQHandler                  0x0800035b   Thumb Code     0  startup_stm32h750xx.o(.text)
    DMA2_Stream4_IRQHandler                  0x0800035b   Thumb Code     0  startup_stm32h750xx.o(.text)
    DMA2_Stream5_IRQHandler                  0x0800035b   Thumb Code     0  startup_stm32h750xx.o(.text)
    DMA2_Stream6_IRQHandler                  0x0800035b   Thumb Code     0  startup_stm32h750xx.o(.text)
    DMAMUX1_OVR_IRQHandler                   0x0800035b   Thumb Code     0  startup_stm32h750xx.o(.text)
    DMAMUX2_OVR_IRQHandler                   0x0800035b   Thumb Code     0  startup_stm32h750xx.o(.text)
    ECC_IRQHandler                           0x0800035b   Thumb Code     0  startup_stm32h750xx.o(.text)
    ETH_IRQHandler                           0x0800035b   Thumb Code     0  startup_stm32h750xx.o(.text)
    ETH_WKUP_IRQHandler                      0x0800035b   Thumb Code     0  startup_stm32h750xx.o(.text)
    EXTI0_IRQHandler                         0x0800035b   Thumb Code     0  startup_stm32h750xx.o(.text)
    EXTI15_10_IRQHandler                     0x0800035b   Thumb Code     0  startup_stm32h750xx.o(.text)
    EXTI1_IRQHandler                         0x0800035b   Thumb Code     0  startup_stm32h750xx.o(.text)
    EXTI2_IRQHandler                         0x0800035b   Thumb Code     0  startup_stm32h750xx.o(.text)
    EXTI3_IRQHandler                         0x0800035b   Thumb Code     0  startup_stm32h750xx.o(.text)
    EXTI4_IRQHandler                         0x0800035b   Thumb Code     0  startup_stm32h750xx.o(.text)
    EXTI9_5_IRQHandler                       0x0800035b   Thumb Code     0  startup_stm32h750xx.o(.text)
    FDCAN1_IT0_IRQHandler                    0x0800035b   Thumb Code     0  startup_stm32h750xx.o(.text)
    FDCAN1_IT1_IRQHandler                    0x0800035b   Thumb Code     0  startup_stm32h750xx.o(.text)
    FDCAN2_IT0_IRQHandler                    0x0800035b   Thumb Code     0  startup_stm32h750xx.o(.text)
    FDCAN2_IT1_IRQHandler                    0x0800035b   Thumb Code     0  startup_stm32h750xx.o(.text)
    FDCAN_CAL_IRQHandler                     0x0800035b   Thumb Code     0  startup_stm32h750xx.o(.text)
    FLASH_IRQHandler                         0x0800035b   Thumb Code     0  startup_stm32h750xx.o(.text)
    FMC_IRQHandler                           0x0800035b   Thumb Code     0  startup_stm32h750xx.o(.text)
    FPU_IRQHandler                           0x0800035b   Thumb Code     0  startup_stm32h750xx.o(.text)
    HASH_RNG_IRQHandler                      0x0800035b   Thumb Code     0  startup_stm32h750xx.o(.text)
    HRTIM1_FLT_IRQHandler                    0x0800035b   Thumb Code     0  startup_stm32h750xx.o(.text)
    HRTIM1_Master_IRQHandler                 0x0800035b   Thumb Code     0  startup_stm32h750xx.o(.text)
    HRTIM1_TIMA_IRQHandler                   0x0800035b   Thumb Code     0  startup_stm32h750xx.o(.text)
    HRTIM1_TIMB_IRQHandler                   0x0800035b   Thumb Code     0  startup_stm32h750xx.o(.text)
    HRTIM1_TIMC_IRQHandler                   0x0800035b   Thumb Code     0  startup_stm32h750xx.o(.text)
    HRTIM1_TIMD_IRQHandler                   0x0800035b   Thumb Code     0  startup_stm32h750xx.o(.text)
    HRTIM1_TIME_IRQHandler                   0x0800035b   Thumb Code     0  startup_stm32h750xx.o(.text)
    HSEM1_IRQHandler                         0x0800035b   Thumb Code     0  startup_stm32h750xx.o(.text)
    I2C1_ER_IRQHandler                       0x0800035b   Thumb Code     0  startup_stm32h750xx.o(.text)
    I2C1_EV_IRQHandler                       0x0800035b   Thumb Code     0  startup_stm32h750xx.o(.text)
    I2C2_ER_IRQHandler                       0x0800035b   Thumb Code     0  startup_stm32h750xx.o(.text)
    I2C2_EV_IRQHandler                       0x0800035b   Thumb Code     0  startup_stm32h750xx.o(.text)
    I2C3_ER_IRQHandler                       0x0800035b   Thumb Code     0  startup_stm32h750xx.o(.text)
    I2C3_EV_IRQHandler                       0x0800035b   Thumb Code     0  startup_stm32h750xx.o(.text)
    I2C4_ER_IRQHandler                       0x0800035b   Thumb Code     0  startup_stm32h750xx.o(.text)
    I2C4_EV_IRQHandler                       0x0800035b   Thumb Code     0  startup_stm32h750xx.o(.text)
    JPEG_IRQHandler                          0x0800035b   Thumb Code     0  startup_stm32h750xx.o(.text)
    LPTIM1_IRQHandler                        0x0800035b   Thumb Code     0  startup_stm32h750xx.o(.text)
    LPTIM2_IRQHandler                        0x0800035b   Thumb Code     0  startup_stm32h750xx.o(.text)
    LPTIM3_IRQHandler                        0x0800035b   Thumb Code     0  startup_stm32h750xx.o(.text)
    LPTIM4_IRQHandler                        0x0800035b   Thumb Code     0  startup_stm32h750xx.o(.text)
    LPTIM5_IRQHandler                        0x0800035b   Thumb Code     0  startup_stm32h750xx.o(.text)
    LPUART1_IRQHandler                       0x0800035b   Thumb Code     0  startup_stm32h750xx.o(.text)
    LTDC_ER_IRQHandler                       0x0800035b   Thumb Code     0  startup_stm32h750xx.o(.text)
    LTDC_IRQHandler                          0x0800035b   Thumb Code     0  startup_stm32h750xx.o(.text)
    MDIOS_IRQHandler                         0x0800035b   Thumb Code     0  startup_stm32h750xx.o(.text)
    MDIOS_WKUP_IRQHandler                    0x0800035b   Thumb Code     0  startup_stm32h750xx.o(.text)
    MDMA_IRQHandler                          0x0800035b   Thumb Code     0  startup_stm32h750xx.o(.text)
    OTG_FS_EP1_IN_IRQHandler                 0x0800035b   Thumb Code     0  startup_stm32h750xx.o(.text)
    OTG_FS_EP1_OUT_IRQHandler                0x0800035b   Thumb Code     0  startup_stm32h750xx.o(.text)
    OTG_FS_IRQHandler                        0x0800035b   Thumb Code     0  startup_stm32h750xx.o(.text)
    OTG_FS_WKUP_IRQHandler                   0x0800035b   Thumb Code     0  startup_stm32h750xx.o(.text)
    OTG_HS_EP1_IN_IRQHandler                 0x0800035b   Thumb Code     0  startup_stm32h750xx.o(.text)
    OTG_HS_EP1_OUT_IRQHandler                0x0800035b   Thumb Code     0  startup_stm32h750xx.o(.text)
    OTG_HS_IRQHandler                        0x0800035b   Thumb Code     0  startup_stm32h750xx.o(.text)
    OTG_HS_WKUP_IRQHandler                   0x0800035b   Thumb Code     0  startup_stm32h750xx.o(.text)
    PVD_AVD_IRQHandler                       0x0800035b   Thumb Code     0  startup_stm32h750xx.o(.text)
    QUADSPI_IRQHandler                       0x0800035b   Thumb Code     0  startup_stm32h750xx.o(.text)
    RCC_IRQHandler                           0x0800035b   Thumb Code     0  startup_stm32h750xx.o(.text)
    RTC_Alarm_IRQHandler                     0x0800035b   Thumb Code     0  startup_stm32h750xx.o(.text)
    RTC_WKUP_IRQHandler                      0x0800035b   Thumb Code     0  startup_stm32h750xx.o(.text)
    SAI1_IRQHandler                          0x0800035b   Thumb Code     0  startup_stm32h750xx.o(.text)
    SAI2_IRQHandler                          0x0800035b   Thumb Code     0  startup_stm32h750xx.o(.text)
    SAI3_IRQHandler                          0x0800035b   Thumb Code     0  startup_stm32h750xx.o(.text)
    SAI4_IRQHandler                          0x0800035b   Thumb Code     0  startup_stm32h750xx.o(.text)
    SDMMC1_IRQHandler                        0x0800035b   Thumb Code     0  startup_stm32h750xx.o(.text)
    SDMMC2_IRQHandler                        0x0800035b   Thumb Code     0  startup_stm32h750xx.o(.text)
    SPDIF_RX_IRQHandler                      0x0800035b   Thumb Code     0  startup_stm32h750xx.o(.text)
    SPI1_IRQHandler                          0x0800035b   Thumb Code     0  startup_stm32h750xx.o(.text)
    SPI2_IRQHandler                          0x0800035b   Thumb Code     0  startup_stm32h750xx.o(.text)
    SPI3_IRQHandler                          0x0800035b   Thumb Code     0  startup_stm32h750xx.o(.text)
    SPI4_IRQHandler                          0x0800035b   Thumb Code     0  startup_stm32h750xx.o(.text)
    SPI5_IRQHandler                          0x0800035b   Thumb Code     0  startup_stm32h750xx.o(.text)
    SPI6_IRQHandler                          0x0800035b   Thumb Code     0  startup_stm32h750xx.o(.text)
    SWPMI1_IRQHandler                        0x0800035b   Thumb Code     0  startup_stm32h750xx.o(.text)
    TAMP_STAMP_IRQHandler                    0x0800035b   Thumb Code     0  startup_stm32h750xx.o(.text)
    TIM15_IRQHandler                         0x0800035b   Thumb Code     0  startup_stm32h750xx.o(.text)
    TIM16_IRQHandler                         0x0800035b   Thumb Code     0  startup_stm32h750xx.o(.text)
    TIM17_IRQHandler                         0x0800035b   Thumb Code     0  startup_stm32h750xx.o(.text)
    TIM1_BRK_IRQHandler                      0x0800035b   Thumb Code     0  startup_stm32h750xx.o(.text)
    TIM1_CC_IRQHandler                       0x0800035b   Thumb Code     0  startup_stm32h750xx.o(.text)
    TIM1_TRG_COM_IRQHandler                  0x0800035b   Thumb Code     0  startup_stm32h750xx.o(.text)
    TIM1_UP_IRQHandler                       0x0800035b   Thumb Code     0  startup_stm32h750xx.o(.text)
    TIM2_IRQHandler                          0x0800035b   Thumb Code     0  startup_stm32h750xx.o(.text)
    TIM3_IRQHandler                          0x0800035b   Thumb Code     0  startup_stm32h750xx.o(.text)
    TIM4_IRQHandler                          0x0800035b   Thumb Code     0  startup_stm32h750xx.o(.text)
    TIM5_IRQHandler                          0x0800035b   Thumb Code     0  startup_stm32h750xx.o(.text)
    TIM6_DAC_IRQHandler                      0x0800035b   Thumb Code     0  startup_stm32h750xx.o(.text)
    TIM7_IRQHandler                          0x0800035b   Thumb Code     0  startup_stm32h750xx.o(.text)
    TIM8_BRK_TIM12_IRQHandler                0x0800035b   Thumb Code     0  startup_stm32h750xx.o(.text)
    TIM8_CC_IRQHandler                       0x0800035b   Thumb Code     0  startup_stm32h750xx.o(.text)
    TIM8_TRG_COM_TIM14_IRQHandler            0x0800035b   Thumb Code     0  startup_stm32h750xx.o(.text)
    TIM8_UP_TIM13_IRQHandler                 0x0800035b   Thumb Code     0  startup_stm32h750xx.o(.text)
    UART4_IRQHandler                         0x0800035b   Thumb Code     0  startup_stm32h750xx.o(.text)
    UART5_IRQHandler                         0x0800035b   Thumb Code     0  startup_stm32h750xx.o(.text)
    UART7_IRQHandler                         0x0800035b   Thumb Code     0  startup_stm32h750xx.o(.text)
    UART8_IRQHandler                         0x0800035b   Thumb Code     0  startup_stm32h750xx.o(.text)
    USART1_IRQHandler                        0x0800035b   Thumb Code     0  startup_stm32h750xx.o(.text)
    USART2_IRQHandler                        0x0800035b   Thumb Code     0  startup_stm32h750xx.o(.text)
    USART3_IRQHandler                        0x0800035b   Thumb Code     0  startup_stm32h750xx.o(.text)
    USART6_IRQHandler                        0x0800035b   Thumb Code     0  startup_stm32h750xx.o(.text)
    WAKEUP_PIN_IRQHandler                    0x0800035b   Thumb Code     0  startup_stm32h750xx.o(.text)
    WWDG_IRQHandler                          0x0800035b   Thumb Code     0  startup_stm32h750xx.o(.text)
    __user_initial_stackheap                 0x0800035d   Thumb Code     0  startup_stm32h750xx.o(.text)
    malloc                                   0x08000381   Thumb Code    94  h1_alloc.o(.text)
    free                                     0x080003df   Thumb Code    78  h1_free.o(.text)
    __aeabi_memclr4                          0x0800042d   Thumb Code     0  rt_memclr_w.o(.text)
    __aeabi_memclr8                          0x0800042d   Thumb Code     0  rt_memclr_w.o(.text)
    __rt_memclr_w                            0x0800042d   Thumb Code    78  rt_memclr_w.o(.text)
    _memset_w                                0x08000431   Thumb Code     0  rt_memclr_w.o(.text)
    __use_two_region_memory                  0x0800047b   Thumb Code     2  heapauxi.o(.text)
    __rt_heap_escrow                         0x0800047d   Thumb Code     2  heapauxi.o(.text)
    __rt_heap_expand                         0x0800047f   Thumb Code     2  heapauxi.o(.text)
    __rt_heap_descriptor                     0x08000481   Thumb Code     8  rt_heap_descriptor_intlibspace.o(.text)
    __use_no_heap                            0x08000489   Thumb Code     2  hguard.o(.text)
    __heap$guard                             0x0800048b   Thumb Code     2  hguard.o(.text)
    _terminate_user_alloc                    0x0800048d   Thumb Code     2  init_alloc.o(.text)
    _init_user_alloc                         0x0800048f   Thumb Code     2  init_alloc.o(.text)
    __Heap_Full                              0x08000491   Thumb Code    34  init_alloc.o(.text)
    __Heap_Broken                            0x080004b3   Thumb Code     6  init_alloc.o(.text)
    _init_alloc                              0x080004b9   Thumb Code    94  init_alloc.o(.text)
    __Heap_Initialize                        0x08000517   Thumb Code    10  h1_init.o(.text)
    __Heap_DescSize                          0x08000521   Thumb Code     4  h1_init.o(.text)
    __user_libspace                          0x08000525   Thumb Code     8  libspace.o(.text)
    __user_perproc_libspace                  0x08000525   Thumb Code     0  libspace.o(.text)
    __user_perthread_libspace                0x08000525   Thumb Code     0  libspace.o(.text)
    __Heap_ProvideMemory                     0x0800052d   Thumb Code    52  h1_extend.o(.text)
    __rt_SIGRTMEM                            0x08000561   Thumb Code    14  defsig_rtmem_outer.o(.text)
    __I$use$semihosting                      0x0800056f   Thumb Code     0  use_no_semi.o(.text)
    __use_no_semihosting_swi                 0x0800056f   Thumb Code     2  use_no_semi.o(.text)
    __semihosting_library_function           0x08000571   Thumb Code     0  indicate_semi.o(.text)
    __user_setup_stackheap                   0x08000571   Thumb Code    74  sys_stackheap_outer.o(.text)
    exit                                     0x080005bb   Thumb Code    18  exit.o(.text)
    __sig_exit                               0x080005cd   Thumb Code    10  defsig_exit.o(.text)
    __rt_SIGRTMEM_inner                      0x080005d9   Thumb Code    22  defsig_rtmem_inner.o(.text)
    _sys_exit                                0x08000629   Thumb Code     8  sys_exit.o(.text)
    __default_signal_display                 0x08000635   Thumb Code    50  defsig_general.o(.text)
    _ttywrch                                 0x08000667   Thumb Code    14  sys_wrch.o(.text)
    BusFault_Handler                         0x08000675   Thumb Code     2  stm32h7xx_it.o(i.BusFault_Handler)
    DCMI_IRQHandler                          0x0800071d   Thumb Code     6  stm32h7xx_it.o(i.DCMI_IRQHandler)
    DMA2_Stream7_IRQHandler                  0x08000729   Thumb Code     6  stm32h7xx_it.o(i.DMA2_Stream7_IRQHandler)
    DebugMon_Handler                         0x08000c0d   Thumb Code     2  stm32h7xx_it.o(i.DebugMon_Handler)
    Error_Handler                            0x08000c0f   Thumb Code     4  main.o(i.Error_Handler)
    HAL_DCMI_ConfigCrop                      0x08000c13   Thumb Code    54  stm32h7xx_hal_dcmi.o(i.HAL_DCMI_ConfigCrop)
    HAL_DCMI_EnableCrop                      0x08000c49   Thumb Code    48  stm32h7xx_hal_dcmi.o(i.HAL_DCMI_EnableCrop)
    HAL_DCMI_ErrorCallback                   0x08000c79   Thumb Code     2  dcmi_ov2640.o(i.HAL_DCMI_ErrorCallback)
    HAL_DCMI_FrameEventCallback              0x08000c7d   Thumb Code    44  dcmi_ov2640.o(i.HAL_DCMI_FrameEventCallback)
    HAL_DCMI_IRQHandler                      0x08000cad   Thumb Code   152  stm32h7xx_hal_dcmi.o(i.HAL_DCMI_IRQHandler)
    HAL_DCMI_Init                            0x08000d49   Thumb Code   152  stm32h7xx_hal_dcmi.o(i.HAL_DCMI_Init)
    HAL_DCMI_LineEventCallback               0x08000de5   Thumb Code     2  stm32h7xx_hal_dcmi.o(i.HAL_DCMI_LineEventCallback)
    HAL_DCMI_MspInit                         0x08000de9   Thumb Code   310  dcmi.o(i.HAL_DCMI_MspInit)
    HAL_DCMI_Start_DMA                       0x08000f45   Thumb Code   226  stm32h7xx_hal_dcmi.o(i.HAL_DCMI_Start_DMA)
    HAL_DCMI_VsyncEventCallback              0x08001031   Thumb Code     2  stm32h7xx_hal_dcmi.o(i.HAL_DCMI_VsyncEventCallback)
    HAL_DMAEx_ChangeMemory                   0x08001035   Thumb Code   134  stm32h7xx_hal_dma_ex.o(i.HAL_DMAEx_ChangeMemory)
    HAL_DMAEx_MultiBufferStart_IT            0x080010c5   Thumb Code  1128  stm32h7xx_hal_dma_ex.o(i.HAL_DMAEx_MultiBufferStart_IT)
    HAL_DMA_Abort_IT                         0x0800152d   Thumb Code   602  stm32h7xx_hal_dma.o(i.HAL_DMA_Abort_IT)
    HAL_DMA_IRQHandler                       0x080017b1   Thumb Code  1756  stm32h7xx_hal_dma.o(i.HAL_DMA_IRQHandler)
    HAL_DMA_Init                             0x08001e99   Thumb Code   926  stm32h7xx_hal_dma.o(i.HAL_DMA_Init)
    HAL_DMA_Start_IT                         0x0800225d   Thumb Code   628  stm32h7xx_hal_dma.o(i.HAL_DMA_Start_IT)
    HAL_Delay                                0x080024f9   Thumb Code    32  stm32h7xx_hal.o(i.HAL_Delay)
    HAL_GPIO_Init                            0x0800251d   Thumb Code   506  stm32h7xx_hal_gpio.o(i.HAL_GPIO_Init)
    HAL_GPIO_ReadPin                         0x08002749   Thumb Code    10  stm32h7xx_hal_gpio.o(i.HAL_GPIO_ReadPin)
    HAL_GPIO_WritePin                        0x08002753   Thumb Code    10  stm32h7xx_hal_gpio.o(i.HAL_GPIO_WritePin)
    HAL_GetREVID                             0x0800275d   Thumb Code     8  stm32h7xx_hal.o(i.HAL_GetREVID)
    HAL_GetTick                              0x08002769   Thumb Code     6  stm32h7xx_hal.o(i.HAL_GetTick)
    HAL_IncTick                              0x08002775   Thumb Code    12  stm32h7xx_hal.o(i.HAL_IncTick)
    HAL_Init                                 0x08002785   Thumb Code    74  stm32h7xx_hal.o(i.HAL_Init)
    HAL_InitTick                             0x080027e1   Thumb Code    56  stm32h7xx_hal.o(i.HAL_InitTick)
    HAL_MspInit                              0x08002821   Thumb Code    22  stm32h7xx_hal_msp.o(i.HAL_MspInit)
    HAL_NVIC_EnableIRQ                       0x0800283d   Thumb Code    26  stm32h7xx_hal_cortex.o(i.HAL_NVIC_EnableIRQ)
    HAL_NVIC_SetPriority                     0x08002859   Thumb Code    60  stm32h7xx_hal_cortex.o(i.HAL_NVIC_SetPriority)
    HAL_NVIC_SetPriorityGrouping             0x08002899   Thumb Code    28  stm32h7xx_hal_cortex.o(i.HAL_NVIC_SetPriorityGrouping)
    HAL_PWREx_ConfigSupply                   0x080028bd   Thumb Code    78  stm32h7xx_hal_pwr_ex.o(i.HAL_PWREx_ConfigSupply)
    HAL_RCCEx_PeriphCLKConfig                0x08002911   Thumb Code  2472  stm32h7xx_hal_rcc_ex.o(i.HAL_RCCEx_PeriphCLKConfig)
    HAL_RCC_ClockConfig                      0x080032bd   Thumb Code   580  stm32h7xx_hal_rcc.o(i.HAL_RCC_ClockConfig)
    HAL_RCC_GetSysClockFreq                  0x08003519   Thumb Code   278  stm32h7xx_hal_rcc.o(i.HAL_RCC_GetSysClockFreq)
    HAL_RCC_OscConfig                        0x08003651   Thumb Code  1410  stm32h7xx_hal_rcc.o(i.HAL_RCC_OscConfig)
    HAL_SPI_Init                             0x08003bd5   Thumb Code   366  stm32h7xx_hal_spi.o(i.HAL_SPI_Init)
    HAL_SPI_MspInit                          0x08003d51   Thumb Code   126  spi.o(i.HAL_SPI_MspInit)
    HAL_SPI_Transmit                         0x08003ddd   Thumb Code   578  stm32h7xx_hal_spi.o(i.HAL_SPI_Transmit)
    HAL_SYSTICK_Config                       0x0800401f   Thumb Code    38  stm32h7xx_hal_cortex.o(i.HAL_SYSTICK_Config)
    HardFault_Handler                        0x08004045   Thumb Code     2  stm32h7xx_it.o(i.HardFault_Handler)
    LCD_Clear                                0x08004049   Thumb Code    76  lcd_spi_200.o(i.LCD_Clear)
    LCD_Init                                 0x080040a1   Thumb Code   424  lcd_spi_200.o(i.LCD_Init)
    LCD_SPI_CloseTransfer                    0x08004259   Thumb Code   188  lcd_spi_200.o(i.LCD_SPI_CloseTransfer)
    LCD_SPI_Transmit                         0x08004315   Thumb Code   344  lcd_spi_200.o(i.LCD_SPI_Transmit)
    LCD_SPI_TransmitBuffer                   0x0800446d   Thumb Code   342  lcd_spi_200.o(i.LCD_SPI_TransmitBuffer)
    LCD_SPI_WaitOnFlagUntilTimeout           0x080045c3   Thumb Code    66  lcd_spi_200.o(i.LCD_SPI_WaitOnFlagUntilTimeout)
    LCD_SetAddress                           0x08004605   Thumb Code    78  lcd_spi_200.o(i.LCD_SetAddress)
    LCD_SetBackColor                         0x08004659   Thumb Code    30  lcd_spi_200.o(i.LCD_SetBackColor)
    LCD_SetColor                             0x0800467d   Thumb Code    30  lcd_spi_200.o(i.LCD_SetColor)
    LCD_SetDirection                         0x080046a1   Thumb Code    98  lcd_spi_200.o(i.LCD_SetDirection)
    LCD_WriteCommand                         0x08004709   Thumb Code    30  lcd_spi_200.o(i.LCD_WriteCommand)
    LCD_WriteData_16bit                      0x08004731   Thumb Code    40  lcd_spi_200.o(i.LCD_WriteData_16bit)
    LCD_WriteData_8bit                       0x08004761   Thumb Code    28  lcd_spi_200.o(i.LCD_WriteData_8bit)
    MX_DCMI_Init                             0x08004785   Thumb Code    62  dcmi.o(i.MX_DCMI_Init)
    MX_DMA_Init                              0x080047cd   Thumb Code    40  dma.o(i.MX_DMA_Init)
    MX_GPIO_Init                             0x080047f9   Thumb Code   258  gpio.o(i.MX_GPIO_Init)
    MX_SPI4_Init                             0x0800490d   Thumb Code    80  spi.o(i.MX_SPI4_Init)
    MemManage_Handler                        0x08004965   Thumb Code     2  stm32h7xx_it.o(i.MemManage_Handler)
    NMI_Handler                              0x08004967   Thumb Code     2  stm32h7xx_it.o(i.NMI_Handler)
    OV2640_Config                            0x08004969   Thumb Code    30  dcmi_ov2640.o(i.OV2640_Config)
    OV2640_DCMI_Crop                         0x08004989   Thumb Code    64  dcmi_ov2640.o(i.OV2640_DCMI_Crop)
    OV2640_DMA_Transmit_Continuous           0x080049cd   Thumb Code    36  dcmi_ov2640.o(i.OV2640_DMA_Transmit_Continuous)
    OV2640_Delay                             0x080049f9   Thumb Code    48  dcmi_ov2640.o(i.OV2640_Delay)
    OV2640_Init                              0x08004a29   Thumb Code   112  dcmi_ov2640.o(i.OV2640_Init)
    OV2640_ReadID                            0x08004aa1   Thumb Code    30  dcmi_ov2640.o(i.OV2640_ReadID)
    OV2640_Reset                             0x08004ac1   Thumb Code    52  dcmi_ov2640.o(i.OV2640_Reset)
    OV2640_Set_Effect                        0x08004af9   Thumb Code   108  dcmi_ov2640.o(i.OV2640_Set_Effect)
    OV2640_Set_Framesize                     0x08004b65   Thumb Code    76  dcmi_ov2640.o(i.OV2640_Set_Framesize)
    PendSV_Handler                           0x08004bb1   Thumb Code     2  stm32h7xx_it.o(i.PendSV_Handler)
    SCCB_ACK                                 0x08004df5   Thumb Code    88  sccb.o(i.SCCB_ACK)
    SCCB_Delay                               0x08004e51   Thumb Code    40  sccb.o(i.SCCB_Delay)
    SCCB_GPIO_Config                         0x08004e79   Thumb Code    28  sccb.o(i.SCCB_GPIO_Config)
    SCCB_NoACK                               0x08004e99   Thumb Code    76  sccb.o(i.SCCB_NoACK)
    SCCB_ReadByte                            0x08004ee9   Thumb Code   104  sccb.o(i.SCCB_ReadByte)
    SCCB_ReadReg                             0x08004f55   Thumb Code    52  sccb.o(i.SCCB_ReadReg)
    SCCB_Start                               0x08004f89   Thumb Code    70  sccb.o(i.SCCB_Start)
    SCCB_Stop                                0x08004fd5   Thumb Code    78  sccb.o(i.SCCB_Stop)
    SCCB_WaitACK                             0x08005029   Thumb Code    88  sccb.o(i.SCCB_WaitACK)
    SCCB_WriteByte                           0x08005085   Thumb Code   102  sccb.o(i.SCCB_WriteByte)
    SCCB_WriteHandle                         0x080050f1   Thumb Code    28  sccb.o(i.SCCB_WriteHandle)
    SCCB_WriteReg                            0x0800510d   Thumb Code    32  sccb.o(i.SCCB_WriteReg)
    SVC_Handler                              0x0800522f   Thumb Code     2  stm32h7xx_it.o(i.SVC_Handler)
    SysTick_Handler                          0x08005231   Thumb Code     4  stm32h7xx_it.o(i.SysTick_Handler)
    SystemClock_Config                       0x08005235   Thumb Code   208  main.o(i.SystemClock_Config)
    SystemInit                               0x08005311   Thumb Code   180  system_stm32h7xx.o(i.SystemInit)
    UsageFault_Handler                       0x080053ed   Thumb Code     2  stm32h7xx_it.o(i.UsageFault_Handler)
    main                                     0x08005411   Thumb Code    90  main.o(i.main)
    show_ov2640_image                        0x08005475   Thumb Code   182  lcd_spi_200.o(i.show_ov2640_image)
    _fp_init                                 0x08005535   Thumb Code    10  fpinit.o(x$fpl$fpinit)
    __fplib_config_fpu_vfp                   0x0800553d   Thumb Code     0  fpinit.o(x$fpl$fpinit)
    __fplib_config_pureend_doubles           0x0800553d   Thumb Code     0  fpinit.o(x$fpl$fpinit)
    ASCII_2412_Table                         0x0800553e   Data        4560  lcd_fonts.o(.constdata)
    OV2640_RGB565_Config                     0x0800670e   Data          12  dcmi_ov2640.o(.constdata)
    OV2640_JPEG_Config                       0x0800671a   Data          14  dcmi_ov2640.o(.constdata)
    OV2640_SVGA_Config                       0x08006728   Data         352  dcmi_ov2640.o(.constdata)
    D1CorePrescTable                         0x08006890   Data          16  system_stm32h7xx.o(.constdata)
    Region$$Table$$Base                      0x080068a0   Number         0  anon$$obj.o(Region$$Table)
    Region$$Table$$Limit                     0x080068c0   Number         0  anon$$obj.o(Region$$Table)
    ASCII_Font24                             0x20000000   Data          12  lcd_fonts.o(.data)
    DCMI_FrameState                          0x20000014   Data           1  dcmi_ov2640.o(.data)
    OV2640_FPS                               0x20000016   Data           1  dcmi_ov2640.o(.data)
    uwTickFreq                               0x2000001c   Data           1  stm32h7xx_hal.o(.data)
    uwTickPrio                               0x20000020   Data           4  stm32h7xx_hal.o(.data)
    uwTick                                   0x20000024   Data           4  stm32h7xx_hal.o(.data)
    SystemCoreClock                          0x20000028   Data           4  system_stm32h7xx.o(.data)
    SystemD2Clock                            0x2000002c   Data           4  system_stm32h7xx.o(.data)
    hdcmi                                    0x20000030   Data          80  dcmi.o(.bss)
    hdma_dcmi                                0x20000080   Data         120  dcmi.o(.bss)
    hspi4                                    0x200000f8   Data         136  spi.o(.bss)
    LCD_Buff                                 0x20000180   Data        2048  lcd_spi_200.o(.bss)
    LCD                                      0x20000980   Data          16  lcd_spi_200.o(.bss)
    mt9v03x_image                            0x20000990   Data         480  dcmi_ov2640.o(.bss)
    __libspace_start                         0x20000b70   Data          96  libspace.o(.bss)
    __temporary_stack_top$libspace           0x20000bd0   Data           0  libspace.o(.bss)



==============================================================================

Memory Map of the image

  Image Entry point : 0x08000299

  Load Region LR_IROM1 (Base: 0x08000000, Size: 0x000068f0, Max: 0x00020000, ABSOLUTE)

    Execution Region ER_IROM1 (Exec base: 0x08000000, Load base: 0x08000000, Size: 0x000068c0, Max: 0x00020000, ABSOLUTE)

    Exec Addr    Load Addr    Size         Type   Attr      Idx    E Section Name        Object

    0x08000000   0x08000000   0x00000298   Data   RO            3    RESET               startup_stm32h750xx.o
    0x08000298   0x08000298   0x00000008   Code   RO         4041  * !!!main             c_w.l(__main.o)
    0x080002a0   0x080002a0   0x00000034   Code   RO         4301    !!!scatter          c_w.l(__scatter.o)
    0x080002d4   0x080002d4   0x0000001a   Code   RO         4303    !!handler_copy      c_w.l(__scatter_copy.o)
    0x080002ee   0x080002ee   0x00000002   PAD
    0x080002f0   0x080002f0   0x0000001c   Code   RO         4305    !!handler_zi        c_w.l(__scatter_zi.o)
    0x0800030c   0x0800030c   0x00000002   Code   RO         4240    .ARM.Collect$$libinit$$00000000  c_w.l(libinit.o)
    0x0800030e   0x0800030e   0x00000004   Code   RO         4086    .ARM.Collect$$libinit$$00000001  c_w.l(libinit2.o)
    0x08000312   0x08000312   0x00000000   Code   RO         4089    .ARM.Collect$$libinit$$00000004  c_w.l(libinit2.o)
    0x08000312   0x08000312   0x00000008   Code   RO         4090    .ARM.Collect$$libinit$$00000005  c_w.l(libinit2.o)
    0x0800031a   0x0800031a   0x00000000   Code   RO         4092    .ARM.Collect$$libinit$$0000000A  c_w.l(libinit2.o)
    0x0800031a   0x0800031a   0x00000000   Code   RO         4094    .ARM.Collect$$libinit$$0000000C  c_w.l(libinit2.o)
    0x0800031a   0x0800031a   0x00000000   Code   RO         4096    .ARM.Collect$$libinit$$0000000E  c_w.l(libinit2.o)
    0x0800031a   0x0800031a   0x00000000   Code   RO         4099    .ARM.Collect$$libinit$$00000011  c_w.l(libinit2.o)
    0x0800031a   0x0800031a   0x00000000   Code   RO         4101    .ARM.Collect$$libinit$$00000013  c_w.l(libinit2.o)
    0x0800031a   0x0800031a   0x00000000   Code   RO         4103    .ARM.Collect$$libinit$$00000015  c_w.l(libinit2.o)
    0x0800031a   0x0800031a   0x00000000   Code   RO         4105    .ARM.Collect$$libinit$$00000017  c_w.l(libinit2.o)
    0x0800031a   0x0800031a   0x00000000   Code   RO         4107    .ARM.Collect$$libinit$$00000019  c_w.l(libinit2.o)
    0x0800031a   0x0800031a   0x00000000   Code   RO         4109    .ARM.Collect$$libinit$$0000001B  c_w.l(libinit2.o)
    0x0800031a   0x0800031a   0x00000000   Code   RO         4111    .ARM.Collect$$libinit$$0000001D  c_w.l(libinit2.o)
    0x0800031a   0x0800031a   0x00000000   Code   RO         4113    .ARM.Collect$$libinit$$0000001F  c_w.l(libinit2.o)
    0x0800031a   0x0800031a   0x00000000   Code   RO         4115    .ARM.Collect$$libinit$$00000021  c_w.l(libinit2.o)
    0x0800031a   0x0800031a   0x00000000   Code   RO         4117    .ARM.Collect$$libinit$$00000023  c_w.l(libinit2.o)
    0x0800031a   0x0800031a   0x00000000   Code   RO         4119    .ARM.Collect$$libinit$$00000025  c_w.l(libinit2.o)
    0x0800031a   0x0800031a   0x00000000   Code   RO         4123    .ARM.Collect$$libinit$$0000002C  c_w.l(libinit2.o)
    0x0800031a   0x0800031a   0x00000000   Code   RO         4125    .ARM.Collect$$libinit$$0000002E  c_w.l(libinit2.o)
    0x0800031a   0x0800031a   0x00000000   Code   RO         4127    .ARM.Collect$$libinit$$00000030  c_w.l(libinit2.o)
    0x0800031a   0x0800031a   0x00000000   Code   RO         4129    .ARM.Collect$$libinit$$00000032  c_w.l(libinit2.o)
    0x0800031a   0x0800031a   0x00000002   Code   RO         4130    .ARM.Collect$$libinit$$00000033  c_w.l(libinit2.o)
    0x0800031c   0x0800031c   0x00000002   Code   RO         4298    .ARM.Collect$$libshutdown$$00000000  c_w.l(libshutdown.o)
    0x0800031e   0x0800031e   0x00000000   Code   RO         4254    .ARM.Collect$$libshutdown$$00000002  c_w.l(libshutdown2.o)
    0x0800031e   0x0800031e   0x00000000   Code   RO         4256    .ARM.Collect$$libshutdown$$00000004  c_w.l(libshutdown2.o)
    0x0800031e   0x0800031e   0x00000000   Code   RO         4259    .ARM.Collect$$libshutdown$$00000007  c_w.l(libshutdown2.o)
    0x0800031e   0x0800031e   0x00000000   Code   RO         4262    .ARM.Collect$$libshutdown$$0000000A  c_w.l(libshutdown2.o)
    0x0800031e   0x0800031e   0x00000000   Code   RO         4264    .ARM.Collect$$libshutdown$$0000000C  c_w.l(libshutdown2.o)
    0x0800031e   0x0800031e   0x00000000   Code   RO         4267    .ARM.Collect$$libshutdown$$0000000F  c_w.l(libshutdown2.o)
    0x0800031e   0x0800031e   0x00000002   Code   RO         4268    .ARM.Collect$$libshutdown$$00000010  c_w.l(libshutdown2.o)
    0x08000320   0x08000320   0x00000000   Code   RO         4047    .ARM.Collect$$rtentry$$00000000  c_w.l(__rtentry.o)
    0x08000320   0x08000320   0x00000000   Code   RO         4137    .ARM.Collect$$rtentry$$00000002  c_w.l(__rtentry2.o)
    0x08000320   0x08000320   0x00000006   Code   RO         4149    .ARM.Collect$$rtentry$$00000004  c_w.l(__rtentry4.o)
    0x08000326   0x08000326   0x00000000   Code   RO         4139    .ARM.Collect$$rtentry$$00000009  c_w.l(__rtentry2.o)
    0x08000326   0x08000326   0x00000004   Code   RO         4140    .ARM.Collect$$rtentry$$0000000A  c_w.l(__rtentry2.o)
    0x0800032a   0x0800032a   0x00000000   Code   RO         4142    .ARM.Collect$$rtentry$$0000000C  c_w.l(__rtentry2.o)
    0x0800032a   0x0800032a   0x00000008   Code   RO         4143    .ARM.Collect$$rtentry$$0000000D  c_w.l(__rtentry2.o)
    0x08000332   0x08000332   0x00000002   Code   RO         4243    .ARM.Collect$$rtexit$$00000000  c_w.l(rtexit.o)
    0x08000334   0x08000334   0x00000000   Code   RO         4272    .ARM.Collect$$rtexit$$00000002  c_w.l(rtexit2.o)
    0x08000334   0x08000334   0x00000004   Code   RO         4273    .ARM.Collect$$rtexit$$00000003  c_w.l(rtexit2.o)
    0x08000338   0x08000338   0x00000006   Code   RO         4274    .ARM.Collect$$rtexit$$00000004  c_w.l(rtexit2.o)
    0x0800033e   0x0800033e   0x00000002   PAD
    0x08000340   0x08000340   0x00000000   Code   RO         4158    .emb_text           c_w.l(maybetermalloc1.o)
    0x08000340   0x08000340   0x00000040   Code   RO            4    .text               startup_stm32h750xx.o
    0x08000380   0x08000380   0x0000005e   Code   RO         3946    .text               c_w.l(h1_alloc.o)
    0x080003de   0x080003de   0x0000004e   Code   RO         3948    .text               c_w.l(h1_free.o)
    0x0800042c   0x0800042c   0x0000004e   Code   RO         4037    .text               c_w.l(rt_memclr_w.o)
    0x0800047a   0x0800047a   0x00000006   Code   RO         4039    .text               c_w.l(heapauxi.o)
    0x08000480   0x08000480   0x00000008   Code   RO         4051    .text               c_w.l(rt_heap_descriptor_intlibspace.o)
    0x08000488   0x08000488   0x00000004   Code   RO         4053    .text               c_w.l(hguard.o)
    0x0800048c   0x0800048c   0x0000008a   Code   RO         4055    .text               c_w.l(init_alloc.o)
    0x08000516   0x08000516   0x0000000e   Code   RO         4059    .text               c_w.l(h1_init.o)
    0x08000524   0x08000524   0x00000008   Code   RO         4133    .text               c_w.l(libspace.o)
    0x0800052c   0x0800052c   0x00000034   Code   RO         4160    .text               c_w.l(h1_extend.o)
    0x08000560   0x08000560   0x0000000e   Code   RO         4198    .text               c_w.l(defsig_rtmem_outer.o)
    0x0800056e   0x0800056e   0x00000002   Code   RO         4214    .text               c_w.l(use_no_semi.o)
    0x08000570   0x08000570   0x00000000   Code   RO         4216    .text               c_w.l(indicate_semi.o)
    0x08000570   0x08000570   0x0000004a   Code   RO         4217    .text               c_w.l(sys_stackheap_outer.o)
    0x080005ba   0x080005ba   0x00000012   Code   RO         4223    .text               c_w.l(exit.o)
    0x080005cc   0x080005cc   0x0000000a   Code   RO         4225    .text               c_w.l(defsig_exit.o)
    0x080005d6   0x080005d6   0x00000002   PAD
    0x080005d8   0x080005d8   0x00000050   Code   RO         4227    .text               c_w.l(defsig_rtmem_inner.o)
    0x08000628   0x08000628   0x0000000c   Code   RO         4241    .text               c_w.l(sys_exit.o)
    0x08000634   0x08000634   0x00000032   Code   RO         4251    .text               c_w.l(defsig_general.o)
    0x08000666   0x08000666   0x0000000e   Code   RO         4269    .text               c_w.l(sys_wrch.o)
    0x08000674   0x08000674   0x00000002   Code   RO          349    i.BusFault_Handler  stm32h7xx_it.o
    0x08000676   0x08000676   0x00000020   Code   RO         1162    i.DCMI_DMAError     stm32h7xx_hal_dcmi.o
    0x08000696   0x08000696   0x00000084   Code   RO         1163    i.DCMI_DMAXferCplt  stm32h7xx_hal_dcmi.o
    0x0800071a   0x0800071a   0x00000002   PAD
    0x0800071c   0x0800071c   0x0000000c   Code   RO          350    i.DCMI_IRQHandler   stm32h7xx_it.o
    0x08000728   0x08000728   0x0000000c   Code   RO          351    i.DMA2_Stream7_IRQHandler  stm32h7xx_it.o
    0x08000734   0x08000734   0x000000b4   Code   RO         1924    i.DMA_CalcBaseAndBitshift  stm32h7xx_hal_dma.o
    0x080007e8   0x080007e8   0x0000009c   Code   RO         1925    i.DMA_CalcDMAMUXChannelBaseAndMask  stm32h7xx_hal_dma.o
    0x08000884   0x08000884   0x00000074   Code   RO         1926    i.DMA_CalcDMAMUXRequestGenBaseAndMask  stm32h7xx_hal_dma.o
    0x080008f8   0x080008f8   0x00000054   Code   RO         1927    i.DMA_CheckFifoParam  stm32h7xx_hal_dma.o
    0x0800094c   0x0800094c   0x000000a0   Code   RO         2040    i.DMA_MultiBufferSetConfig  stm32h7xx_hal_dma_ex.o
    0x080009ec   0x080009ec   0x00000220   Code   RO         1928    i.DMA_SetConfig     stm32h7xx_hal_dma.o
    0x08000c0c   0x08000c0c   0x00000002   Code   RO          352    i.DebugMon_Handler  stm32h7xx_it.o
    0x08000c0e   0x08000c0e   0x00000004   Code   RO           13    i.Error_Handler     main.o
    0x08000c12   0x08000c12   0x00000036   Code   RO         1164    i.HAL_DCMI_ConfigCrop  stm32h7xx_hal_dcmi.o
    0x08000c48   0x08000c48   0x00000030   Code   RO         1168    i.HAL_DCMI_EnableCrop  stm32h7xx_hal_dcmi.o
    0x08000c78   0x08000c78   0x00000002   Code   RO          735    i.HAL_DCMI_ErrorCallback  dcmi_ov2640.o
    0x08000c7a   0x08000c7a   0x00000002   PAD
    0x08000c7c   0x08000c7c   0x00000030   Code   RO          736    i.HAL_DCMI_FrameEventCallback  dcmi_ov2640.o
    0x08000cac   0x08000cac   0x0000009c   Code   RO         1173    i.HAL_DCMI_IRQHandler  stm32h7xx_hal_dcmi.o
    0x08000d48   0x08000d48   0x0000009c   Code   RO         1174    i.HAL_DCMI_Init     stm32h7xx_hal_dcmi.o
    0x08000de4   0x08000de4   0x00000002   Code   RO         1175    i.HAL_DCMI_LineEventCallback  stm32h7xx_hal_dcmi.o
    0x08000de6   0x08000de6   0x00000002   PAD
    0x08000de8   0x08000de8   0x0000015c   Code   RO          224    i.HAL_DCMI_MspInit  dcmi.o
    0x08000f44   0x08000f44   0x000000ec   Code   RO         1179    i.HAL_DCMI_Start_DMA  stm32h7xx_hal_dcmi.o
    0x08001030   0x08001030   0x00000002   Code   RO         1182    i.HAL_DCMI_VsyncEventCallback  stm32h7xx_hal_dcmi.o
    0x08001032   0x08001032   0x00000002   PAD
    0x08001034   0x08001034   0x00000090   Code   RO         2041    i.HAL_DMAEx_ChangeMemory  stm32h7xx_hal_dma_ex.o
    0x080010c4   0x080010c4   0x00000468   Code   RO         2048    i.HAL_DMAEx_MultiBufferStart_IT  stm32h7xx_hal_dma_ex.o
    0x0800152c   0x0800152c   0x00000284   Code   RO         1930    i.HAL_DMA_Abort_IT  stm32h7xx_hal_dma.o
    0x080017b0   0x080017b0   0x000006e8   Code   RO         1934    i.HAL_DMA_IRQHandler  stm32h7xx_hal_dma.o
    0x08001e98   0x08001e98   0x000003c4   Code   RO         1935    i.HAL_DMA_Init      stm32h7xx_hal_dma.o
    0x0800225c   0x0800225c   0x0000029c   Code   RO         1939    i.HAL_DMA_Start_IT  stm32h7xx_hal_dma.o
    0x080024f8   0x080024f8   0x00000024   Code   RO         2638    i.HAL_Delay         stm32h7xx_hal.o
    0x0800251c   0x0800251c   0x0000022c   Code   RO         1777    i.HAL_GPIO_Init     stm32h7xx_hal_gpio.o
    0x08002748   0x08002748   0x0000000a   Code   RO         1779    i.HAL_GPIO_ReadPin  stm32h7xx_hal_gpio.o
    0x08002752   0x08002752   0x0000000a   Code   RO         1781    i.HAL_GPIO_WritePin  stm32h7xx_hal_gpio.o
    0x0800275c   0x0800275c   0x0000000c   Code   RO         2649    i.HAL_GetREVID      stm32h7xx_hal.o
    0x08002768   0x08002768   0x0000000c   Code   RO         2650    i.HAL_GetTick       stm32h7xx_hal.o
    0x08002774   0x08002774   0x00000010   Code   RO         2656    i.HAL_IncTick       stm32h7xx_hal.o
    0x08002784   0x08002784   0x0000005c   Code   RO         2657    i.HAL_Init          stm32h7xx_hal.o
    0x080027e0   0x080027e0   0x00000040   Code   RO         2658    i.HAL_InitTick      stm32h7xx_hal.o
    0x08002820   0x08002820   0x0000001c   Code   RO          437    i.HAL_MspInit       stm32h7xx_hal_msp.o
    0x0800283c   0x0800283c   0x0000001a   Code   RO         1017    i.HAL_NVIC_EnableIRQ  stm32h7xx_hal_cortex.o
    0x08002856   0x08002856   0x00000002   PAD
    0x08002858   0x08002858   0x00000040   Code   RO         1023    i.HAL_NVIC_SetPriority  stm32h7xx_hal_cortex.o
    0x08002898   0x08002898   0x00000024   Code   RO         1024    i.HAL_NVIC_SetPriorityGrouping  stm32h7xx_hal_cortex.o
    0x080028bc   0x080028bc   0x00000054   Code   RO         2378    i.HAL_PWREx_ConfigSupply  stm32h7xx_hal_pwr_ex.o
    0x08002910   0x08002910   0x000009ac   Code   RO         1429    i.HAL_RCCEx_PeriphCLKConfig  stm32h7xx_hal_rcc_ex.o
    0x080032bc   0x080032bc   0x0000025c   Code   RO         1305    i.HAL_RCC_ClockConfig  stm32h7xx_hal_rcc.o
    0x08003518   0x08003518   0x00000138   Code   RO         1314    i.HAL_RCC_GetSysClockFreq  stm32h7xx_hal_rcc.o
    0x08003650   0x08003650   0x00000582   Code   RO         1317    i.HAL_RCC_OscConfig  stm32h7xx_hal_rcc.o
    0x08003bd2   0x08003bd2   0x00000002   PAD
    0x08003bd4   0x08003bd4   0x0000017c   Code   RO         3552    i.HAL_SPI_Init      stm32h7xx_hal_spi.o
    0x08003d50   0x08003d50   0x0000008c   Code   RO          308    i.HAL_SPI_MspInit   spi.o
    0x08003ddc   0x08003ddc   0x00000242   Code   RO         3561    i.HAL_SPI_Transmit  stm32h7xx_hal_spi.o
    0x0800401e   0x0800401e   0x00000026   Code   RO         1028    i.HAL_SYSTICK_Config  stm32h7xx_hal_cortex.o
    0x08004044   0x08004044   0x00000002   Code   RO          353    i.HardFault_Handler  stm32h7xx_it.o
    0x08004046   0x08004046   0x00000002   PAD
    0x08004048   0x08004048   0x00000058   Code   RO          493    i.LCD_Clear         lcd_spi_200.o
    0x080040a0   0x080040a0   0x000001b8   Code   RO          512    i.LCD_Init          lcd_spi_200.o
    0x08004258   0x08004258   0x000000bc   Code   RO          513    i.LCD_SPI_CloseTransfer  lcd_spi_200.o
    0x08004314   0x08004314   0x00000158   Code   RO          514    i.LCD_SPI_Transmit  lcd_spi_200.o
    0x0800446c   0x0800446c   0x00000156   Code   RO          515    i.LCD_SPI_TransmitBuffer  lcd_spi_200.o
    0x080045c2   0x080045c2   0x00000042   Code   RO          516    i.LCD_SPI_WaitOnFlagUntilTimeout  lcd_spi_200.o
    0x08004604   0x08004604   0x00000054   Code   RO          517    i.LCD_SetAddress    lcd_spi_200.o
    0x08004658   0x08004658   0x00000024   Code   RO          519    i.LCD_SetBackColor  lcd_spi_200.o
    0x0800467c   0x0800467c   0x00000024   Code   RO          520    i.LCD_SetColor      lcd_spi_200.o
    0x080046a0   0x080046a0   0x00000068   Code   RO          521    i.LCD_SetDirection  lcd_spi_200.o
    0x08004708   0x08004708   0x00000028   Code   RO          525    i.LCD_WriteCommand  lcd_spi_200.o
    0x08004730   0x08004730   0x00000030   Code   RO          526    i.LCD_WriteData_16bit  lcd_spi_200.o
    0x08004760   0x08004760   0x00000024   Code   RO          527    i.LCD_WriteData_8bit  lcd_spi_200.o
    0x08004784   0x08004784   0x00000048   Code   RO          225    i.MX_DCMI_Init      dcmi.o
    0x080047cc   0x080047cc   0x0000002c   Code   RO          265    i.MX_DMA_Init       dma.o
    0x080047f8   0x080047f8   0x00000114   Code   RO          199    i.MX_GPIO_Init      gpio.o
    0x0800490c   0x0800490c   0x00000058   Code   RO          309    i.MX_SPI4_Init      spi.o
    0x08004964   0x08004964   0x00000002   Code   RO          354    i.MemManage_Handler  stm32h7xx_it.o
    0x08004966   0x08004966   0x00000002   Code   RO          355    i.NMI_Handler       stm32h7xx_it.o
    0x08004968   0x08004968   0x0000001e   Code   RO          737    i.OV2640_Config     dcmi_ov2640.o
    0x08004986   0x08004986   0x00000002   PAD
    0x08004988   0x08004988   0x00000044   Code   RO          738    i.OV2640_DCMI_Crop  dcmi_ov2640.o
    0x080049cc   0x080049cc   0x0000002c   Code   RO          742    i.OV2640_DMA_Transmit_Continuous  dcmi_ov2640.o
    0x080049f8   0x080049f8   0x00000030   Code   RO          744    i.OV2640_Delay      dcmi_ov2640.o
    0x08004a28   0x08004a28   0x00000078   Code   RO          745    i.OV2640_Init       dcmi_ov2640.o
    0x08004aa0   0x08004aa0   0x0000001e   Code   RO          746    i.OV2640_ReadID     dcmi_ov2640.o
    0x08004abe   0x08004abe   0x00000002   PAD
    0x08004ac0   0x08004ac0   0x00000038   Code   RO          747    i.OV2640_Reset      dcmi_ov2640.o
    0x08004af8   0x08004af8   0x0000006c   Code   RO          750    i.OV2640_Set_Effect  dcmi_ov2640.o
    0x08004b64   0x08004b64   0x0000004c   Code   RO          751    i.OV2640_Set_Framesize  dcmi_ov2640.o
    0x08004bb0   0x08004bb0   0x00000002   Code   RO          356    i.PendSV_Handler    stm32h7xx_it.o
    0x08004bb2   0x08004bb2   0x00000002   PAD
    0x08004bb4   0x08004bb4   0x00000120   Code   RO         1432    i.RCCEx_PLL2_Config  stm32h7xx_hal_rcc_ex.o
    0x08004cd4   0x08004cd4   0x00000120   Code   RO         1433    i.RCCEx_PLL3_Config  stm32h7xx_hal_rcc_ex.o
    0x08004df4   0x08004df4   0x0000005c   Code   RO          896    i.SCCB_ACK          sccb.o
    0x08004e50   0x08004e50   0x00000028   Code   RO          897    i.SCCB_Delay        sccb.o
    0x08004e78   0x08004e78   0x00000020   Code   RO          898    i.SCCB_GPIO_Config  sccb.o
    0x08004e98   0x08004e98   0x00000050   Code   RO          899    i.SCCB_NoACK        sccb.o
    0x08004ee8   0x08004ee8   0x0000006c   Code   RO          900    i.SCCB_ReadByte     sccb.o
    0x08004f54   0x08004f54   0x00000034   Code   RO          901    i.SCCB_ReadReg      sccb.o
    0x08004f88   0x08004f88   0x0000004c   Code   RO          903    i.SCCB_Start        sccb.o
    0x08004fd4   0x08004fd4   0x00000054   Code   RO          904    i.SCCB_Stop         sccb.o
    0x08005028   0x08005028   0x0000005c   Code   RO          905    i.SCCB_WaitACK      sccb.o
    0x08005084   0x08005084   0x0000006c   Code   RO          907    i.SCCB_WriteByte    sccb.o
    0x080050f0   0x080050f0   0x0000001c   Code   RO          908    i.SCCB_WriteHandle  sccb.o
    0x0800510c   0x0800510c   0x00000020   Code   RO          910    i.SCCB_WriteReg     sccb.o
    0x0800512c   0x0800512c   0x000000bc   Code   RO         3572    i.SPI_CloseTransfer  stm32h7xx_hal_spi.o
    0x080051e8   0x080051e8   0x00000046   Code   RO         3589    i.SPI_WaitOnFlagUntilTimeout  stm32h7xx_hal_spi.o
    0x0800522e   0x0800522e   0x00000002   Code   RO          357    i.SVC_Handler       stm32h7xx_it.o
    0x08005230   0x08005230   0x00000004   Code   RO          358    i.SysTick_Handler   stm32h7xx_it.o
    0x08005234   0x08005234   0x000000dc   Code   RO           14    i.SystemClock_Config  main.o
    0x08005310   0x08005310   0x000000dc   Code   RO         3907    i.SystemInit        system_stm32h7xx.o
    0x080053ec   0x080053ec   0x00000002   Code   RO          359    i.UsageFault_Handler  stm32h7xx_it.o
    0x080053ee   0x080053ee   0x00000022   Code   RO         1030    i.__NVIC_SetPriority  stm32h7xx_hal_cortex.o
    0x08005410   0x08005410   0x00000064   Code   RO           15    i.main              main.o
    0x08005474   0x08005474   0x000000c0   Code   RO          528    i.show_ov2640_image  lcd_spi_200.o
    0x08005534   0x08005534   0x0000000a   Code   RO         4207    x$fpl$fpinit        fz_wv.l(fpinit.o)
    0x0800553e   0x0800553e   0x000011d0   Data   RO          459    .constdata          lcd_fonts.o
    0x0800670e   0x0800670e   0x0000017a   Data   RO          757    .constdata          dcmi_ov2640.o
    0x08006888   0x08006888   0x00000008   Data   RO         1941    .constdata          stm32h7xx_hal_dma.o
    0x08006890   0x08006890   0x00000010   Data   RO         3908    .constdata          system_stm32h7xx.o
    0x080068a0   0x080068a0   0x00000020   Data   RO         4299    Region$$Table       anon$$obj.o


    Execution Region RW_IRAM1 (Exec base: 0x20000000, Load base: 0x080068c0, Size: 0x000011d0, Max: 0x00020000, ABSOLUTE)

    Exec Addr    Load Addr    Size         Type   Attr      Idx    E Section Name        Object

    0x20000000   0x080068c0   0x0000000c   Data   RW          464    .data               lcd_fonts.o
    0x2000000c   0x080068cc   0x00000008   Data   RW          530    .data               lcd_spi_200.o
    0x20000014   0x080068d4   0x00000008   Data   RW          759    .data               dcmi_ov2640.o
    0x2000001c   0x080068dc   0x0000000c   Data   RW         2679    .data               stm32h7xx_hal.o
    0x20000028   0x080068e8   0x00000008   Data   RW         3909    .data               system_stm32h7xx.o
    0x20000030        -       0x000000c8   Zero   RW          226    .bss                dcmi.o
    0x200000f8        -       0x00000088   Zero   RW          310    .bss                spi.o
    0x20000180        -       0x00000810   Zero   RW          529    .bss                lcd_spi_200.o
    0x20000990        -       0x000001e0   Zero   RW          756    .bss                dcmi_ov2640.o
    0x20000b70        -       0x00000060   Zero   RW         4134    .bss                c_w.l(libspace.o)
    0x20000bd0        -       0x00000200   Zero   RW            2    HEAP                startup_stm32h750xx.o
    0x20000dd0        -       0x00000400   Zero   RW            1    STACK               startup_stm32h750xx.o


==============================================================================

Image component sizes


      Code (inc. data)   RO Data    RW Data    ZI Data      Debug   Object Name

       420         48          0          0        200       2016   dcmi.o
       630         28        378          8        480       8537   dcmi_ov2640.o
        44          4          0          0          0        878   dma.o
       276         18          0          0          0       1155   gpio.o
         0          0       4560         12          0       1668   lcd_fonts.o
      2044         88          0          8       2064      12919   lcd_spi_200.o
       324         22          0          0          0    1243495   main.o
       824         38          0          0          0       7401   sccb.o
       228         22          0          0        136       1861   spi.o
        64         26        664          0       1536        832   startup_stm32h750xx.o
       232         44          0         12          0      23344   stm32h7xx_hal.o
       198         12          0          0          0      39551   stm32h7xx_hal_cortex.o
       818         18          0          0          0       7086   stm32h7xx_hal_dcmi.o
      5124        218          8          0          0      10718   stm32h7xx_hal_dma.o
      1432         56          0          0          0       3413   stm32h7xx_hal_dma_ex.o
       576         50          0          0          0       2935   stm32h7xx_hal_gpio.o
        28          6          0          0          0        918   stm32h7xx_hal_msp.o
        84          6          0          0          0        781   stm32h7xx_hal_pwr_ex.o
      2326         66          0          0          0       5316   stm32h7xx_hal_rcc.o
      3052         52          0          0          0       5267   stm32h7xx_hal_rcc_ex.o
      1216         14          0          0          0       4786   stm32h7xx_hal_spi.o
        44         12          0          0          0       5006   stm32h7xx_it.o
       220         40         16          8          0       1466   system_stm32h7xx.o

    ----------------------------------------------------------------------
     20224        888       5658         48       4416    1391349   Object Totals
         0          0         32          0          0          0   (incl. Generated)
        20          0          0          0          0          0   (incl. Padding)

    ----------------------------------------------------------------------

      Code (inc. data)   RO Data    RW Data    ZI Data      Debug   Library Member Name

         8          0          0          0          0         68   __main.o
         0          0          0          0          0          0   __rtentry.o
        12          0          0          0          0          0   __rtentry2.o
         6          0          0          0          0          0   __rtentry4.o
        52          8          0          0          0          0   __scatter.o
        26          0          0          0          0          0   __scatter_copy.o
        28          0          0          0          0          0   __scatter_zi.o
        10          0          0          0          0         68   defsig_exit.o
        50          0          0          0          0         88   defsig_general.o
        80         58          0          0          0         76   defsig_rtmem_inner.o
        14          0          0          0          0         80   defsig_rtmem_outer.o
        18          0          0          0          0         80   exit.o
        94          0          0          0          0         80   h1_alloc.o
        52          0          0          0          0         68   h1_extend.o
        78          0          0          0          0         80   h1_free.o
        14          0          0          0          0         84   h1_init.o
         6          0          0          0          0        152   heapauxi.o
         4          0          0          0          0        136   hguard.o
         0          0          0          0          0          0   indicate_semi.o
       138          0          0          0          0        168   init_alloc.o
         2          0          0          0          0          0   libinit.o
        14          0          0          0          0          0   libinit2.o
         2          0          0          0          0          0   libshutdown.o
         2          0          0          0          0          0   libshutdown2.o
         8          4          0          0         96         68   libspace.o
         0          0          0          0          0          0   maybetermalloc1.o
         8          4          0          0          0         68   rt_heap_descriptor_intlibspace.o
        78          0          0          0          0         80   rt_memclr_w.o
         2          0          0          0          0          0   rtexit.o
        10          0          0          0          0          0   rtexit2.o
        12          4          0          0          0         68   sys_exit.o
        74          0          0          0          0         80   sys_stackheap_outer.o
        14          0          0          0          0         76   sys_wrch.o
         2          0          0          0          0         68   use_no_semi.o
        10          0          0          0          0        116   fpinit.o

    ----------------------------------------------------------------------
       934         78          0          0         96       1852   Library Totals
         6          0          0          0          0          0   (incl. Padding)

    ----------------------------------------------------------------------

      Code (inc. data)   RO Data    RW Data    ZI Data      Debug   Library Name

       918         78          0          0         96       1736   c_w.l
        10          0          0          0          0        116   fz_wv.l

    ----------------------------------------------------------------------
       934         78          0          0         96       1852   Library Totals

    ----------------------------------------------------------------------

==============================================================================


      Code (inc. data)   RO Data    RW Data    ZI Data      Debug   

     21158        966       5658         48       4512    1382717   Grand Totals
     21158        966       5658         48       4512    1382717   ELF Image Totals
     21158        966       5658         48          0          0   ROM Totals

==============================================================================

    Total RO  Size (Code + RO Data)                26816 (  26.19kB)
    Total RW  Size (RW Data + ZI Data)              4560 (   4.45kB)
    Total ROM Size (Code + RO Data + RW Data)      26864 (  26.23kB)

==============================================================================

