<html>
<body>
<pre>
<h1>µVision Build Log</h1>
<h2>Tool Versions:</h2>
IDE-Version: ¦ÌVision V5.43.1.0
Copyright (C) 2025 ARM Ltd and ARM Germany GmbH. All rights reserved.
License Information: DX Deng
tju
User-based license: Keil MDK Community (non-commercial free of charge)
Valid until: Jun 1 2033. Cached until: Nov 29 2025
 
Tool Versions:
Toolchain:       Keil MDK Community (non-commercial free of charge  Version: 5.43.0.0
Toolchain Path:  D:\keil\ARM\ARMCLANG\Bin
C Compiler:      ArmClang.exe V6.24
Assembler:       Armasm.exe V6.24
Linker/Locator:  ArmLink.exe V6.24
Library Manager: ArmAr.exe V6.24
Hex Converter:   FromElf.exe V6.24
CPU DLL:         SARMCM3.DLL V5.43.0.0
Dialog DLL:      DCM.DLL V1.17.5.0
Target DLL:      STLink\ST-LINKIII-KEIL_SWO.dll V3.3.1.0
Dialog DLL:      TCM.DLL V1.56.6.0
 
<h2>Project:</h2>
D:\DX\SMARTCAR\Smart-Car\MDK-ARM\base_project.uvprojx
Project File Date:  11/22/2025

<h2>Output:</h2>
*** Using Compiler 'V6.24', folder: 'D:\keil\ARM\ARMCLANG\Bin'
Build target 'base_project'
compiling stm32h7xx_hal_hsem.c...
compiling stm32h7xx_hal_rcc.c...
../camera_process/morph_binary_bitpacked.c(259): warning: passing 'const uint32_t *restrict' (aka 'const unsigned int *restrict') to parameter of type 'uint32_t *' (aka 'unsigned int *') discards qualifiers [-Wincompatible-pointer-types-discards-qualifiers]
  259 |     dilate3x3_bitpacked(tmp1_bits, src_bits, width, height);
      |                                    ^~~~~~~~
../camera_process/morph_binary_bitpacked.c(170): note: passing argument to parameter 'dst_bits' here
  170 | void dilate3x3_bitpacked(const uint32_t* RESTRICT src_bits, uint32_t* RESTRICT dst_bits, int width, int height) {
      |                                                                                ^
1 warning generated.
compiling morph_binary_bitpacked.c...
compiling stm32h7xx_hal_cortex.c...
compiling main.c...
compiling stm32h7xx_hal_dcmi.c...
compiling stm32h7xx_hal_flash.c...
compiling stm32h7xx_hal_mdma.c...
compiling stm32h7xx_hal_dma_ex.c...
compiling stm32h7xx_hal_pwr.c...
compiling i2c.c...
compiling lcd_fonts.c...
compiling stm32h7xx_hal_flash_ex.c...
compiling stm32h7xx_hal_msp.c...
compiling dma.c...
compiling dcmi.c...
compiling sccb.c...
compiling usart.c...
compiling stm32h7xx_it.c...
compiling gpio.c...
compiling stm32h7xx_hal_pwr_ex.c...
compiling quadspi.c...
compiling stm32h7xx_hal_gpio.c...
compiling tim.c...
compiling spi.c...
compiling stm32h7xx_hal.c...
compiling dcmi_ov2640.c...
compiling Element_recognition.c...
compiling Binarization.c...
compiling stm32h7xx_hal_rcc_ex.c...
compiling stm32h7xx_hal_i2c_ex.c...
compiling stm32h7xx_ll_delayblock.c...
compiling stm32h7xx_hal_dma.c...
compiling image.c...
compiling lcd_spi_200.c...
compiling stm32h7xx_hal_exti.c...
compiling stm32h7xx_hal_spi_ex.c...
compiling stm32h7xx_hal_uart_ex.c...
compiling system_stm32h7xx.c...
compiling stm32h7xx_hal_qspi.c...
compiling stm32h7xx_hal_spi.c...
compiling stm32h7xx_hal_tim_ex.c...
compiling act_persp.c...
compiling motor.c...
compiling ICM-426688P.c...
compiling control_pid.c...
compiling control.c...
compiling tof.c...
compiling integral.c...
compiling stm32h7xx_hal_uart.c...
compiling ICM42688P_Config.c...
compiling stm32h7xx_hal_i2c.c...
compiling stm32h7xx_hal_tim.c...
compiling LQ_Transfer_Image.c...
linking...
Program Size: Code=72360 RO-data=6308 RW-data=448 ZI-data=65976  
FromELF: creating hex file...
"base_project\base_project.axf" - 0 Error(s), 1 Warning(s).

<h2>Software Packages used:</h2>

Package Vendor: ARM
                https://www.keil.com/pack/ARM.CMSIS.6.2.0.pack
                ARM::CMSIS@6.2.0
                CMSIS (Common Microcontroller Software Interface Standard)
   * Component: CORE Version: 6.1.1

Package Vendor: Keil
                https://www.keil.com/pack/Keil.STM32H7xx_DFP.4.1.2.pack
                Keil::STM32H7xx_DFP@4.1.2
                STMicroelectronics STM32H7 Series Device Support

<h2>Collection of Component include folders:</h2>
  ./RTE/_base_project
  D:/keil/Packs/ARM/CMSIS/6.2.0/CMSIS/Core/Include

<h2>Collection of Component Files used:</h2>

   * Component: ARM::CMSIS:CORE@6.1.1
      Include file:  CMSIS/Core/Include/tz_context.h
Build Time Elapsed:  00:00:03
</pre>
</body>
</html>
