<html>
<body>
<pre>
<h1>µVision Build Log</h1>
<h2>Tool Versions:</h2>
IDE-Version: ¦ÌVision V5.43.1.0
Copyright (C) 2025 ARM Ltd and ARM Germany GmbH. All rights reserved.
License Information: DX Deng
tju
User-based license: Keil MDK Community (non-commercial free of charge)
Valid until: Jun 1 2033. Cached until: Oct 22 2025
 
Tool Versions:
Toolchain:       Keil MDK Community (non-commercial free of charge  Version: 5.43.0.0
Toolchain Path:  D:\keil\ARM\ARMCLANG\Bin
C Compiler:      ArmClang.exe V6.24
Assembler:       Armasm.exe V6.24
Linker/Locator:  ArmLink.exe V6.24
Library Manager: ArmAr.exe V6.24
Hex Converter:   FromElf.exe V6.24
CPU DLL:         SARMCM3.DLL V5.43.0.0
Dialog DLL:      DCM.DLL V1.17.5.0
Target DLL:      STLink\ST-LINKIII-KEIL_SWO.dll V3.3.1.0
Dialog DLL:      TCM.DLL V1.56.6.0
 
<h2>Project:</h2>
C:\Users\28693\Downloads\10.scan_line\10.scan_line\MDK-ARM\base_project.uvprojx
Project File Date:  10/16/2025

<h2>Output:</h2>
*** Using Compiler 'V6.24', folder: 'D:\keil\ARM\ARMCLANG\Bin'
Rebuild target 'base_project'
assembling startup_stm32h750xx.s...
compiling gpio.c...
compiling stm32h7xx_hal_cortex.c...
compiling dcmi.c...
compiling lcd_fonts.c...
compiling memorymap.c...
compiling stm32h7xx_hal_rcc.c...
compiling spi.c...
compiling main.c...
compiling stm32h7xx_hal_mdma.c...
compiling scan_line.c...
compiling stm32h7xx_hal_pwr.c...
compiling dma.c...
compiling stm32h7xx_hal_gpio.c...
compiling stm32h7xx_hal_flash_ex.c...
compiling Binarization.c...
compiling stm32h7xx_hal_hsem.c...
compiling stm32h7xx_hal_pwr_ex.c...
compiling Element_recognition.c...
compiling stm32h7xx_hal_msp.c...
compiling stm32h7xx_it.c...
compiling stm32h7xx_hal_dcmi.c...
compiling stm32h7xx_hal_i2c_ex.c...
compiling stm32h7xx_hal_rcc_ex.c...
compiling stm32h7xx_hal_spi_ex.c...
compiling stm32h7xx_hal.c...
compiling stm32h7xx_hal_exti.c...
compiling stm32h7xx_hal_dma_ex.c...
compiling stm32h7xx_hal_flash.c...
compiling dcmi_ov2640.c...
compiling stm32h7xx_hal_tim.c...
compiling stm32h7xx_hal_tim_ex.c...
compiling system_stm32h7xx.c...
compiling image.c...
compiling stm32h7xx_hal_dma.c...
compiling stm32h7xx_hal_spi.c...
compiling lcd_spi_200.c...
compiling sccb.c...
compiling stm32h7xx_hal_i2c.c...
linking...
Program Size: Code=52108 RO-data=6168 RW-data=28 ZI-data=52332  
FromELF: creating hex file...
"base_project\base_project.axf" - 0 Error(s), 0 Warning(s).

<h2>Software Packages used:</h2>

Package Vendor: ARM
                https://www.keil.com/pack/ARM.CMSIS.6.2.0.pack
                ARM::CMSIS@6.2.0
                CMSIS (Common Microcontroller Software Interface Standard)
   * Component: CORE Version: 6.1.1

Package Vendor: Keil
                https://www.keil.com/pack/Keil.STM32H7xx_DFP.4.1.2.pack
                Keil::STM32H7xx_DFP@4.1.2
                STMicroelectronics STM32H7 Series Device Support

<h2>Collection of Component include folders:</h2>
  ./RTE/_base_project
  D:/keil/Packs/ARM/CMSIS/6.2.0/CMSIS/Core/Include

<h2>Collection of Component Files used:</h2>

   * Component: ARM::CMSIS:CORE@6.1.1
      Include file:  CMSIS/Core/Include/tz_context.h
Build Time Elapsed:  00:00:02
</pre>
</body>
</html>
