Component: Arm Compiler for Embedded 6.24 Tool: armlink [5f371500]

==============================================================================

Section Cross References

    startup_stm32h750xx.o(STACK) refers (Special) to heapauxi.o(.text) for __use_two_region_memory
    startup_stm32h750xx.o(HEAP) refers (Special) to heapauxi.o(.text) for __use_two_region_memory
    startup_stm32h750xx.o(RESET) refers (Special) to heapauxi.o(.text) for __use_two_region_memory
    startup_stm32h750xx.o(RESET) refers to startup_stm32h750xx.o(STACK) for __initial_sp
    startup_stm32h750xx.o(RESET) refers to startup_stm32h750xx.o(.text) for Reset_Handler
    startup_stm32h750xx.o(RESET) refers to stm32h7xx_it.o(.text.NMI_Handler) for NMI_Handler
    startup_stm32h750xx.o(RESET) refers to stm32h7xx_it.o(.text.HardFault_Handler) for HardFault_Handler
    startup_stm32h750xx.o(RESET) refers to stm32h7xx_it.o(.text.MemManage_Handler) for MemManage_Handler
    startup_stm32h750xx.o(RESET) refers to stm32h7xx_it.o(.text.BusFault_Handler) for BusFault_Handler
    startup_stm32h750xx.o(RESET) refers to stm32h7xx_it.o(.text.UsageFault_Handler) for UsageFault_Handler
    startup_stm32h750xx.o(RESET) refers to stm32h7xx_it.o(.text.SVC_Handler) for SVC_Handler
    startup_stm32h750xx.o(RESET) refers to stm32h7xx_it.o(.text.DebugMon_Handler) for DebugMon_Handler
    startup_stm32h750xx.o(RESET) refers to stm32h7xx_it.o(.text.PendSV_Handler) for PendSV_Handler
    startup_stm32h750xx.o(RESET) refers to stm32h7xx_it.o(.text.SysTick_Handler) for SysTick_Handler
    startup_stm32h750xx.o(RESET) refers to stm32h7xx_it.o(.text.TIM3_IRQHandler) for TIM3_IRQHandler
    startup_stm32h750xx.o(RESET) refers to stm32h7xx_it.o(.text.TIM6_DAC_IRQHandler) for TIM6_DAC_IRQHandler
    startup_stm32h750xx.o(RESET) refers to stm32h7xx_it.o(.text.TIM7_IRQHandler) for TIM7_IRQHandler
    startup_stm32h750xx.o(RESET) refers to stm32h7xx_it.o(.text.DMA2_Stream7_IRQHandler) for DMA2_Stream7_IRQHandler
    startup_stm32h750xx.o(RESET) refers to stm32h7xx_it.o(.text.DCMI_IRQHandler) for DCMI_IRQHandler
    startup_stm32h750xx.o(RESET) refers to stm32h7xx_it.o(.text.TIM15_IRQHandler) for TIM15_IRQHandler
    startup_stm32h750xx.o(RESET) refers to stm32h7xx_it.o(.text.TIM16_IRQHandler) for TIM16_IRQHandler
    startup_stm32h750xx.o(.text) refers (Special) to heapauxi.o(.text) for __use_two_region_memory
    startup_stm32h750xx.o(.text) refers to system_stm32h7xx.o(.text.SystemInit) for SystemInit
    startup_stm32h750xx.o(.text) refers to __main.o(!!!main) for __main
    startup_stm32h750xx.o(.text) refers to startup_stm32h750xx.o(HEAP) for Heap_Mem
    startup_stm32h750xx.o(.text) refers to startup_stm32h750xx.o(STACK) for Stack_Mem
    main.o(.text.main) refers to stm32h7xx_hal_cortex.o(.text.HAL_MPU_Disable) for HAL_MPU_Disable
    main.o(.text.main) refers to stm32h7xx_hal_cortex.o(.text.HAL_MPU_ConfigRegion) for HAL_MPU_ConfigRegion
    main.o(.text.main) refers to stm32h7xx_hal_cortex.o(.text.HAL_MPU_Enable) for HAL_MPU_Enable
    main.o(.text.main) refers to stm32h7xx_hal.o(.text.HAL_Init) for HAL_Init
    main.o(.text.main) refers to main.o(.text.SystemClock_Config) for SystemClock_Config
    main.o(.text.main) refers to rt_memclr_w.o(.text) for __aeabi_memclr8
    main.o(.text.main) refers to stm32h7xx_hal_rcc_ex.o(.text.HAL_RCCEx_PeriphCLKConfig) for HAL_RCCEx_PeriphCLKConfig
    main.o(.text.main) refers to gpio.o(.text.MX_GPIO_Init) for MX_GPIO_Init
    main.o(.text.main) refers to dma.o(.text.MX_DMA_Init) for MX_DMA_Init
    main.o(.text.main) refers to spi.o(.text.MX_SPI4_Init) for MX_SPI4_Init
    main.o(.text.main) refers to dcmi.o(.text.MX_DCMI_Init) for MX_DCMI_Init
    main.o(.text.main) refers to tim.o(.text.MX_TIM6_Init) for MX_TIM6_Init
    main.o(.text.main) refers to tim.o(.text.MX_TIM1_Init) for MX_TIM1_Init
    main.o(.text.main) refers to tim.o(.text.MX_TIM2_Init) for MX_TIM2_Init
    main.o(.text.main) refers to tim.o(.text.MX_TIM3_Init) for MX_TIM3_Init
    main.o(.text.main) refers to tim.o(.text.MX_TIM7_Init) for MX_TIM7_Init
    main.o(.text.main) refers to i2c.o(.text.MX_I2C2_Init) for MX_I2C2_Init
    main.o(.text.main) refers to spi.o(.text.MX_SPI2_Init) for MX_SPI2_Init
    main.o(.text.main) refers to quadspi.o(.text.MX_QUADSPI_Init) for MX_QUADSPI_Init
    main.o(.text.main) refers to spi.o(.text.MX_SPI1_Init) for MX_SPI1_Init
    main.o(.text.main) refers to tim.o(.text.MX_TIM5_Init) for MX_TIM5_Init
    main.o(.text.main) refers to tim.o(.text.MX_TIM8_Init) for MX_TIM8_Init
    main.o(.text.main) refers to usart.o(.text.MX_UART4_Init) for MX_UART4_Init
    main.o(.text.main) refers to tim.o(.text.MX_TIM15_Init) for MX_TIM15_Init
    main.o(.text.main) refers to tim.o(.text.MX_TIM16_Init) for MX_TIM16_Init
    main.o(.text.main) refers to tim.o(.text.MX_TIM4_Init) for MX_TIM4_Init
    main.o(.text.main) refers to lq_transfer_image.o(.text.TR_driver_init) for TR_driver_init
[...]
    SAI2_IRQHandler                          0x080003eb   Thumb Code     0  startup_stm32h750xx.o(.text)
    SAI3_IRQHandler                          0x080003eb   Thumb Code     0  startup_stm32h750xx.o(.text)
    SAI4_IRQHandler                          0x080003eb   Thumb Code     0  startup_stm32h750xx.o(.text)
    SDMMC1_IRQHandler                        0x080003eb   Thumb Code     0  startup_stm32h750xx.o(.text)
    SDMMC2_IRQHandler                        0x080003eb   Thumb Code     0  startup_stm32h750xx.o(.text)
    SPDIF_RX_IRQHandler                      0x080003eb   Thumb Code     0  startup_stm32h750xx.o(.text)
    SPI1_IRQHandler                          0x080003eb   Thumb Code     0  startup_stm32h750xx.o(.text)
    SPI2_IRQHandler                          0x080003eb   Thumb Code     0  startup_stm32h750xx.o(.text)
    SPI3_IRQHandler                          0x080003eb   Thumb Code     0  startup_stm32h750xx.o(.text)
    SPI4_IRQHandler                          0x080003eb   Thumb Code     0  startup_stm32h750xx.o(.text)
    SPI5_IRQHandler                          0x080003eb   Thumb Code     0  startup_stm32h750xx.o(.text)
    SPI6_IRQHandler                          0x080003eb   Thumb Code     0  startup_stm32h750xx.o(.text)
    SWPMI1_IRQHandler                        0x080003eb   Thumb Code     0  startup_stm32h750xx.o(.text)
    TAMP_STAMP_IRQHandler                    0x080003eb   Thumb Code     0  startup_stm32h750xx.o(.text)
    TIM17_IRQHandler                         0x080003eb   Thumb Code     0  startup_stm32h750xx.o(.text)
    TIM1_BRK_IRQHandler                      0x080003eb   Thumb Code     0  startup_stm32h750xx.o(.text)
    TIM1_CC_IRQHandler                       0x080003eb   Thumb Code     0  startup_stm32h750xx.o(.text)
    TIM1_TRG_COM_IRQHandler                  0x080003eb   Thumb Code     0  startup_stm32h750xx.o(.text)
    TIM1_UP_IRQHandler                       0x080003eb   Thumb Code     0  startup_stm32h750xx.o(.text)
    TIM2_IRQHandler                          0x080003eb   Thumb Code     0  startup_stm32h750xx.o(.text)
    TIM4_IRQHandler                          0x080003eb   Thumb Code     0  startup_stm32h750xx.o(.text)
    TIM5_IRQHandler                          0x080003eb   Thumb Code     0  startup_stm32h750xx.o(.text)
    TIM8_BRK_TIM12_IRQHandler                0x080003eb   Thumb Code     0  startup_stm32h750xx.o(.text)
    TIM8_CC_IRQHandler                       0x080003eb   Thumb Code     0  startup_stm32h750xx.o(.text)
    TIM8_TRG_COM_TIM14_IRQHandler            0x080003eb   Thumb Code     0  startup_stm32h750xx.o(.text)
    TIM8_UP_TIM13_IRQHandler                 0x080003eb   Thumb Code     0  startup_stm32h750xx.o(.text)
    UART4_IRQHandler                         0x080003eb   Thumb Code     0  startup_stm32h750xx.o(.text)
    UART5_IRQHandler                         0x080003eb   Thumb Code     0  startup_stm32h750xx.o(.text)
    UART7_IRQHandler                         0x080003eb   Thumb Code     0  startup_stm32h750xx.o(.text)
    UART8_IRQHandler                         0x080003eb   Thumb Code     0  startup_stm32h750xx.o(.text)
    USART1_IRQHandler                        0x080003eb   Thumb Code     0  startup_stm32h750xx.o(.text)
    USART2_IRQHandler                        0x080003eb   Thumb Code     0  startup_stm32h750xx.o(.text)
    USART3_IRQHandler                        0x080003eb   Thumb Code     0  startup_stm32h750xx.o(.text)
    USART6_IRQHandler                        0x080003eb   Thumb Code     0  startup_stm32h750xx.o(.text)
    WAKEUP_PIN_IRQHandler                    0x080003eb   Thumb Code     0  startup_stm32h750xx.o(.text)
    WWDG_IRQHandler                          0x080003eb   Thumb Code     0  startup_stm32h750xx.o(.text)
    __user_initial_stackheap                 0x080003ed   Thumb Code     0  startup_stm32h750xx.o(.text)
    __aeabi_uldivmod                         0x08000411   Thumb Code     0  lludivv7m.o(.text)
    _ll_udiv                                 0x08000411   Thumb Code   240  lludivv7m.o(.text)
    __2sprintf                               0x08000501   Thumb Code    38  __2sprintf.o(.text)
    _printf_pre_padding                      0x0800052d   Thumb Code    44  _printf_pad.o(.text)
    _printf_post_padding                     0x08000559   Thumb Code    34  _printf_pad.o(.text)
    _printf_truncate_signed                  0x0800057b   Thumb Code    18  _printf_truncate.o(.text)
    _printf_truncate_unsigned                0x0800058d   Thumb Code    18  _printf_truncate.o(.text)
    _printf_str                              0x0800059f   Thumb Code    82  _printf_str.o(.text)
    _printf_int_dec                          0x080005f1   Thumb Code   104  _printf_dec.o(.text)
    _printf_wctomb                           0x08000669   Thumb Code   182  _printf_wctomb.o(.text)
    _printf_int_oct                          0x08000725   Thumb Code    74  _printf_oct_int.o(.text)
    _printf_longlong_oct                     0x08000725   Thumb Code     0  _printf_oct_int.o(.text)
    _printf_int_hex                          0x08000779   Thumb Code    84  _printf_hex_int.o(.text)
    _printf_longlong_hex                     0x08000779   Thumb Code     0  _printf_hex_int.o(.text)
    __printf                                 0x080007d1   Thumb Code   388  __printf_flags_ss_wp.o(.text)
    __aeabi_memcpy4                          0x08000959   Thumb Code     0  rt_memcpy_w.o(.text)
    __aeabi_memcpy8                          0x08000959   Thumb Code     0  rt_memcpy_w.o(.text)
    __rt_memcpy_w                            0x08000959   Thumb Code   100  rt_memcpy_w.o(.text)
    _memcpy_lastbytes_aligned                0x080009a1   Thumb Code     0  rt_memcpy_w.o(.text)
    __aeabi_memset4                          0x080009bd   Thumb Code    16  aeabi_memset4.o(.text)
    __aeabi_memset8                          0x080009bd   Thumb Code     0  aeabi_memset4.o(.text)
    __aeabi_memclr                           0x080009cd   Thumb Code     0  rt_memclr.o(.text)
    __rt_memclr                              0x080009cd   Thumb Code     0  rt_memclr.o(.text)
    _memset                                  0x080009d1   Thumb Code    64  rt_memclr.o(.text)
    __aeabi_memclr4                          0x08000a11   Thumb Code     0  rt_memclr_w.o(.text)
    __aeabi_memclr8                          0x08000a11   Thumb Code     0  rt_memclr_w.o(.text)
    __rt_memclr_w                            0x08000a11   Thumb Code     0  rt_memclr_w.o(.text)
    _memset_w                                0x08000a15   Thumb Code    74  rt_memclr_w.o(.text)
    __use_two_region_memory                  0x08000a5f   Thumb Code     2  heapauxi.o(.text)
    __rt_heap_escrow$2region                 0x08000a61   Thumb Code     2  heapauxi.o(.text)
    __rt_heap_expand$2region                 0x08000a63   Thumb Code     2  heapauxi.o(.text)
    _printf_int_common                       0x08000a65   Thumb Code   178  _printf_intcommon.o(.text)
    _printf_fp_dec_real                      0x08000cc7   Thumb Code   620  _printf_fp_dec.o(.text)
    _printf_fp_hex_real                      0x08000f35   Thumb Code   756  _printf_fp_hex.o(.text)
    _printf_char_common                      0x0800123b   Thumb Code    32  _printf_char_common.o(.text)
    _sputc                                   0x08001261   Thumb Code    10  _sputc.o(.text)
    _printf_cs_common                        0x0800126b   Thumb Code    20  _printf_char.o(.text)
    _printf_char                             0x0800127f   Thumb Code    16  _printf_char.o(.text)
    _printf_string                           0x0800128f   Thumb Code     8  _printf_char.o(.text)
    _printf_lcs_common                       0x08001297   Thumb Code    20  _printf_wchar.o(.text)
    _printf_wchar                            0x080012ab   Thumb Code    16  _printf_wchar.o(.text)
    _printf_wstring                          0x080012bb   Thumb Code     8  _printf_wchar.o(.text)
    _c16rtomb                                0x080012c3   Thumb Code    72  _c16rtomb.o(.text)
    _wcrtomb                                 0x080012c3   Thumb Code     0  _c16rtomb.o(.text)
    __rt_ctype_table                         0x0800130d   Thumb Code    16  rt_ctype_table.o(.text)
    __rt_locale                              0x0800131d   Thumb Code     8  rt_locale_intlibspace.o(.text)
    _ll_udiv10                               0x08001325   Thumb Code   138  lludiv10.o(.text)
    _printf_fp_infnan                        0x080013b1   Thumb Code   112  _printf_fp_infnan.o(.text)
    _btod_etento                             0x08001431   Thumb Code   224  bigflt0.o(.text)
    __user_libspace                          0x08001515   Thumb Code     8  libspace.o(.text)
    __user_perproc_libspace                  0x08001515   Thumb Code     0  libspace.o(.text)
    __user_perthread_libspace                0x08001515   Thumb Code     0  libspace.o(.text)
    __user_setup_stackheap                   0x0800151d   Thumb Code    74  sys_stackheap_outer.o(.text)
    exit                                     0x08001567   Thumb Code    18  exit.o(.text)
    strcmp                                   0x08001579   Thumb Code   124  strcmpv7m_pel.o(.text)
    _sys_exit                                0x080015f5   Thumb Code     8  sys_exit.o(.text)
    __I$use$semihosting                      0x08001601   Thumb Code     0  use_no_semi.o(.text)
    __use_no_semihosting_swi                 0x08001601   Thumb Code     2  use_no_semi.o(.text)
    __semihosting_library_function           0x08001603   Thumb Code     0  indicate_semi.o(.text)
    BusFault_Handler                         0x08001609   Thumb Code     2  stm32h7xx_it.o(.text.BusFault_Handler)
    DCMI_IRQHandler                          0x08001631   Thumb Code    12  stm32h7xx_it.o(.text.DCMI_IRQHandler)
    DMA2_Stream7_IRQHandler                  0x08001641   Thumb Code    12  stm32h7xx_it.o(.text.DMA2_Stream7_IRQHandler)
    DebugMon_Handler                         0x08001899   Thumb Code     2  stm32h7xx_it.o(.text.DebugMon_Handler)
    Error_Handler                            0x080018a1   Thumb Code    10  main.o(.text.Error_Handler)
    HAL_DCMI_ConfigCrop                      0x080018b1   Thumb Code    66  stm32h7xx_hal_dcmi.o(.text.HAL_DCMI_ConfigCrop)
    HAL_DCMI_EnableCrop                      0x080018f9   Thumb Code    42  stm32h7xx_hal_dcmi.o(.text.HAL_DCMI_EnableCrop)
    HAL_DCMI_ErrorCallback                   0x08001929   Thumb Code     2  dcmi_ov2640.o(.text.HAL_DCMI_ErrorCallback)
    HAL_DCMI_FrameEventCallback              0x08001931   Thumb Code   456  dcmi_ov2640.o(.text.HAL_DCMI_FrameEventCallback)
    HAL_DCMI_IRQHandler                      0x08001af9   Thumb Code   166  stm32h7xx_hal_dcmi.o(.text.HAL_DCMI_IRQHandler)
    HAL_DCMI_Init                            0x08001ba1   Thumb Code   164  stm32h7xx_hal_dcmi.o(.text.HAL_DCMI_Init)
    HAL_DCMI_LineEventCallback               0x08001c49   Thumb Code     2  stm32h7xx_hal_dcmi.o(.text.HAL_DCMI_LineEventCallback)
    HAL_DCMI_MspInit                         0x08001c51   Thumb Code   388  dcmi.o(.text.HAL_DCMI_MspInit)
    HAL_DCMI_VsyncEventCallback              0x08001dd9   Thumb Code     2  stm32h7xx_hal_dcmi.o(.text.HAL_DCMI_VsyncEventCallback)
    HAL_DMAEx_MultiBufferStart_IT            0x08001de1   Thumb Code  1580  stm32h7xx_hal_dma_ex.o(.text.HAL_DMAEx_MultiBufferStart_IT)
    HAL_DMA_Abort_IT                         0x08002411   Thumb Code   694  stm32h7xx_hal_dma.o(.text.HAL_DMA_Abort_IT)
    HAL_DMA_IRQHandler                       0x080026c9   Thumb Code  2072  stm32h7xx_hal_dma.o(.text.HAL_DMA_IRQHandler)
    HAL_DMA_Init                             0x08002ee1   Thumb Code  1630  stm32h7xx_hal_dma.o(.text.HAL_DMA_Init)
    HAL_Delay                                0x08003541   Thumb Code    40  stm32h7xx_hal.o(.text.HAL_Delay)
    HAL_GPIO_Init                            0x08003569   Thumb Code   422  stm32h7xx_hal_gpio.o(.text.HAL_GPIO_Init)
    HAL_GPIO_ReadPin                         0x08003711   Thumb Code    10  stm32h7xx_hal_gpio.o(.text.HAL_GPIO_ReadPin)
    HAL_GPIO_WritePin                        0x08003721   Thumb Code    10  stm32h7xx_hal_gpio.o(.text.HAL_GPIO_WritePin)
    HAL_GetREVID                             0x08003731   Thumb Code    14  stm32h7xx_hal.o(.text.HAL_GetREVID)
    HAL_GetTick                              0x08003741   Thumb Code    12  stm32h7xx_hal.o(.text.HAL_GetTick)
    HAL_I2CEx_ConfigAnalogFilter             0x08003751   Thumb Code    74  stm32h7xx_hal_i2c_ex.o(.text.HAL_I2CEx_ConfigAnalogFilter)
    HAL_I2CEx_ConfigDigitalFilter            0x080037a1   Thumb Code    72  stm32h7xx_hal_i2c_ex.o(.text.HAL_I2CEx_ConfigDigitalFilter)
    HAL_I2C_Init                             0x080037e9   Thumb Code   176  stm32h7xx_hal_i2c.o(.text.HAL_I2C_Init)
    HAL_I2C_MspInit                          0x08003899   Thumb Code   148  i2c.o(.text.HAL_I2C_MspInit)
    HAL_IncTick                              0x08003931   Thumb Code    26  stm32h7xx_hal.o(.text.HAL_IncTick)
    HAL_Init                                 0x08003951   Thumb Code   100  stm32h7xx_hal.o(.text.HAL_Init)
    HAL_InitTick                             0x080039b9   Thumb Code    80  stm32h7xx_hal.o(.text.HAL_InitTick)
    HAL_MPU_ConfigRegion                     0x08003a09   Thumb Code    94  stm32h7xx_hal_cortex.o(.text.HAL_MPU_ConfigRegion)
    HAL_MPU_Disable                          0x08003a69   Thumb Code    26  stm32h7xx_hal_cortex.o(.text.HAL_MPU_Disable)
    HAL_MPU_Enable                           0x08003a89   Thumb Code    32  stm32h7xx_hal_cortex.o(.text.HAL_MPU_Enable)
    HAL_MspInit                              0x08003aa9   Thumb Code    32  stm32h7xx_hal_msp.o(.text.HAL_MspInit)
    HAL_NVIC_EnableIRQ                       0x08003ac9   Thumb Code    34  stm32h7xx_hal_cortex.o(.text.HAL_NVIC_EnableIRQ)
    HAL_NVIC_SetPriority                     0x08003af1   Thumb Code    90  stm32h7xx_hal_cortex.o(.text.HAL_NVIC_SetPriority)
    HAL_NVIC_SetPriorityGrouping             0x08003b51   Thumb Code    32  stm32h7xx_hal_cortex.o(.text.HAL_NVIC_SetPriorityGrouping)
    HAL_PWREx_ConfigSupply                   0x08003b71   Thumb Code    76  stm32h7xx_hal_pwr_ex.o(.text.HAL_PWREx_ConfigSupply)
    HAL_QSPI_Init                            0x08003bc1   Thumb Code   222  stm32h7xx_hal_qspi.o(.text.HAL_QSPI_Init)
    HAL_QSPI_MspInit                         0x08003ca1   Thumb Code   274  quadspi.o(.text.HAL_QSPI_MspInit)
    HAL_RCCEx_GetD3PCLK1Freq                 0x08003db9   Thumb Code    38  stm32h7xx_hal_rcc_ex.o(.text.HAL_RCCEx_GetD3PCLK1Freq)
    HAL_RCCEx_GetPLL2ClockFreq               0x08003de1   Thumb Code   280  stm32h7xx_hal_rcc_ex.o(.text.HAL_RCCEx_GetPLL2ClockFreq)
    HAL_RCCEx_GetPLL3ClockFreq               0x08003f09   Thumb Code   280  stm32h7xx_hal_rcc_ex.o(.text.HAL_RCCEx_GetPLL3ClockFreq)
    HAL_RCCEx_PeriphCLKConfig                0x08004031   Thumb Code  2828  stm32h7xx_hal_rcc_ex.o(.text.HAL_RCCEx_PeriphCLKConfig)
    HAL_RCC_ClockConfig                      0x08004b41   Thumb Code   596  stm32h7xx_hal_rcc.o(.text.HAL_RCC_ClockConfig)
    HAL_RCC_GetHCLKFreq                      0x08004d99   Thumb Code    76  stm32h7xx_hal_rcc.o(.text.HAL_RCC_GetHCLKFreq)
    HAL_RCC_GetPCLK1Freq                     0x08004de9   Thumb Code    96  stm32h7xx_hal_rcc.o(.text.HAL_RCC_GetPCLK1Freq)
    HAL_RCC_GetPCLK2Freq                     0x08004e49   Thumb Code    96  stm32h7xx_hal_rcc.o(.text.HAL_RCC_GetPCLK2Freq)
    HAL_RCC_GetSysClockFreq                  0x08004ea9   Thumb Code   264  stm32h7xx_hal_rcc.o(.text.HAL_RCC_GetSysClockFreq)
    HAL_RCC_OscConfig                        0x08004fc9   Thumb Code  1388  stm32h7xx_hal_rcc.o(.text.HAL_RCC_OscConfig)
    HAL_SPI_Init                             0x08005539   Thumb Code   444  stm32h7xx_hal_spi.o(.text.HAL_SPI_Init)
    HAL_SPI_MspInit                          0x080056f9   Thumb Code   342  spi.o(.text.HAL_SPI_MspInit)
    HAL_SPI_Receive                          0x08005851   Thumb Code   730  stm32h7xx_hal_spi.o(.text.HAL_SPI_Receive)
    HAL_SPI_Transmit                         0x08005b31   Thumb Code   664  stm32h7xx_hal_spi.o(.text.HAL_SPI_Transmit)
    HAL_SYSTICK_Config                       0x08005dc9   Thumb Code    46  stm32h7xx_hal_cortex.o(.text.HAL_SYSTICK_Config)
    HAL_TIMEx_Break2Callback                 0x08005df9   Thumb Code     2  stm32h7xx_hal_tim_ex.o(.text.HAL_TIMEx_Break2Callback)
    HAL_TIMEx_BreakCallback                  0x08005e01   Thumb Code     2  stm32h7xx_hal_tim_ex.o(.text.HAL_TIMEx_BreakCallback)
    HAL_TIMEx_CommutCallback                 0x08005e09   Thumb Code     2  stm32h7xx_hal_tim_ex.o(.text.HAL_TIMEx_CommutCallback)
    HAL_TIMEx_ConfigBreakDeadTime            0x08005e11   Thumb Code   152  stm32h7xx_hal_tim_ex.o(.text.HAL_TIMEx_ConfigBreakDeadTime)
    HAL_TIMEx_MasterConfigSynchronization    0x08005ea9   Thumb Code   206  stm32h7xx_hal_tim_ex.o(.text.HAL_TIMEx_MasterConfigSynchronization)
    HAL_TIM_Base_Init                        0x08005f79   Thumb Code    96  stm32h7xx_hal_tim.o(.text.HAL_TIM_Base_Init)
    HAL_TIM_Base_MspInit                     0x08005fd9   Thumb Code   352  tim.o(.text.HAL_TIM_Base_MspInit)
    HAL_TIM_Base_Start_IT                    0x08006139   Thumb Code   180  stm32h7xx_hal_tim.o(.text.HAL_TIM_Base_Start_IT)
    HAL_TIM_ConfigClockSource                0x080061f1   Thumb Code   512  stm32h7xx_hal_tim.o(.text.HAL_TIM_ConfigClockSource)
    HAL_TIM_Encoder_Init                     0x080063f1   Thumb Code   184  stm32h7xx_hal_tim.o(.text.HAL_TIM_Encoder_Init)
    HAL_TIM_Encoder_MspInit                  0x080064a9   Thumb Code   352  tim.o(.text.HAL_TIM_Encoder_MspInit)
    HAL_TIM_Encoder_Start                    0x08006609   Thumb Code   188  stm32h7xx_hal_tim.o(.text.HAL_TIM_Encoder_Start)
    HAL_TIM_IC_CaptureCallback               0x080066c9   Thumb Code     2  stm32h7xx_hal_tim.o(.text.HAL_TIM_IC_CaptureCallback)
    HAL_TIM_IRQHandler                       0x080066d1   Thumb Code   364  stm32h7xx_hal_tim.o(.text.HAL_TIM_IRQHandler)
    HAL_TIM_OC_DelayElapsedCallback          0x08006841   Thumb Code     2  stm32h7xx_hal_tim.o(.text.HAL_TIM_OC_DelayElapsedCallback)
    HAL_TIM_PWM_ConfigChannel                0x08006849   Thumb Code  1202  stm32h7xx_hal_tim.o(.text.HAL_TIM_PWM_ConfigChannel)
    HAL_TIM_PWM_Init                         0x08006d01   Thumb Code    96  stm32h7xx_hal_tim.o(.text.HAL_TIM_PWM_Init)
    HAL_TIM_PWM_MspInit                      0x08006d61   Thumb Code    48  tim.o(.text.HAL_TIM_PWM_MspInit)
    HAL_TIM_PWM_PulseFinishedCallback        0x08006d91   Thumb Code     2  stm32h7xx_hal_tim.o(.text.HAL_TIM_PWM_PulseFinishedCallback)
    HAL_TIM_PeriodElapsedCallback            0x08006d99   Thumb Code    96  main.o(.text.HAL_TIM_PeriodElapsedCallback)
    HAL_TIM_TriggerCallback                  0x08006df9   Thumb Code     2  stm32h7xx_hal_tim.o(.text.HAL_TIM_TriggerCallback)
    HAL_UARTEx_DisableFifoMode               0x08006e01   Thumb Code    54  stm32h7xx_hal_uart_ex.o(.text.HAL_UARTEx_DisableFifoMode)
    HAL_UARTEx_SetRxFifoThreshold            0x08006e39   Thumb Code   140  stm32h7xx_hal_uart_ex.o(.text.HAL_UARTEx_SetRxFifoThreshold)
    HAL_UARTEx_SetTxFifoThreshold            0x08006ec9   Thumb Code   140  stm32h7xx_hal_uart_ex.o(.text.HAL_UARTEx_SetTxFifoThreshold)
    HAL_UART_Init                            0x08006f59   Thumb Code   100  stm32h7xx_hal_uart.o(.text.HAL_UART_Init)
    HAL_UART_MspInit                         0x08006fc1   Thumb Code   144  usart.o(.text.HAL_UART_MspInit)
    HardFault_Handler                        0x08007051   Thumb Code     2  stm32h7xx_it.o(.text.HardFault_Handler)
    ICM42688P_ReadIMUData                    0x08007059   Thumb Code   288  icm-426688p.o(.text.ICM42688P_ReadIMUData)
    LCD_DisplayChar                          0x08007191   Thumb Code   462  lcd_spi_200.o(.text.LCD_DisplayChar)
    LCD_DisplayNumber                        0x08007361   Thumb Code    88  lcd_spi_200.o(.text.LCD_DisplayNumber)
    LCD_Init                                 0x080073c9   Thumb Code  3298  lcd_spi_200.o(.text.LCD_Init)
    LCD_SPI_CloseTransfer                    0x080080b1   Thumb Code   208  lcd_spi_200.o(.text.LCD_SPI_CloseTransfer)
    LCD_SPI_Transmit                         0x08008181   Thumb Code   366  lcd_spi_200.o(.text.LCD_SPI_Transmit)
    LCD_SPI_TransmitBuffer                   0x080082f1   Thumb Code   358  lcd_spi_200.o(.text.LCD_SPI_TransmitBuffer)
    LCD_SetAddress                           0x08008459   Thumb Code   442  lcd_spi_200.o(.text.LCD_SetAddress)
    LCD_SetDirection                         0x08008619   Thumb Code   492  lcd_spi_200.o(.text.LCD_SetDirection)
    MX_DCMI_Init                             0x08008809   Thumb Code    72  dcmi.o(.text.MX_DCMI_Init)
    MX_DMA_Init                              0x08008851   Thumb Code    52  dma.o(.text.MX_DMA_Init)
    MX_GPIO_Init                             0x08008889   Thumb Code   380  gpio.o(.text.MX_GPIO_Init)
    MX_I2C2_Init                             0x08008a09   Thumb Code   106  i2c.o(.text.MX_I2C2_Init)
    MX_QUADSPI_Init                          0x08008a79   Thumb Code    60  quadspi.o(.text.MX_QUADSPI_Init)
    MX_SPI1_Init                             0x08008ab9   Thumb Code    94  spi.o(.text.MX_SPI1_Init)
    MX_SPI2_Init                             0x08008b19   Thumb Code   106  spi.o(.text.MX_SPI2_Init)
    MX_SPI4_Init                             0x08008b89   Thumb Code    90  spi.o(.text.MX_SPI4_Init)
    MX_TIM15_Init                            0x08008be9   Thumb Code   118  tim.o(.text.MX_TIM15_Init)
    MX_TIM16_Init                            0x08008c61   Thumb Code    56  tim.o(.text.MX_TIM16_Init)
    MX_TIM1_Init                             0x08008c99   Thumb Code   462  tim.o(.text.MX_TIM1_Init)
    MX_TIM2_Init                             0x08008e69   Thumb Code    96  tim.o(.text.MX_TIM2_Init)
    MX_TIM3_Init                             0x08008ec9   Thumb Code   102  tim.o(.text.MX_TIM3_Init)
    MX_TIM4_Init                             0x08008f31   Thumb Code   306  tim.o(.text.MX_TIM4_Init)
    MX_TIM5_Init                             0x08009069   Thumb Code   100  tim.o(.text.MX_TIM5_Init)
    MX_TIM6_Init                             0x080090d1   Thumb Code    80  tim.o(.text.MX_TIM6_Init)
    MX_TIM7_Init                             0x08009121   Thumb Code    82  tim.o(.text.MX_TIM7_Init)
    MX_TIM8_Init                             0x08009179   Thumb Code   438  tim.o(.text.MX_TIM8_Init)
    MX_UART4_Init                            0x08009331   Thumb Code   124  usart.o(.text.MX_UART4_Init)
    MemManage_Handler                        0x080093b1   Thumb Code     2  stm32h7xx_it.o(.text.MemManage_Handler)
    NMI_Handler                              0x080093b9   Thumb Code     2  stm32h7xx_it.o(.text.NMI_Handler)
    OV2640_DMA_Transmit_Continuous           0x080093c1   Thumb Code   108  dcmi_ov2640.o(.text.OV2640_DMA_Transmit_Continuous)
    OV2640_Init                              0x08009431   Thumb Code   734  dcmi_ov2640.o(.text.OV2640_Init)
    OV2640_Reset                             0x08009711   Thumb Code   374  dcmi_ov2640.o(.text.OV2640_Reset)
    PendSV_Handler                           0x08009889   Thumb Code     2  stm32h7xx_it.o(.text.PendSV_Handler)
    SCCB_ACK                                 0x08009ae1   Thumb Code  2850  sccb.o(.text.SCCB_ACK)
    SCCB_GPIO_Config                         0x0800a609   Thumb Code    34  sccb.o(.text.SCCB_GPIO_Config)
    SCCB_NoACK                               0x0800a631   Thumb Code  2840  sccb.o(.text.SCCB_NoACK)
    SCCB_ReadByte                            0x0800b149   Thumb Code  1520  sccb.o(.text.SCCB_ReadByte)
    SCCB_ReadReg                             0x0800b739   Thumb Code    70  sccb.o(.text.SCCB_ReadReg)
    SCCB_Start                               0x0800b781   Thumb Code  2144  sccb.o(.text.SCCB_Start)
    SCCB_Stop                                0x0800bfe1   Thumb Code  2840  sccb.o(.text.SCCB_Stop)
    SCCB_WaitACK                             0x0800caf9   Thumb Code  2858  sccb.o(.text.SCCB_WaitACK)
    SCCB_WriteByte                           0x0800d629   Thumb Code  1508  sccb.o(.text.SCCB_WriteByte)
    SCCB_WriteReg                            0x0800dc11   Thumb Code    42  sccb.o(.text.SCCB_WriteReg)
    SVC_Handler                              0x0800dd11   Thumb Code     2  stm32h7xx_it.o(.text.SVC_Handler)
    Sauvola_Binarization                     0x0800dd19   Thumb Code  1472  binarization.o(.text.Sauvola_Binarization)
    SysTick_Handler                          0x0800e2d9   Thumb Code     4  stm32h7xx_it.o(.text.SysTick_Handler)
    SystemClock_Config                       0x0800e2e1   Thumb Code   228  main.o(.text.SystemClock_Config)
    SystemInit                               0x0800e3c9   Thumb Code   204  system_stm32h7xx.o(.text.SystemInit)
    TIM15_IRQHandler                         0x0800e499   Thumb Code    12  stm32h7xx_it.o(.text.TIM15_IRQHandler)
    TIM16_IRQHandler                         0x0800e4a9   Thumb Code    12  stm32h7xx_it.o(.text.TIM16_IRQHandler)
    TIM3_IRQHandler                          0x0800e4b9   Thumb Code    12  stm32h7xx_it.o(.text.TIM3_IRQHandler)
    TIM6_DAC_IRQHandler                      0x0800e4c9   Thumb Code    12  stm32h7xx_it.o(.text.TIM6_DAC_IRQHandler)
    TIM7_IRQHandler                          0x0800e4d9   Thumb Code    12  stm32h7xx_it.o(.text.TIM7_IRQHandler)
    TIM_Base_SetConfig                       0x0800e4e9   Thumb Code   334  stm32h7xx_hal_tim.o(.text.TIM_Base_SetConfig)
    TR_Write_Image_Pixle                     0x0800e639   Thumb Code  2934  lq_transfer_image.o(.text.TR_Write_Image_Pixle)
    TR_driver_init                           0x0800f1b1   Thumb Code   126  lq_transfer_image.o(.text.TR_driver_init)
    UART_AdvFeatureConfig                    0x0800f231   Thumb Code   224  stm32h7xx_hal_uart.o(.text.UART_AdvFeatureConfig)
    UART_CheckIdleState                      0x0800f311   Thumb Code   366  stm32h7xx_hal_uart.o(.text.UART_CheckIdleState)
    UART_SetConfig                           0x0800f481   Thumb Code  1152  stm32h7xx_hal_uart.o(.text.UART_SetConfig)
    UART_WaitOnFlagUntilTimeout              0x0800f909   Thumb Code   856  stm32h7xx_hal_uart.o(.text.UART_WaitOnFlagUntilTimeout)
    UsageFault_Handler                       0x0800fc61   Thumb Code     2  stm32h7xx_it.o(.text.UsageFault_Handler)
    angal_integeral                          0x0800fc69   Thumb Code    66  integral.o(.text.angal_integeral)
    dilate3x3_bitpacked                      0x0800fcb1   Thumb Code  1166  morph_binary_bitpacked.o(.text.dilate3x3_bitpacked)
    distant_integeral                        0x08010141   Thumb Code    52  integral.o(.text.distant_integeral)
    erode3x3_bitpacked                       0x08010179   Thumb Code  1166  morph_binary_bitpacked.o(.text.erode3x3_bitpacked)
    get_left                                 0x08010609   Thumb Code   828  image.o(.text.get_left)
    get_right                                0x08010949   Thumb Code   528  image.o(.text.get_right)
    get_speed                                0x08010b59   Thumb Code   116  control.o(.text.get_speed)
    image_process                            0x08010bd9   Thumb Code  1850  image.o(.text.image_process)
    main                                     0x08011319   Thumb Code   660  main.o(.text.main)
    morph_clean_u8_binary_adapter            0x080115b1   Thumb Code   764  morph_binary_bitpacked.o(.text.morph_clean_u8_binary_adapter)
    search_l_r                               0x080118b1   Thumb Code  1922  image.o(.text.search_l_r)
    show_ov2640_image                        0x08012039   Thumb Code   846  lcd_spi_200.o(.text.show_ov2640_image)
    _btod_d2e                                0x08012387   Thumb Code    62  btod.o(CL$$btod_d2e)
    _d2e_denorm_low                          0x080123c5   Thumb Code    70  btod.o(CL$$btod_d2e_denorm_low)
    _d2e_norm_op1                            0x0801240b   Thumb Code    96  btod.o(CL$$btod_d2e_norm_op1)
    __btod_div_common                        0x0801246d   Thumb Code   696  btod.o(CL$$btod_div_common)
    _e2e                                     0x080127a5   Thumb Code   220  btod.o(CL$$btod_e2e)
    _btod_ediv                               0x08012881   Thumb Code    42  btod.o(CL$$btod_ediv)
    _btod_emul                               0x080128ab   Thumb Code    42  btod.o(CL$$btod_emul)
    __btod_mult_common                       0x080128d5   Thumb Code   580  btod.o(CL$$btod_mult_common)
    __ARM_fpclassify                         0x08012b19   Thumb Code    48  fpclassify.o(i.__ARM_fpclassify)
    _is_digit                                0x08012b49   Thumb Code    14  __printf_wp.o(i._is_digit)
    _get_lc_numeric                          0x08012b59   Thumb Code    44  lc_numeric_c.o(locale$$code)
    _get_lc_ctype                            0x08012b85   Thumb Code    44  lc_ctype_c.o(locale$$code)
    __aeabi_ul2f                             0x08012bb1   Thumb Code     0  ffltll_clz.o(x$fpl$ffltll)
    _ll_uto_f                                0x08012bb1   Thumb Code     6  ffltll_clz.o(x$fpl$ffltll)
    __aeabi_l2f                              0x08012bb7   Thumb Code     0  ffltll_clz.o(x$fpl$ffltll)
    _ll_sto_f                                0x08012bb7   Thumb Code    90  ffltll_clz.o(x$fpl$ffltll)
    _fp_init                                 0x08012c11   Thumb Code    26  fpinit.o(x$fpl$fpinit)
    __fplib_config_fpu_vfp                   0x08012c29   Thumb Code     0  fpinit.o(x$fpl$fpinit)
    __fplib_config_pureend_doubles           0x08012c29   Thumb Code     0  fpinit.o(x$fpl$fpinit)
    _printf_fp_dec                           0x08012c2b   Thumb Code     4  printf1.o(x$fpl$printf1)
    _printf_fp_hex                           0x08012c2f   Thumb Code     4  printf2.o(x$fpl$printf2)
    __I$use$fp                               0x08012c32   Number         0  usenofp.o(x$fpl$usenofp)
    ASCII_2412_Table                         0x08012d3c   Data        4560  lcd_fonts.o(.rodata.ASCII_2412_Table)
    D1CorePrescTable                         0x08013f0c   Data          16  system_stm32h7xx.o(.rodata.D1CorePrescTable)
    OV2640_SVGA_Config                       0x08013f1c   Data         352  dcmi_ov2640.o(.rodata.OV2640_SVGA_Config)
    UARTPrescTable                           0x0801407c   Data          24  stm32h7xx_hal_uart.o(.rodata.UARTPrescTable)
    Region$$Table$$Base                      0x080140a4   Number         0  anon$$obj.o(Region$$Table)
    Region$$Table$$Limit                     0x080140c4   Number         0  anon$$obj.o(Region$$Table)
    __ctype                                  0x080140ed   Data           0  lc_ctype_c.o(locale$$data)
    last_left_lost_up                        0x20000000   Data           1  image.o(.data..L_MergedGlobals)
    last_right_lost_up                       0x20000001   Data           1  image.o(.data..L_MergedGlobals)
    left_lost_num                            0x20000002   Data           1  image.o(.data..L_MergedGlobals)
    right_lost_num                           0x20000003   Data           1  image.o(.data..L_MergedGlobals)
    uwTickFreq                               0x20000004   Data           1  stm32h7xx_hal.o(.data..L_MergedGlobals)
    uwTickPrio                               0x20000008   Data           4  stm32h7xx_hal.o(.data..L_MergedGlobals)
    SystemCoreClock                          0x2000000c   Data           4  system_stm32h7xx.o(.data..L_MergedGlobals)
    SystemD2Clock                            0x20000010   Data           4  system_stm32h7xx.o(.data..L_MergedGlobals)
    FH                                       0x20000014   Data           4  lq_transfer_image.o(.data..L_MergedGlobals)
    FE                                       0x20000018   Data           4  lq_transfer_image.o(.data..L_MergedGlobals)
    ASCII_Font24                             0x2000001c   Data          12  lcd_fonts.o(.data.ASCII_Font24)
    __libspace_start                         0x20000028   Data          96  libspace.o(.bss)
    __temporary_stack_top$libspace           0x20000088   Data           0  libspace.o(.bss)
    LCD                                      0x20000090   Data          16  lcd_spi_200.o(.bss..L_MergedGlobals)
    DCMI_FrameState                          0x200000a0   Data           1  dcmi_ov2640.o(.bss..L_MergedGlobals)
    OV2640_FPS                               0x200000a2   Data           1  dcmi_ov2640.o(.bss..L_MergedGlobals)
    hightest                                 0x200000a8   Data           1  image.o(.bss..L_MergedGlobals.1)
    last_left_lost_down                      0x200000a9   Data           1  image.o(.bss..L_MergedGlobals.1)
    last_right_lost_down                     0x200000aa   Data           1  image.o(.bss..L_MergedGlobals.1)
    last_left_lost_midstart                  0x200000ab   Data           1  image.o(.bss..L_MergedGlobals.1)
    last_right_lost_midstart                 0x200000ac   Data           1  image.o(.bss..L_MergedGlobals.1)
    last_left_lost_midend                    0x200000ad   Data           1  image.o(.bss..L_MergedGlobals.1)
    last_right_lost_midend                   0x200000ae   Data           1  image.o(.bss..L_MergedGlobals.1)
    start_point_l                            0x200000af   Data           2  image.o(.bss..L_MergedGlobals.1)
    start_point_r                            0x200000b1   Data           2  image.o(.bss..L_MergedGlobals.1)
    data_stastics_l                          0x200000b4   Data           2  image.o(.bss..L_MergedGlobals.1)
    data_stastics_r                          0x200000b6   Data           2  image.o(.bss..L_MergedGlobals.1)
    Grayscale                                0x200000b8   Data       22560  binarization.o(.bss.Grayscale)
    LCD_Buff                                 0x200058d8   Data        2048  lcd_spi_200.o(.bss.LCD_Buff)
    angle_integral                           0x20006c98   Data          12  integral.o(.bss.angle_integral)
    center_line                              0x20006ca4   Data         120  image.o(.bss.center_line)
    control                                  0x20006d1c   Data          24  control.o(.bss.control)
    dir_l                                    0x20006d34   Data         720  image.o(.bss.dir_l)
    dir_r                                    0x20007004   Data         720  image.o(.bss.dir_r)
    distance_integral                        0x200072d4   Data          12  integral.o(.bss.distance_integral)
    hdcmi                                    0x200072e0   Data          80  dcmi.o(.bss.hdcmi)
    hdma_dcmi                                0x20007330   Data         120  dcmi.o(.bss.hdma_dcmi)
    hi2c2                                    0x200073a8   Data          84  i2c.o(.bss.hi2c2)
    hqspi                                    0x200073fc   Data          76  quadspi.o(.bss.hqspi)
    hspi1                                    0x20007448   Data         136  spi.o(.bss.hspi1)
    hspi2                                    0x200074d0   Data         136  spi.o(.bss.hspi2)
    hspi4                                    0x20007558   Data         136  spi.o(.bss.hspi4)
    htim1                                    0x200075e0   Data          76  tim.o(.bss.htim1)
    htim15                                   0x2000762c   Data          76  tim.o(.bss.htim15)
    htim16                                   0x20007678   Data          76  tim.o(.bss.htim16)
    htim2                                    0x200076c4   Data          76  tim.o(.bss.htim2)
    htim3                                    0x20007710   Data          76  tim.o(.bss.htim3)
    htim4                                    0x2000775c   Data          76  tim.o(.bss.htim4)
    htim5                                    0x200077a8   Data          76  tim.o(.bss.htim5)
    htim6                                    0x200077f4   Data          76  tim.o(.bss.htim6)
    htim7                                    0x20007840   Data          76  tim.o(.bss.htim7)
    htim8                                    0x2000788c   Data          76  tim.o(.bss.htim8)
    huart4                                   0x200078d8   Data         148  usart.o(.bss.huart4)
    imo                                      0x2000796c   Data       22560  binarization.o(.bss.imo)
    imu_data                                 0x2000d18c   Data          48  icm-426688p.o(.bss.imu_data)
    l_border                                 0x2000d1bc   Data         120  image.o(.bss.l_border)
    left_lost                                0x2000d234   Data         120  image.o(.bss.left_lost)
    mt9v03x_image                            0x2000d2ac   Data         480  dcmi_ov2640.o(.bss.mt9v03x_image)
    points_l                                 0x2000d84c   Data        1440  image.o(.bss.points_l)
    points_r                                 0x2000ddec   Data        1440  image.o(.bss.points_r)
    r_border                                 0x2000e38c   Data         120  image.o(.bss.r_border)
    right_lost                               0x2000e404   Data         120  image.o(.bss.right_lost)
    uwTick                                   0x2001063c   Data           4  stm32h7xx_hal.o(.bss.uwTick)



==============================================================================

Memory Map of the image

  Image Entry point : 0x08000299

  Load Region LR_IROM1 (Base: 0x08000000, Size: 0x00014218, Max: 0x00020000, ABSOLUTE)

    Execution Region ER_IROM1 (Exec base: 0x08000000, Load base: 0x08000000, Size: 0x000141f0, Max: 0x00020000, ABSOLUTE)

    Exec Addr    Load Addr    Size         Type   Attr      Idx    E Section Name        Object

    0x08000000   0x08000000   0x00000298   Data   RO            3    RESET               startup_stm32h750xx.o
    0x08000298   0x08000298   0x00000008   Code   RO         2591  * !!!main             c_w.l(__main.o)
    0x080002a0   0x080002a0   0x0000005c   Code   RO         2886    !!!scatter          c_w.l(__scatter.o)
    0x080002fc   0x080002fc   0x0000001a   Code   RO         2890    !!handler_copy      c_w.l(__scatter_copy.o)
    0x08000316   0x08000316   0x00000002   PAD
    0x08000318   0x08000318   0x00000002   Code   RO         2887    !!handler_null      c_w.l(__scatter.o)
    0x0800031a   0x0800031a   0x00000002   PAD
    0x0800031c   0x0800031c   0x0000001c   Code   RO         2892    !!handler_zi        c_w.l(__scatter_zi.o)
    0x08000338   0x08000338   0x00000000   Code   RO         2575    .ARM.Collect$$_printf_percent$$00000000  c_w.l(_printf_percent.o)
    0x08000338   0x08000338   0x00000006   Code   RO         2571    .ARM.Collect$$_printf_percent$$00000003  c_w.l(_printf_f.o)
    0x0800033e   0x0800033e   0x00000006   Code   RO         2572    .ARM.Collect$$_printf_percent$$00000004  c_w.l(_printf_e.o)
    0x08000344   0x08000344   0x00000006   Code   RO         2573    .ARM.Collect$$_printf_percent$$00000005  c_w.l(_printf_g.o)
    0x0800034a   0x0800034a   0x00000006   Code   RO         2574    .ARM.Collect$$_printf_percent$$00000006  c_w.l(_printf_a.o)
    0x08000350   0x08000350   0x00000006   Code   RO         2568    .ARM.Collect$$_printf_percent$$00000008  c_w.l(_printf_i.o)
    0x08000356   0x08000356   0x00000006   Code   RO         2569    .ARM.Collect$$_printf_percent$$00000009  c_w.l(_printf_d.o)
    0x0800035c   0x0800035c   0x00000006   Code   RO         2570    .ARM.Collect$$_printf_percent$$0000000A  c_w.l(_printf_u.o)
    0x08000362   0x08000362   0x00000006   Code   RO         2567    .ARM.Collect$$_printf_percent$$0000000B  c_w.l(_printf_o.o)
    0x08000368   0x08000368   0x00000006   Code   RO         2566    .ARM.Collect$$_printf_percent$$0000000C  c_w.l(_printf_x.o)
    0x0800036e   0x0800036e   0x0000000a   Code   RO         2637    .ARM.Collect$$_printf_percent$$00000012  c_w.l(_printf_l.o)
    0x08000378   0x08000378   0x00000006   Code   RO         2565    .ARM.Collect$$_printf_percent$$00000013  c_w.l(_printf_c.o)
    0x0800037e   0x0800037e   0x00000006   Code   RO         2576    .ARM.Collect$$_printf_percent$$00000015  c_w.l(_printf_lc.o)
    0x08000384   0x08000384   0x00000004   Code   RO         2636    .ARM.Collect$$_printf_percent$$00000017  c_w.l(_printf_percent_end.o)
    0x08000388   0x08000388   0x00000002   Code   RO         2749    .ARM.Collect$$libinit$$00000000  c_w.l(libinit.o)
    0x0800038a   0x0800038a   0x00000004   Code   RO         2750    .ARM.Collect$$libinit$$00000001  c_w.l(libinit2.o)
    0x0800038e   0x0800038e   0x00000000   Code   RO         2753    .ARM.Collect$$libinit$$00000004  c_w.l(libinit2.o)
    0x0800038e   0x0800038e   0x00000000   Code   RO         2755    .ARM.Collect$$libinit$$00000006  c_w.l(libinit2.o)
    0x0800038e   0x0800038e   0x00000000   Code   RO         2758    .ARM.Collect$$libinit$$0000000C  c_w.l(libinit2.o)
    0x0800038e   0x0800038e   0x00000000   Code   RO         2760    .ARM.Collect$$libinit$$0000000E  c_w.l(libinit2.o)
    0x0800038e   0x0800038e   0x00000000   Code   RO         2762    .ARM.Collect$$libinit$$00000010  c_w.l(libinit2.o)
    0x0800038e   0x0800038e   0x00000006   Code   RO         2763    .ARM.Collect$$libinit$$00000011  c_w.l(libinit2.o)
    0x08000394   0x08000394   0x00000000   Code   RO         2765    .ARM.Collect$$libinit$$00000013  c_w.l(libinit2.o)
    0x08000394   0x08000394   0x0000000c   Code   RO         2766    .ARM.Collect$$libinit$$00000014  c_w.l(libinit2.o)
    0x080003a0   0x080003a0   0x00000000   Code   RO         2767    .ARM.Collect$$libinit$$00000015  c_w.l(libinit2.o)
    0x080003a0   0x080003a0   0x00000000   Code   RO         2769    .ARM.Collect$$libinit$$00000017  c_w.l(libinit2.o)
    0x080003a0   0x080003a0   0x0000000a   Code   RO         2770    .ARM.Collect$$libinit$$00000018  c_w.l(libinit2.o)
    0x080003aa   0x080003aa   0x00000000   Code   RO         2771    .ARM.Collect$$libinit$$00000019  c_w.l(libinit2.o)
    0x080003aa   0x080003aa   0x00000000   Code   RO         2773    .ARM.Collect$$libinit$$0000001B  c_w.l(libinit2.o)
    0x080003aa   0x080003aa   0x00000000   Code   RO         2775    .ARM.Collect$$libinit$$0000001D  c_w.l(libinit2.o)
    0x080003aa   0x080003aa   0x00000000   Code   RO         2777    .ARM.Collect$$libinit$$0000001F  c_w.l(libinit2.o)
    0x080003aa   0x080003aa   0x00000000   Code   RO         2779    .ARM.Collect$$libinit$$00000021  c_w.l(libinit2.o)
    0x080003aa   0x080003aa   0x00000000   Code   RO         2781    .ARM.Collect$$libinit$$00000023  c_w.l(libinit2.o)
    0x080003aa   0x080003aa   0x00000000   Code   RO         2783    .ARM.Collect$$libinit$$00000025  c_w.l(libinit2.o)
    0x080003aa   0x080003aa   0x00000000   Code   RO         2785    .ARM.Collect$$libinit$$00000027  c_w.l(libinit2.o)
    0x080003aa   0x080003aa   0x00000000   Code   RO         2789    .ARM.Collect$$libinit$$0000002E  c_w.l(libinit2.o)
    0x080003aa   0x080003aa   0x00000000   Code   RO         2791    .ARM.Collect$$libinit$$00000030  c_w.l(libinit2.o)
    0x080003aa   0x080003aa   0x00000000   Code   RO         2793    .ARM.Collect$$libinit$$00000032  c_w.l(libinit2.o)
    0x080003aa   0x080003aa   0x00000000   Code   RO         2795    .ARM.Collect$$libinit$$00000034  c_w.l(libinit2.o)
    0x080003aa   0x080003aa   0x00000002   Code   RO         2796    .ARM.Collect$$libinit$$00000035  c_w.l(libinit2.o)
    0x080003ac   0x080003ac   0x00000002   Code   RO         2851    .ARM.Collect$$libshutdown$$00000000  c_w.l(libshutdown.o)
    0x080003ae   0x080003ae   0x00000000   Code   RO         2869    .ARM.Collect$$libshutdown$$00000002  c_w.l(libshutdown2.o)
    0x080003ae   0x080003ae   0x00000000   Code   RO         2871    .ARM.Collect$$libshutdown$$00000004  c_w.l(libshutdown2.o)
    0x080003ae   0x080003ae   0x00000000   Code   RO         2874    .ARM.Collect$$libshutdown$$00000007  c_w.l(libshutdown2.o)
    0x080003ae   0x080003ae   0x00000000   Code   RO         2877    .ARM.Collect$$libshutdown$$0000000A  c_w.l(libshutdown2.o)
    0x080003ae   0x080003ae   0x00000000   Code   RO         2879    .ARM.Collect$$libshutdown$$0000000C  c_w.l(libshutdown2.o)
    0x080003ae   0x080003ae   0x00000000   Code   RO         2882    .ARM.Collect$$libshutdown$$0000000F  c_w.l(libshutdown2.o)
    0x080003ae   0x080003ae   0x00000002   Code   RO         2883    .ARM.Collect$$libshutdown$$00000010  c_w.l(libshutdown2.o)
    0x080003b0   0x080003b0   0x00000000   Code   RO         2610    .ARM.Collect$$rtentry$$00000000  c_w.l(__rtentry.o)
    0x080003b0   0x080003b0   0x00000000   Code   RO         2660    .ARM.Collect$$rtentry$$00000002  c_w.l(__rtentry2.o)
    0x080003b0   0x080003b0   0x00000006   Code   RO         2672    .ARM.Collect$$rtentry$$00000004  c_w.l(__rtentry4.o)
    0x080003b6   0x080003b6   0x00000000   Code   RO         2662    .ARM.Collect$$rtentry$$00000009  c_w.l(__rtentry2.o)
    0x080003b6   0x080003b6   0x00000004   Code   RO         2663    .ARM.Collect$$rtentry$$0000000A  c_w.l(__rtentry2.o)
    0x080003ba   0x080003ba   0x00000000   Code   RO         2665    .ARM.Collect$$rtentry$$0000000C  c_w.l(__rtentry2.o)
    0x080003ba   0x080003ba   0x00000008   Code   RO         2666    .ARM.Collect$$rtentry$$0000000D  c_w.l(__rtentry2.o)
    0x080003c2   0x080003c2   0x00000002   Code   RO         2797    .ARM.Collect$$rtexit$$00000000  c_w.l(rtexit.o)
    0x080003c4   0x080003c4   0x00000000   Code   RO         2816    .ARM.Collect$$rtexit$$00000002  c_w.l(rtexit2.o)
    0x080003c4   0x080003c4   0x00000004   Code   RO         2817    .ARM.Collect$$rtexit$$00000003  c_w.l(rtexit2.o)
    0x080003c8   0x080003c8   0x00000006   Code   RO         2818    .ARM.Collect$$rtexit$$00000004  c_w.l(rtexit2.o)
    0x080003ce   0x080003ce   0x00000002   PAD
    0x080003d0   0x080003d0   0x00000040   Code   RO            4    .text               startup_stm32h750xx.o
    0x08000410   0x08000410   0x000000f0   Code   RO         2495    .text               c_w.l(lludivv7m.o)
    0x08000500   0x08000500   0x0000002c   Code   RO         2497    .text               c_w.l(__2sprintf.o)
    0x0800052c   0x0800052c   0x0000004e   Code   RO         2507    .text               c_w.l(_printf_pad.o)
    0x0800057a   0x0800057a   0x00000024   Code   RO         2509    .text               c_w.l(_printf_truncate.o)
    0x0800059e   0x0800059e   0x00000052   Code   RO         2511    .text               c_w.l(_printf_str.o)
    0x080005f0   0x080005f0   0x00000078   Code   RO         2513    .text               c_w.l(_printf_dec.o)
    0x08000668   0x08000668   0x000000bc   Code   RO         2515    .text               c_w.l(_printf_wctomb.o)
    0x08000724   0x08000724   0x00000054   Code   RO         2520    .text               c_w.l(_printf_oct_int.o)
    0x08000778   0x08000778   0x00000058   Code   RO         2527    .text               c_w.l(_printf_hex_int.o)
    0x080007d0   0x080007d0   0x00000188   Code   RO         2562    .text               c_w.l(__printf_flags_ss_wp.o)
    0x08000958   0x08000958   0x00000064   Code   RO         2581    .text               c_w.l(rt_memcpy_w.o)
    0x080009bc   0x080009bc   0x00000010   Code   RO         2583    .text               c_w.l(aeabi_memset4.o)
    0x080009cc   0x080009cc   0x00000044   Code   RO         2585    .text               c_w.l(rt_memclr.o)
    0x08000a10   0x08000a10   0x0000004e   Code   RO         2587    .text               c_w.l(rt_memclr_w.o)
    0x08000a5e   0x08000a5e   0x00000006   Code   RO         2589    .text               c_w.l(heapauxi.o)
    0x08000a64   0x08000a64   0x000000b2   Code   RO         2617    .text               c_w.l(_printf_intcommon.o)
    0x08000b16   0x08000b16   0x0000041c   Code   RO         2619    .text               c_w.l(_printf_fp_dec.o)
    0x08000f32   0x08000f32   0x00000002   PAD
    0x08000f34   0x08000f34   0x000002fc   Code   RO         2623    .text               c_w.l(_printf_fp_hex.o)
    0x08001230   0x08001230   0x00000030   Code   RO         2626    .text               c_w.l(_printf_char_common.o)
    0x08001260   0x08001260   0x0000000a   Code   RO         2628    .text               c_w.l(_sputc.o)
    0x0800126a   0x0800126a   0x0000002c   Code   RO         2632    .text               c_w.l(_printf_char.o)
    0x08001296   0x08001296   0x0000002c   Code   RO         2634    .text               c_w.l(_printf_wchar.o)
    0x080012c2   0x080012c2   0x00000048   Code   RO         2638    .text               c_w.l(_c16rtomb.o)
    0x0800130a   0x0800130a   0x00000002   PAD
    0x0800130c   0x0800130c   0x00000010   Code   RO         2674    .text               c_w.l(rt_ctype_table.o)
    0x0800131c   0x0800131c   0x00000008   Code   RO         2681    .text               c_w.l(rt_locale_intlibspace.o)
    0x08001324   0x08001324   0x0000008a   Code   RO         2688    .text               c_w.l(lludiv10.o)
    0x080013ae   0x080013ae   0x00000002   PAD
    0x080013b0   0x080013b0   0x00000080   Code   RO         2690    .text               c_w.l(_printf_fp_infnan.o)
    0x08001430   0x08001430   0x000000e4   Code   RO         2694    .text               c_w.l(bigflt0.o)
    0x08001514   0x08001514   0x00000008   Code   RO         2726    .text               c_w.l(libspace.o)
    0x0800151c   0x0800151c   0x0000004a   Code   RO         2729    .text               c_w.l(sys_stackheap_outer.o)
    0x08001566   0x08001566   0x00000012   Code   RO         2736    .text               c_w.l(exit.o)
    0x08001578   0x08001578   0x0000007c   Code   RO         2742    .text               c_w.l(strcmpv7m_pel.o)
    0x080015f4   0x080015f4   0x0000000c   Code   RO         2811    .text               c_w.l(sys_exit.o)
    0x08001600   0x08001600   0x00000002   Code   RO         2838    .text               c_w.l(use_no_semi.o)
    0x08001602   0x08001602   0x00000000   Code   RO         2840    .text               c_w.l(indicate_semi.o)
    0x08001602   0x08001602   0x00000006   PAD
    0x08001608   0x08001608   0x00000002   Code   RO          190    .text.BusFault_Handler  stm32h7xx_it.o
    0x0800160a   0x0800160a   0x00000006   PAD
    0x08001610   0x08001610   0x0000001c   Code   RO          640    .text.DCMI_DMAError  stm32h7xx_hal_dcmi.o
    0x0800162c   0x0800162c   0x00000004   PAD
    0x08001630   0x08001630   0x0000000c   Code   RO          210    .text.DCMI_IRQHandler  stm32h7xx_it.o
    0x0800163c   0x0800163c   0x00000004   PAD
    0x08001640   0x08001640   0x0000000c   Code   RO          208    .text.DMA2_Stream7_IRQHandler  stm32h7xx_it.o
    0x0800164c   0x0800164c   0x00000004   PAD
    0x08001650   0x08001650   0x00000128   Code   RO          895    .text.DMA_CalcBaseAndBitshift  stm32h7xx_hal_dma.o
    0x08001778   0x08001778   0x0000011a   Code   RO          931    .text.DMA_MultiBufferSetConfig  stm32h7xx_hal_dma_ex.o
    0x08001892   0x08001892   0x00000006   PAD
    0x08001898   0x08001898   0x00000002   Code   RO          196    .text.DebugMon_Handler  stm32h7xx_it.o
    0x0800189a   0x0800189a   0x00000006   PAD
    0x080018a0   0x080018a0   0x0000000a   Code   RO           19    .text.Error_Handler  main.o
    0x080018aa   0x080018aa   0x00000006   PAD
    0x080018b0   0x080018b0   0x00000042   Code   RO          658    .text.HAL_DCMI_ConfigCrop  stm32h7xx_hal_dcmi.o
    0x080018f2   0x080018f2   0x00000006   PAD
    0x080018f8   0x080018f8   0x0000002a   Code   RO          662    .text.HAL_DCMI_EnableCrop  stm32h7xx_hal_dcmi.o
    0x08001922   0x08001922   0x00000006   PAD
    0x08001928   0x08001928   0x00000002   Code   RO          373    .text.HAL_DCMI_ErrorCallback  dcmi_ov2640.o
    0x0800192a   0x0800192a   0x00000006   PAD
    0x08001930   0x08001930   0x000001c8   Code   RO          371    .text.HAL_DCMI_FrameEventCallback  dcmi_ov2640.o
    0x08001af8   0x08001af8   0x000000a6   Code   RO          648    .text.HAL_DCMI_IRQHandler  stm32h7xx_hal_dcmi.o
    0x08001b9e   0x08001b9e   0x00000002   PAD
    0x08001ba0   0x08001ba0   0x000000a4   Code   RO          628    .text.HAL_DCMI_Init  stm32h7xx_hal_dcmi.o
    0x08001c44   0x08001c44   0x00000004   PAD
    0x08001c48   0x08001c48   0x00000002   Code   RO          650    .text.HAL_DCMI_LineEventCallback  stm32h7xx_hal_dcmi.o
    0x08001c4a   0x08001c4a   0x00000006   PAD
    0x08001c50   0x08001c50   0x00000184   Code   RO           43    .text.HAL_DCMI_MspInit  dcmi.o
    0x08001dd4   0x08001dd4   0x00000004   PAD
    0x08001dd8   0x08001dd8   0x00000002   Code   RO          652    .text.HAL_DCMI_VsyncEventCallback  stm32h7xx_hal_dcmi.o
    0x08001dda   0x08001dda   0x00000006   PAD
    0x08001de0   0x08001de0   0x0000062c   Code   RO          933    .text.HAL_DMAEx_MultiBufferStart_IT  stm32h7xx_hal_dma_ex.o
    0x0800240c   0x0800240c   0x00000004   PAD
    0x08002410   0x08002410   0x000002b6   Code   RO          907    .text.HAL_DMA_Abort_IT  stm32h7xx_hal_dma.o
    0x080026c6   0x080026c6   0x00000002   PAD
    0x080026c8   0x080026c8   0x00000818   Code   RO          911    .text.HAL_DMA_IRQHandler  stm32h7xx_hal_dma.o
    0x08002ee0   0x08002ee0   0x0000065e   Code   RO          893    .text.HAL_DMA_Init  stm32h7xx_hal_dma.o
    0x0800353e   0x0800353e   0x00000002   PAD
    0x08003540   0x08003540   0x00000028   Code   RO         1151    .text.HAL_Delay     stm32h7xx_hal.o
    0x08003568   0x08003568   0x000001a6   Code   RO          839    .text.HAL_GPIO_Init  stm32h7xx_hal_gpio.o
    0x0800370e   0x0800370e   0x00000002   PAD
    0x08003710   0x08003710   0x0000000a   Code   RO          843    .text.HAL_GPIO_ReadPin  stm32h7xx_hal_gpio.o
    0x0800371a   0x0800371a   0x00000006   PAD
    0x08003720   0x08003720   0x0000000a   Code   RO          845    .text.HAL_GPIO_WritePin  stm32h7xx_hal_gpio.o
    0x0800372a   0x0800372a   0x00000006   PAD
    0x08003730   0x08003730   0x0000000e   Code   RO         1159    .text.HAL_GetREVID  stm32h7xx_hal.o
    0x0800373e   0x0800373e   0x00000002   PAD
    0x08003740   0x08003740   0x0000000c   Code   RO         1143    .text.HAL_GetTick   stm32h7xx_hal.o
    0x0800374c   0x0800374c   0x00000004   PAD
    0x08003750   0x08003750   0x0000004a   Code   RO         1391    .text.HAL_I2CEx_ConfigAnalogFilter  stm32h7xx_hal_i2c_ex.o
    0x0800379a   0x0800379a   0x00000006   PAD
    0x080037a0   0x080037a0   0x00000048   Code   RO         1393    .text.HAL_I2CEx_ConfigDigitalFilter  stm32h7xx_hal_i2c_ex.o
    0x080037e8   0x080037e8   0x000000b0   Code   RO         1237    .text.HAL_I2C_Init  stm32h7xx_hal_i2c.o
    0x08003898   0x08003898   0x00000094   Code   RO           68    .text.HAL_I2C_MspInit  i2c.o
    0x0800392c   0x0800392c   0x00000004   PAD
    0x08003930   0x08003930   0x0000001a   Code   RO         1141    .text.HAL_IncTick   stm32h7xx_hal.o
    0x0800394a   0x0800394a   0x00000006   PAD
    0x08003950   0x08003950   0x00000064   Code   RO         1131    .text.HAL_Init      stm32h7xx_hal.o
    0x080039b4   0x080039b4   0x00000004   PAD
    0x080039b8   0x080039b8   0x00000050   Code   RO         1133    .text.HAL_InitTick  stm32h7xx_hal.o
    0x08003a08   0x08003a08   0x0000005e   Code   RO          598    .text.HAL_MPU_ConfigRegion  stm32h7xx_hal_cortex.o
    0x08003a66   0x08003a66   0x00000002   PAD
    0x08003a68   0x08003a68   0x0000001a   Code   RO          590    .text.HAL_MPU_Disable  stm32h7xx_hal_cortex.o
    0x08003a82   0x08003a82   0x00000006   PAD
    0x08003a88   0x08003a88   0x00000020   Code   RO          592    .text.HAL_MPU_Enable  stm32h7xx_hal_cortex.o
    0x08003aa8   0x08003aa8   0x00000020   Code   RO          223    .text.HAL_MspInit   stm32h7xx_hal_msp.o
    0x08003ac8   0x08003ac8   0x00000022   Code   RO          580    .text.HAL_NVIC_EnableIRQ  stm32h7xx_hal_cortex.o
    0x08003aea   0x08003aea   0x00000006   PAD
    0x08003af0   0x08003af0   0x0000005a   Code   RO          578    .text.HAL_NVIC_SetPriority  stm32h7xx_hal_cortex.o
    0x08003b4a   0x08003b4a   0x00000006   PAD
    0x08003b50   0x08003b50   0x00000020   Code   RO          576    .text.HAL_NVIC_SetPriorityGrouping  stm32h7xx_hal_cortex.o
    0x08003b70   0x08003b70   0x0000004c   Code   RO         1043    .text.HAL_PWREx_ConfigSupply  stm32h7xx_hal_pwr_ex.o
    0x08003bbc   0x08003bbc   0x00000004   PAD
    0x08003bc0   0x08003bc0   0x000000de   Code   RO         1437    .text.HAL_QSPI_Init  stm32h7xx_hal_qspi.o
    0x08003c9e   0x08003c9e   0x00000002   PAD
    0x08003ca0   0x08003ca0   0x00000112   Code   RO           83    .text.HAL_QSPI_MspInit  quadspi.o
    0x08003db2   0x08003db2   0x00000006   PAD
    0x08003db8   0x08003db8   0x00000026   Code   RO          730    .text.HAL_RCCEx_GetD3PCLK1Freq  stm32h7xx_hal_rcc_ex.o
    0x08003dde   0x08003dde   0x00000002   PAD
    0x08003de0   0x08003de0   0x00000128   Code   RO          726    .text.HAL_RCCEx_GetPLL2ClockFreq  stm32h7xx_hal_rcc_ex.o
    0x08003f08   0x08003f08   0x00000128   Code   RO          728    .text.HAL_RCCEx_GetPLL3ClockFreq  stm32h7xx_hal_rcc_ex.o
    0x08004030   0x08004030   0x00000b0c   Code   RO          714    .text.HAL_RCCEx_PeriphCLKConfig  stm32h7xx_hal_rcc_ex.o
    0x08004b3c   0x08004b3c   0x00000004   PAD
    0x08004b40   0x08004b40   0x00000254   Code   RO          682    .text.HAL_RCC_ClockConfig  stm32h7xx_hal_rcc.o
    0x08004d94   0x08004d94   0x00000004   PAD
    0x08004d98   0x08004d98   0x0000004c   Code   RO          692    .text.HAL_RCC_GetHCLKFreq  stm32h7xx_hal_rcc.o
    0x08004de4   0x08004de4   0x00000004   PAD
    0x08004de8   0x08004de8   0x00000060   Code   RO          694    .text.HAL_RCC_GetPCLK1Freq  stm32h7xx_hal_rcc.o
    0x08004e48   0x08004e48   0x00000060   Code   RO          696    .text.HAL_RCC_GetPCLK2Freq  stm32h7xx_hal_rcc.o
    0x08004ea8   0x08004ea8   0x0000011c   Code   RO          684    .text.HAL_RCC_GetSysClockFreq  stm32h7xx_hal_rcc.o
    0x08004fc4   0x08004fc4   0x00000004   PAD
    0x08004fc8   0x08004fc8   0x0000056c   Code   RO          680    .text.HAL_RCC_OscConfig  stm32h7xx_hal_rcc.o
    0x08005534   0x08005534   0x00000004   PAD
    0x08005538   0x08005538   0x000001bc   Code   RO         1533    .text.HAL_SPI_Init  stm32h7xx_hal_spi.o
    0x080056f4   0x080056f4   0x00000004   PAD
    0x080056f8   0x080056f8   0x00000156   Code   RO          102    .text.HAL_SPI_MspInit  spi.o
    0x0800584e   0x0800584e   0x00000002   PAD
    0x08005850   0x08005850   0x000002da   Code   RO         1545    .text.HAL_SPI_Receive  stm32h7xx_hal_spi.o
    0x08005b2a   0x08005b2a   0x00000006   PAD
    0x08005b30   0x08005b30   0x00000298   Code   RO         1541    .text.HAL_SPI_Transmit  stm32h7xx_hal_spi.o
    0x08005dc8   0x08005dc8   0x0000002e   Code   RO          588    .text.HAL_SYSTICK_Config  stm32h7xx_hal_cortex.o
    0x08005df6   0x08005df6   0x00000002   PAD
    0x08005df8   0x08005df8   0x00000002   Code   RO         1962    .text.HAL_TIMEx_Break2Callback  stm32h7xx_hal_tim_ex.o
    0x08005dfa   0x08005dfa   0x00000006   PAD
    0x08005e00   0x08005e00   0x00000002   Code   RO         1960    .text.HAL_TIMEx_BreakCallback  stm32h7xx_hal_tim_ex.o
    0x08005e02   0x08005e02   0x00000006   PAD
    0x08005e08   0x08005e08   0x00000002   Code   RO         1956    .text.HAL_TIMEx_CommutCallback  stm32h7xx_hal_tim_ex.o
    0x08005e0a   0x08005e0a   0x00000006   PAD
    0x08005e10   0x08005e10   0x00000098   Code   RO         1946    .text.HAL_TIMEx_ConfigBreakDeadTime  stm32h7xx_hal_tim_ex.o
    0x08005ea8   0x08005ea8   0x000000ce   Code   RO         1944    .text.HAL_TIMEx_MasterConfigSynchronization  stm32h7xx_hal_tim_ex.o
    0x08005f76   0x08005f76   0x00000002   PAD
    0x08005f78   0x08005f78   0x00000060   Code   RO         1649    .text.HAL_TIM_Base_Init  stm32h7xx_hal_tim.o
    0x08005fd8   0x08005fd8   0x00000160   Code   RO          139    .text.HAL_TIM_Base_MspInit  tim.o
    0x08006138   0x08006138   0x000000b4   Code   RO         1663    .text.HAL_TIM_Base_Start_IT  stm32h7xx_hal_tim.o
    0x080061ec   0x080061ec   0x00000004   PAD
    0x080061f0   0x080061f0   0x00000200   Code   RO         1829    .text.HAL_TIM_ConfigClockSource  stm32h7xx_hal_tim.o
    0x080063f0   0x080063f0   0x000000b8   Code   RO         1763    .text.HAL_TIM_Encoder_Init  stm32h7xx_hal_tim.o
    0x080064a8   0x080064a8   0x00000160   Code   RO          141    .text.HAL_TIM_Encoder_MspInit  tim.o
    0x08006608   0x08006608   0x000000bc   Code   RO         1771    .text.HAL_TIM_Encoder_Start  stm32h7xx_hal_tim.o
    0x080066c4   0x080066c4   0x00000004   PAD
    0x080066c8   0x080066c8   0x00000002   Code   RO         1785    .text.HAL_TIM_IC_CaptureCallback  stm32h7xx_hal_tim.o
    0x080066ca   0x080066ca   0x00000006   PAD
    0x080066d0   0x080066d0   0x0000016c   Code   RO         1783    .text.HAL_TIM_IRQHandler  stm32h7xx_hal_tim.o
    0x0800683c   0x0800683c   0x00000004   PAD
    0x08006840   0x08006840   0x00000002   Code   RO         1787    .text.HAL_TIM_OC_DelayElapsedCallback  stm32h7xx_hal_tim.o
    0x08006842   0x08006842   0x00000006   PAD
    0x08006848   0x08006848   0x000004b2   Code   RO         1803    .text.HAL_TIM_PWM_ConfigChannel  stm32h7xx_hal_tim.o
    0x08006cfa   0x08006cfa   0x00000006   PAD
    0x08006d00   0x08006d00   0x00000060   Code   RO         1703    .text.HAL_TIM_PWM_Init  stm32h7xx_hal_tim.o
    0x08006d60   0x08006d60   0x00000030   Code   RO          143    .text.HAL_TIM_PWM_MspInit  tim.o
    0x08006d90   0x08006d90   0x00000002   Code   RO         1789    .text.HAL_TIM_PWM_PulseFinishedCallback  stm32h7xx_hal_tim.o
    0x08006d92   0x08006d92   0x00000006   PAD
    0x08006d98   0x08006d98   0x00000060   Code   RO           21    .text.HAL_TIM_PeriodElapsedCallback  main.o
    0x08006df8   0x08006df8   0x00000002   Code   RO         1793    .text.HAL_TIM_TriggerCallback  stm32h7xx_hal_tim.o
    0x08006dfa   0x08006dfa   0x00000006   PAD
    0x08006e00   0x08006e00   0x00000036   Code   RO         2139    .text.HAL_UARTEx_DisableFifoMode  stm32h7xx_hal_uart_ex.o
    0x08006e36   0x08006e36   0x00000002   PAD
    0x08006e38   0x08006e38   0x0000008c   Code   RO         2143    .text.HAL_UARTEx_SetRxFifoThreshold  stm32h7xx_hal_uart_ex.o
    0x08006ec4   0x08006ec4   0x00000004   PAD
    0x08006ec8   0x08006ec8   0x0000008c   Code   RO         2141    .text.HAL_UARTEx_SetTxFifoThreshold  stm32h7xx_hal_uart_ex.o
    0x08006f54   0x08006f54   0x00000004   PAD
    0x08006f58   0x08006f58   0x00000064   Code   RO         1976    .text.HAL_UART_Init  stm32h7xx_hal_uart.o
    0x08006fbc   0x08006fbc   0x00000004   PAD
    0x08006fc0   0x08006fc0   0x00000090   Code   RO          171    .text.HAL_UART_MspInit  usart.o
    0x08007050   0x08007050   0x00000002   Code   RO          186    .text.HardFault_Handler  stm32h7xx_it.o
    0x08007052   0x08007052   0x00000006   PAD
    0x08007058   0x08007058   0x00000134   Code   RO         2387    .text.ICM42688P_ReadIMUData  icm-426688p.o
    0x0800718c   0x0800718c   0x00000004   PAD
    0x08007190   0x08007190   0x000001ce   Code   RO          276    .text.LCD_DisplayChar  lcd_spi_200.o
    0x0800735e   0x0800735e   0x00000002   PAD
    0x08007360   0x08007360   0x00000064   Code   RO          286    .text.LCD_DisplayNumber  lcd_spi_200.o
    0x080073c4   0x080073c4   0x00000004   PAD
    0x080073c8   0x080073c8   0x00000ce2   Code   RO          254    .text.LCD_Init      lcd_spi_200.o
    0x080080aa   0x080080aa   0x00000006   PAD
    0x080080b0   0x080080b0   0x000000d0   Code   RO          320    .text.LCD_SPI_CloseTransfer  lcd_spi_200.o
    0x08008180   0x08008180   0x0000016e   Code   RO          270    .text.LCD_SPI_Transmit  lcd_spi_200.o
    0x080082ee   0x080082ee   0x00000002   PAD
    0x080082f0   0x080082f0   0x00000166   Code   RO          310    .text.LCD_SPI_TransmitBuffer  lcd_spi_200.o
    0x08008456   0x08008456   0x00000002   PAD
    0x08008458   0x08008458   0x000001ba   Code   RO          268    .text.LCD_SetAddress  lcd_spi_200.o
    0x08008612   0x08008612   0x00000006   PAD
    0x08008618   0x08008618   0x000001ec   Code   RO          256    .text.LCD_SetDirection  lcd_spi_200.o
    0x08008804   0x08008804   0x00000004   PAD
    0x08008808   0x08008808   0x00000048   Code   RO           41    .text.MX_DCMI_Init  dcmi.o
    0x08008850   0x08008850   0x00000034   Code   RO           57    .text.MX_DMA_Init   dma.o
    0x08008884   0x08008884   0x00000004   PAD
    0x08008888   0x08008888   0x0000017c   Code   RO           32    .text.MX_GPIO_Init  gpio.o
    0x08008a04   0x08008a04   0x00000004   PAD
    0x08008a08   0x08008a08   0x0000006a   Code   RO           66    .text.MX_I2C2_Init  i2c.o
    0x08008a72   0x08008a72   0x00000006   PAD
    0x08008a78   0x08008a78   0x0000003c   Code   RO           81    .text.MX_QUADSPI_Init  quadspi.o
    0x08008ab4   0x08008ab4   0x00000004   PAD
    0x08008ab8   0x08008ab8   0x0000005e   Code   RO           96    .text.MX_SPI1_Init  spi.o
    0x08008b16   0x08008b16   0x00000002   PAD
    0x08008b18   0x08008b18   0x0000006a   Code   RO           98    .text.MX_SPI2_Init  spi.o
    0x08008b82   0x08008b82   0x00000006   PAD
    0x08008b88   0x08008b88   0x0000005a   Code   RO          100    .text.MX_SPI4_Init  spi.o
    0x08008be2   0x08008be2   0x00000006   PAD
    0x08008be8   0x08008be8   0x00000076   Code   RO          135    .text.MX_TIM15_Init  tim.o
    0x08008c5e   0x08008c5e   0x00000002   PAD
    0x08008c60   0x08008c60   0x00000038   Code   RO          137    .text.MX_TIM16_Init  tim.o
    0x08008c98   0x08008c98   0x000001ce   Code   RO          117    .text.MX_TIM1_Init  tim.o
    0x08008e66   0x08008e66   0x00000002   PAD
    0x08008e68   0x08008e68   0x00000060   Code   RO          121    .text.MX_TIM2_Init  tim.o
    0x08008ec8   0x08008ec8   0x00000066   Code   RO          123    .text.MX_TIM3_Init  tim.o
    0x08008f2e   0x08008f2e   0x00000002   PAD
    0x08008f30   0x08008f30   0x00000132   Code   RO          125    .text.MX_TIM4_Init  tim.o
    0x08009062   0x08009062   0x00000006   PAD
    0x08009068   0x08009068   0x00000064   Code   RO          127    .text.MX_TIM5_Init  tim.o
    0x080090cc   0x080090cc   0x00000004   PAD
    0x080090d0   0x080090d0   0x00000050   Code   RO          129    .text.MX_TIM6_Init  tim.o
    0x08009120   0x08009120   0x00000052   Code   RO          131    .text.MX_TIM7_Init  tim.o
    0x08009172   0x08009172   0x00000006   PAD
    0x08009178   0x08009178   0x000001b6   Code   RO          133    .text.MX_TIM8_Init  tim.o
    0x0800932e   0x0800932e   0x00000002   PAD
    0x08009330   0x08009330   0x0000007c   Code   RO          169    .text.MX_UART4_Init  usart.o
    0x080093ac   0x080093ac   0x00000004   PAD
    0x080093b0   0x080093b0   0x00000002   Code   RO          188    .text.MemManage_Handler  stm32h7xx_it.o
    0x080093b2   0x080093b2   0x00000006   PAD
    0x080093b8   0x080093b8   0x00000002   Code   RO          184    .text.NMI_Handler   stm32h7xx_it.o
    0x080093ba   0x080093ba   0x00000006   PAD
    0x080093c0   0x080093c0   0x0000006c   Code   RO          349    .text.OV2640_DMA_Transmit_Continuous  dcmi_ov2640.o
    0x0800942c   0x0800942c   0x00000004   PAD
    0x08009430   0x08009430   0x000002de   Code   RO          335    .text.OV2640_Init   dcmi_ov2640.o
    0x0800970e   0x0800970e   0x00000002   PAD
    0x08009710   0x08009710   0x00000176   Code   RO          337    .text.OV2640_Reset  dcmi_ov2640.o
    0x08009886   0x08009886   0x00000002   PAD
    0x08009888   0x08009888   0x00000002   Code   RO          198    .text.PendSV_Handler  stm32h7xx_it.o
    0x0800988a   0x0800988a   0x00000006   PAD
    0x08009890   0x08009890   0x00000122   Code   RO          716    .text.RCCEx_PLL2_Config  stm32h7xx_hal_rcc_ex.o
    0x080099b2   0x080099b2   0x00000006   PAD
    0x080099b8   0x080099b8   0x00000122   Code   RO          718    .text.RCCEx_PLL3_Config  stm32h7xx_hal_rcc_ex.o
    0x08009ada   0x08009ada   0x00000006   PAD
    0x08009ae0   0x08009ae0   0x00000b22   Code   RO          399    .text.SCCB_ACK      sccb.o
    0x0800a602   0x0800a602   0x00000006   PAD
    0x0800a608   0x0800a608   0x00000022   Code   RO          391    .text.SCCB_GPIO_Config  sccb.o
    0x0800a62a   0x0800a62a   0x00000006   PAD
    0x0800a630   0x0800a630   0x00000b18   Code   RO          401    .text.SCCB_NoACK    sccb.o
    0x0800b148   0x0800b148   0x000005f0   Code   RO          407    .text.SCCB_ReadByte  sccb.o
    0x0800b738   0x0800b738   0x00000046   Code   RO          413    .text.SCCB_ReadReg  sccb.o
    0x0800b77e   0x0800b77e   0x00000002   PAD
    0x0800b780   0x0800b780   0x00000860   Code   RO          395    .text.SCCB_Start    sccb.o
    0x0800bfe0   0x0800bfe0   0x00000b18   Code   RO          397    .text.SCCB_Stop     sccb.o
    0x0800caf8   0x0800caf8   0x00000b2a   Code   RO          403    .text.SCCB_WaitACK  sccb.o
    0x0800d622   0x0800d622   0x00000006   PAD
    0x0800d628   0x0800d628   0x000005e4   Code   RO          405    .text.SCCB_WriteByte  sccb.o
    0x0800dc0c   0x0800dc0c   0x00000004   PAD
    0x0800dc10   0x0800dc10   0x0000002a   Code   RO          411    .text.SCCB_WriteReg  sccb.o
    0x0800dc3a   0x0800dc3a   0x00000006   PAD
    0x0800dc40   0x0800dc40   0x000000d0   Code   RO         1543    .text.SPI_CloseTransfer  stm32h7xx_hal_spi.o
    0x0800dd10   0x0800dd10   0x00000002   Code   RO          194    .text.SVC_Handler   stm32h7xx_it.o
    0x0800dd12   0x0800dd12   0x00000006   PAD
    0x0800dd18   0x0800dd18   0x000005c0   Code   RO          437    .text.Sauvola_Binarization  binarization.o
    0x0800e2d8   0x0800e2d8   0x00000004   Code   RO          200    .text.SysTick_Handler  stm32h7xx_it.o
    0x0800e2dc   0x0800e2dc   0x00000004   PAD
    0x0800e2e0   0x0800e2e0   0x000000e4   Code   RO           15    .text.SystemClock_Config  main.o
    0x0800e3c4   0x0800e3c4   0x00000004   PAD
    0x0800e3c8   0x0800e3c8   0x000000cc   Code   RO         2162    .text.SystemInit    system_stm32h7xx.o
    0x0800e494   0x0800e494   0x00000004   PAD
    0x0800e498   0x0800e498   0x0000000c   Code   RO          212    .text.TIM15_IRQHandler  stm32h7xx_it.o
    0x0800e4a4   0x0800e4a4   0x00000004   PAD
    0x0800e4a8   0x0800e4a8   0x0000000c   Code   RO          214    .text.TIM16_IRQHandler  stm32h7xx_it.o
    0x0800e4b4   0x0800e4b4   0x00000004   PAD
    0x0800e4b8   0x0800e4b8   0x0000000c   Code   RO          202    .text.TIM3_IRQHandler  stm32h7xx_it.o
    0x0800e4c4   0x0800e4c4   0x00000004   PAD
    0x0800e4c8   0x0800e4c8   0x0000000c   Code   RO          204    .text.TIM6_DAC_IRQHandler  stm32h7xx_it.o
    0x0800e4d4   0x0800e4d4   0x00000004   PAD
    0x0800e4d8   0x0800e4d8   0x0000000c   Code   RO          206    .text.TIM7_IRQHandler  stm32h7xx_it.o
    0x0800e4e4   0x0800e4e4   0x00000004   PAD
    0x0800e4e8   0x0800e4e8   0x0000014e   Code   RO         1653    .text.TIM_Base_SetConfig  stm32h7xx_hal_tim.o
    0x0800e636   0x0800e636   0x00000002   PAD
    0x0800e638   0x0800e638   0x00000b76   Code   RO         2190    .text.TR_Write_Image_Pixle  lq_transfer_image.o
    0x0800f1ae   0x0800f1ae   0x00000002   PAD
    0x0800f1b0   0x0800f1b0   0x0000007e   Code   RO         2178    .text.TR_driver_init  lq_transfer_image.o
    0x0800f22e   0x0800f22e   0x00000002   PAD
    0x0800f230   0x0800f230   0x000000e0   Code   RO         1980    .text.UART_AdvFeatureConfig  stm32h7xx_hal_uart.o
    0x0800f310   0x0800f310   0x0000016e   Code   RO         1984    .text.UART_CheckIdleState  stm32h7xx_hal_uart.o
    0x0800f47e   0x0800f47e   0x00000002   PAD
    0x0800f480   0x0800f480   0x00000488   Code   RO         1982    .text.UART_SetConfig  stm32h7xx_hal_uart.o
    0x0800f908   0x0800f908   0x00000358   Code   RO         1998    .text.UART_WaitOnFlagUntilTimeout  stm32h7xx_hal_uart.o
    0x0800fc60   0x0800fc60   0x00000002   Code   RO          192    .text.UsageFault_Handler  stm32h7xx_it.o
    0x0800fc62   0x0800fc62   0x00000006   PAD
    0x0800fc68   0x0800fc68   0x00000042   Code   RO         2472    .text.angal_integeral  integral.o
    0x0800fcaa   0x0800fcaa   0x00000006   PAD
    0x0800fcb0   0x0800fcb0   0x0000048e   Code   RO          551    .text.dilate3x3_bitpacked  morph_binary_bitpacked.o
    0x0801013e   0x0801013e   0x00000002   PAD
    0x08010140   0x08010140   0x00000038   Code   RO         2478    .text.distant_integeral  integral.o
    0x08010178   0x08010178   0x0000048e   Code   RO          549    .text.erode3x3_bitpacked  morph_binary_bitpacked.o
    0x08010606   0x08010606   0x00000002   PAD
    0x08010608   0x08010608   0x0000033c   Code   RO          508    .text.get_left      image.o
    0x08010944   0x08010944   0x00000004   PAD
    0x08010948   0x08010948   0x00000210   Code   RO          510    .text.get_right     image.o
    0x08010b58   0x08010b58   0x00000080   Code   RO         2453    .text.get_speed     control.o
    0x08010bd8   0x08010bd8   0x0000073a   Code   RO          516    .text.image_process  image.o
    0x08011312   0x08011312   0x00000006   PAD
    0x08011318   0x08011318   0x00000298   Code   RO           11    .text.main          main.o
    0x080115b0   0x080115b0   0x000002fc   Code   RO          563    .text.morph_clean_u8_binary_adapter  morph_binary_bitpacked.o
    0x080118ac   0x080118ac   0x00000004   PAD
    0x080118b0   0x080118b0   0x00000782   Code   RO          506    .text.search_l_r    image.o
    0x08012032   0x08012032   0x00000006   PAD
    0x08012038   0x08012038   0x0000034e   Code   RO          312    .text.show_ov2640_image  lcd_spi_200.o
    0x08012386   0x08012386   0x0000003e   Code   RO         2697    CL$$btod_d2e        c_w.l(btod.o)
    0x080123c4   0x080123c4   0x00000046   Code   RO         2699    CL$$btod_d2e_denorm_low  c_w.l(btod.o)
    0x0801240a   0x0801240a   0x00000060   Code   RO         2698    CL$$btod_d2e_norm_op1  c_w.l(btod.o)
    0x0801246a   0x0801246a   0x00000002   PAD
    0x0801246c   0x0801246c   0x00000338   Code   RO         2707    CL$$btod_div_common  c_w.l(btod.o)
    0x080127a4   0x080127a4   0x000000dc   Code   RO         2704    CL$$btod_e2e        c_w.l(btod.o)
    0x08012880   0x08012880   0x0000002a   Code   RO         2701    CL$$btod_ediv       c_w.l(btod.o)
    0x080128aa   0x080128aa   0x0000002a   Code   RO         2700    CL$$btod_emul       c_w.l(btod.o)
    0x080128d4   0x080128d4   0x00000244   Code   RO         2706    CL$$btod_mult_common  c_w.l(btod.o)
    0x08012b18   0x08012b18   0x00000030   Code   RO         2724    i.__ARM_fpclassify  m_wv.l(fpclassify.o)
    0x08012b48   0x08012b48   0x0000000e   Code   RO         2555    i._is_digit         c_w.l(__printf_wp.o)
    0x08012b56   0x08012b56   0x00000002   PAD
    0x08012b58   0x08012b58   0x0000002c   Code   RO         2722    locale$$code        c_w.l(lc_numeric_c.o)
    0x08012b84   0x08012b84   0x0000002c   Code   RO         2734    locale$$code        c_w.l(lc_ctype_c.o)
    0x08012bb0   0x08012bb0   0x00000060   Code   RO         2593    x$fpl$ffltll        fz_wv.l(ffltll_clz.o)
    0x08012c10   0x08012c10   0x0000001a   Code   RO         2809    x$fpl$fpinit        fz_wv.l(fpinit.o)
    0x08012c2a   0x08012c2a   0x00000004   Code   RO         2595    x$fpl$printf1       fz_wv.l(printf1.o)
    0x08012c2e   0x08012c2e   0x00000004   Code   RO         2597    x$fpl$printf2       fz_wv.l(printf2.o)
    0x08012c32   0x08012c32   0x00000000   Code   RO         2642    x$fpl$usenofp       fz_wv.l(usenofp.o)
    0x08012c32   0x08012c32   0x00000002   PAD
    0x08012c34   0x08012c34   0x00000008   Data   RO         2516    .constdata          c_w.l(_printf_wctomb.o)
    0x08012c3c   0x08012c3c   0x00000028   Data   RO         2528    .constdata          c_w.l(_printf_hex_int.o)
    0x08012c64   0x08012c64   0x00000011   Data   RO         2563    .constdata          c_w.l(__printf_flags_ss_wp.o)
    0x08012c75   0x08012c75   0x00000026   Data   RO         2624    .constdata          c_w.l(_printf_fp_hex.o)
    0x08012c9b   0x08012c9b   0x00000001   PAD
    0x08012c9c   0x08012c9c   0x00000094   Data   RO         2695    .constdata          c_w.l(bigflt0.o)
    0x08012d30   0x08012d30   0x00000006   Data   RO         2111    .rodata..Lswitch.table.UART_SetConfig.5  stm32h7xx_hal_uart.o
    0x08012d36   0x08012d36   0x00000006   Data   RO         2112    .rodata..Lswitch.table.UART_SetConfig.7  stm32h7xx_hal_uart.o
    0x08012d3c   0x08012d3c   0x000011d0   Data   RO          232    .rodata.ASCII_2412_Table  lcd_fonts.o
    0x08013f0c   0x08013f0c   0x00000010   Data   RO         2166    .rodata.D1CorePrescTable  system_stm32h7xx.o
    0x08013f1c   0x08013f1c   0x00000160   Data   RO          377    .rodata.OV2640_SVGA_Config  dcmi_ov2640.o
    0x0801407c   0x0801407c   0x00000018   Data   RO         2110    .rodata.UARTPrescTable  stm32h7xx_hal_uart.o
    0x08014094   0x08014094   0x00000010   Data   RO         2153    .rodata.cst8        stm32h7xx_hal_uart_ex.o
    0x080140a4   0x080140a4   0x00000020   Data   RO         2885    Region$$Table       anon$$obj.o
    0x080140c4   0x080140c4   0x0000001c   Data   RO         2721    locale$$data        c_w.l(lc_numeric_c.o)
    0x080140e0   0x080140e0   0x00000110   Data   RO         2733    locale$$data        c_w.l(lc_ctype_c.o)


    Execution Region RW_IRAM1 (Exec base: 0x20000000, Load base: 0x080141f0, Size: 0x00010c40, Max: 0x00020000, ABSOLUTE)

    Exec Addr    Load Addr    Size         Type   Attr      Idx    E Section Name        Object

    0x20000000   0x080141f0   0x00000004   Data   RW          531    .data..L_MergedGlobals  image.o
    0x20000004   0x080141f4   0x00000008   Data   RW         1228    .data..L_MergedGlobals  stm32h7xx_hal.o
    0x2000000c   0x080141fc   0x00000008   Data   RW         2167    .data..L_MergedGlobals  system_stm32h7xx.o
    0x20000014   0x08014204   0x00000008   Data   RW         2228    .data..L_MergedGlobals  lq_transfer_image.o
    0x2000001c   0x0801420c   0x0000000c   Data   RW          237    .data.ASCII_Font24  lcd_fonts.o
    0x20000028        -       0x00000060   Zero   RW         2727    .bss                c_w.l(libspace.o)
    0x20000088        -       0x00000018   Zero   RW          324    .bss..L_MergedGlobals  lcd_spi_200.o
    0x200000a0        -       0x00000008   Zero   RW          382    .bss..L_MergedGlobals  dcmi_ov2640.o
    0x200000a8        -       0x00000010   Zero   RW          532    .bss..L_MergedGlobals.1  image.o
    0x200000b8        -       0x00005820   Zero   RW          439    .bss.Grayscale      binarization.o
    0x200058d8        -       0x00000800   Zero   RW          322    .bss.LCD_Buff       lcd_spi_200.o
    0x200060d8        -       0x000005e0   Zero   RW          442    .bss.Sauvola_Binarization.col_sqsum  binarization.o
    0x200066b8        -       0x000005e0   Zero   RW          441    .bss.Sauvola_Binarization.col_sum  binarization.o
    0x20006c98        -       0x0000000c   Zero   RW         2484    .bss.angle_integral  integral.o
    0x20006ca4        -       0x00000078   Zero   RW          530    .bss.center_line    image.o
    0x20006d1c        -       0x00000018   Zero   RW         2458    .bss.control        control.o
    0x20006d34        -       0x000002d0   Zero   RW          525    .bss.dir_l          image.o
    0x20007004        -       0x000002d0   Zero   RW          524    .bss.dir_r          image.o
    0x200072d4        -       0x0000000c   Zero   RW         2485    .bss.distance_integral  integral.o
    0x200072e0        -       0x00000050   Zero   RW           47    .bss.hdcmi          dcmi.o
    0x20007330        -       0x00000078   Zero   RW           48    .bss.hdma_dcmi      dcmi.o
    0x200073a8        -       0x00000054   Zero   RW           72    .bss.hi2c2          i2c.o
    0x200073fc        -       0x0000004c   Zero   RW           87    .bss.hqspi          quadspi.o
    0x20007448        -       0x00000088   Zero   RW          106    .bss.hspi1          spi.o
    0x200074d0        -       0x00000088   Zero   RW          107    .bss.hspi2          spi.o
    0x20007558        -       0x00000088   Zero   RW          108    .bss.hspi4          spi.o
    0x200075e0        -       0x0000004c   Zero   RW          151    .bss.htim1          tim.o
    0x2000762c        -       0x0000004c   Zero   RW          159    .bss.htim15         tim.o
    0x20007678        -       0x0000004c   Zero   RW          160    .bss.htim16         tim.o
    0x200076c4        -       0x0000004c   Zero   RW          152    .bss.htim2          tim.o
    0x20007710        -       0x0000004c   Zero   RW          153    .bss.htim3          tim.o
    0x2000775c        -       0x0000004c   Zero   RW          154    .bss.htim4          tim.o
    0x200077a8        -       0x0000004c   Zero   RW          155    .bss.htim5          tim.o
    0x200077f4        -       0x0000004c   Zero   RW          156    .bss.htim6          tim.o
    0x20007840        -       0x0000004c   Zero   RW          157    .bss.htim7          tim.o
    0x2000788c        -       0x0000004c   Zero   RW          158    .bss.htim8          tim.o
    0x200078d8        -       0x00000094   Zero   RW          175    .bss.huart4         usart.o
    0x2000796c        -       0x00005820   Zero   RW          443    .bss.imo            binarization.o
    0x2000d18c        -       0x00000030   Zero   RW         2389    .bss.imu_data       icm-426688p.o
    0x2000d1bc        -       0x00000078   Zero   RW          526    .bss.l_border       image.o
    0x2000d234        -       0x00000078   Zero   RW          527    .bss.left_lost      image.o
    0x2000d2ac        -       0x000001e0   Zero   RW          379    .bss.mt9v03x_image  dcmi_ov2640.o
    0x2000d48c        -       0x000001e0   Zero   RW          380    .bss.mt9v03x_image_bufA  dcmi_ov2640.o
    0x2000d66c        -       0x000001e0   Zero   RW          381    .bss.mt9v03x_image_bufB  dcmi_ov2640.o
    0x2000d84c        -       0x000005a0   Zero   RW          522    .bss.points_l       image.o
    0x2000ddec        -       0x000005a0   Zero   RW          523    .bss.points_r       image.o
    0x2000e38c        -       0x00000078   Zero   RW          528    .bss.r_border       image.o
    0x2000e404        -       0x00000078   Zero   RW          529    .bss.right_lost     image.o
    0x2000e47c        -       0x00000b40   Zero   RW          565    .bss.s_buf1         morph_binary_bitpacked.o
    0x2000efbc        -       0x00000b40   Zero   RW          566    .bss.s_buf2         morph_binary_bitpacked.o
    0x2000fafc        -       0x00000b40   Zero   RW          567    .bss.s_buf3         morph_binary_bitpacked.o
    0x2001063c        -       0x00000004   Zero   RW         1227    .bss.uwTick         stm32h7xx_hal.o
    0x20010640        -       0x00000200   Zero   RW            2    HEAP                startup_stm32h750xx.o
    0x20010840        -       0x00000400   Zero   RW            1    STACK               startup_stm32h750xx.o


==============================================================================

Image component sizes


      Code (inc. data)   RO Data    RW Data    ZI Data      Debug   Object Name

      1472          0          0          0      48128      11883   binarization.o
       128         12          0          0         24      20627   control.o
       460          0          0          0        200       9780   dcmi.o
      1674          0        352          0       1448      15088   dcmi_ov2640.o
        52          0          0          0          0       5468   dma.o
       380          0          0          0          0       3118   gpio.o
       254          0          0          0         84       8158   i2c.o
       308         20          0          0         48      12418   icm-426688p.o
      5128          0          0          4       4936      20757   image.o
       122          4          0          0         24       1987   integral.o
         0          0       4560         12          0       1070   lcd_fonts.o
      6572         16          0          0       2072      38921   lcd_spi_200.o
      3060          0          0          8          0      37597   lq_transfer_image.o
       998          4          0          0          0      11300   main.o
      3096          0          0          0       8640      28417   morph_binary_bitpacked.o
       334          0          0          0         76       8231   quadspi.o
     16706          0          0          0          0      21680   sccb.o
       632          0          0          0        408       9378   spi.o
        64         26        664          0       1536        824   startup_stm32h750xx.o
       272          0          0          8          4      15075   stm32h7xx_hal.o
       354          0          0          0          0      12491   stm32h7xx_hal_cortex.o
       470          0          0          0          0       9434   stm32h7xx_hal_dcmi.o
      4692         12          0          0          0      18454   stm32h7xx_hal_dma.o
      1862          0          0          0          0       8727   stm32h7xx_hal_dma_ex.o
       442          0          0          0          0       6984   stm32h7xx_hal_gpio.o
       176          0          0          0          0      65446   stm32h7xx_hal_i2c.o
       146          0          0          0          0       7550   stm32h7xx_hal_i2c_ex.o
        32          0          0          0          0       2197   stm32h7xx_hal_msp.o
        76          0          0          0          0      10776   stm32h7xx_hal_pwr_ex.o
       222          0          0          0          0      24198   stm32h7xx_hal_qspi.o
      2536         24          0          0          0      12008   stm32h7xx_hal_rcc.o
      4038        150          0          0          0      20347   stm32h7xx_hal_rcc_ex.o
      2046          0          0          0          0      23602   stm32h7xx_hal_spi.o
      3164         14          0          0          0      67175   stm32h7xx_hal_tim.o
       364          0          0          0          0      25981   stm32h7xx_hal_tim_ex.o
      2706        332         36          0          0      43747   stm32h7xx_hal_uart.o
       334          0         16          0          0      11545   stm32h7xx_hal_uart_ex.o
       104          0          0          0          0       6778   stm32h7xx_it.o
       204          0         16          8          0       5842   system_stm32h7xx.o
      2592          0          0          0        760      19632   tim.o
       268          0          0          0        148       8285   usart.o

    ----------------------------------------------------------------------
     69054        626       5676         40      68536     692976   Object Totals
         0          0         32          0          0          0   (incl. Generated)
       514         12          0          0          0          0   (incl. Padding)

    ----------------------------------------------------------------------

      Code (inc. data)   RO Data    RW Data    ZI Data      Debug   Library Member Name

        44          6          0          0          0         84   __2sprintf.o
         8          0          0          0          0         68   __main.o
       392          4         17          0          0         92   __printf_flags_ss_wp.o
        14          0          0          0          0         68   __printf_wp.o
         0          0          0          0          0          0   __rtentry.o
        12          0          0          0          0          0   __rtentry2.o
         6          0          0          0          0          0   __rtentry4.o
        94          8          0          0          0          0   __scatter.o
        26          0          0          0          0          0   __scatter_copy.o
        28          0          0          0          0          0   __scatter_zi.o
        72          0          0          0          0         96   _c16rtomb.o
         6          0          0          0          0          0   _printf_a.o
         6          0          0          0          0          0   _printf_c.o
        44          0          0          0          0        108   _printf_char.o
        48          6          0          0          0         96   _printf_char_common.o
         6          0          0          0          0          0   _printf_d.o
       120         16          0          0          0         92   _printf_dec.o
         6          0          0          0          0          0   _printf_e.o
         6          0          0          0          0          0   _printf_f.o
      1052          0          0          0          0        148   _printf_fp_dec.o
       764          8         38          0          0        100   _printf_fp_hex.o
       128         16          0          0          0         84   _printf_fp_infnan.o
         6          0          0          0          0          0   _printf_g.o
        88          4         40          0          0         88   _printf_hex_int.o
         6          0          0          0          0          0   _printf_i.o
       178          0          0          0          0         88   _printf_intcommon.o
        10          0          0          0          0          0   _printf_l.o
         6          0          0          0          0          0   _printf_lc.o
         6          0          0          0          0          0   _printf_o.o
        84         10          0          0          0         88   _printf_oct_int.o
        78          0          0          0          0        108   _printf_pad.o
         0          0          0          0          0          0   _printf_percent.o
         4          0          0          0          0          0   _printf_percent_end.o
        82          0          0          0          0         80   _printf_str.o
        36          0          0          0          0         84   _printf_truncate.o
         6          0          0          0          0          0   _printf_u.o
        44          0          0          0          0        108   _printf_wchar.o
       188          6          8          0          0         92   _printf_wctomb.o
         6          0          0          0          0          0   _printf_x.o
        10          0          0          0          0         68   _sputc.o
        16          0          0          0          0         68   aeabi_memset4.o
       228          4        148          0          0         96   bigflt0.o
      1936        128          0          0          0        668   btod.o
        18          0          0          0          0         80   exit.o
         6          0          0          0          0        152   heapauxi.o
         0          0          0          0          0          0   indicate_semi.o
        44         10        272          0          0         76   lc_ctype_c.o
        44         10         28          0          0         76   lc_numeric_c.o
         2          0          0          0          0          0   libinit.o
        34          0          0          0          0          0   libinit2.o
         2          0          0          0          0          0   libshutdown.o
         2          0          0          0          0          0   libshutdown2.o
         8          4          0          0         96         68   libspace.o
       138          0          0          0          0         80   lludiv10.o
       240          0          0          0          0        100   lludivv7m.o
        16          4          0          0          0         76   rt_ctype_table.o
         8          4          0          0          0         68   rt_locale_intlibspace.o
        68          0          0          0          0         68   rt_memclr.o
        78          0          0          0          0         80   rt_memclr_w.o
       100          0          0          0          0         80   rt_memcpy_w.o
         2          0          0          0          0          0   rtexit.o
        10          0          0          0          0          0   rtexit2.o
       124          0          0          0          0         88   strcmpv7m_pel.o
        12          4          0          0          0         68   sys_exit.o
        74          0          0          0          0         80   sys_stackheap_outer.o
         2          0          0          0          0         68   use_no_semi.o
        96          0          0          0          0        132   ffltll_clz.o
        26          0          0          0          0        116   fpinit.o
         4          0          0          0          0        116   printf1.o
         4          0          0          0          0        116   printf2.o
         0          0          0          0          0          0   usenofp.o
        48          0          0          0          0        124   fpclassify.o

    ----------------------------------------------------------------------
      7134        252        552          0         96       4584   Library Totals
        24          0          1          0          0          0   (incl. Padding)

    ----------------------------------------------------------------------

      Code (inc. data)   RO Data    RW Data    ZI Data      Debug   Library Name

      6932        252        551          0         96       3980   c_w.l
       130          0          0          0          0        480   fz_wv.l
        48          0          0          0          0        124   m_wv.l

    ----------------------------------------------------------------------
      7134        252        552          0         96       4584   Library Totals

    ----------------------------------------------------------------------

==============================================================================


      Code (inc. data)   RO Data    RW Data    ZI Data      Debug   

     76188        878       6228         40      68632     694384   Grand Totals
     76188        878       6228         40      68632     694384   ELF Image Totals
     76188        878       6228         40          0          0   ROM Totals

==============================================================================

    Total RO  Size (Code + RO Data)                82416 (  80.48kB)
    Total RW  Size (RW Data + ZI Data)             68672 (  67.06kB)
    Total ROM Size (Code + RO Data + RW Data)      82456 (  80.52kB)

==============================================================================

