<html>
<body>
<pre>
<h1>µVision Build Log</h1>
<h2>Tool Versions:</h2>
IDE-Version: ¦ÌVision V5.43.1.0
Copyright (C) 2025 ARM Ltd and ARM Germany GmbH. All rights reserved.
License Information: Dx Deng, TJU, LIC=KRMW3-AMWRR-8TW3P-MQERT-PV1YN-3N1AX
 
Tool Versions:
Toolchain:       MDK-ARM Plus  Version: 5.43.0.0
Toolchain Path:  D:\Keil\ARM\ARM5.06\Bin
C Compiler:      Armcc.exe V5.06 update 7 (build 960)
Assembler:       Armasm.exe V5.06 update 7 (build 960)
Linker/Locator:  ArmLink.exe V5.06 update 7 (build 960)
Library Manager: ArmAr.exe V5.06 update 7 (build 960)
Hex Converter:   FromElf.exe V5.06 update 7 (build 960)
CPU DLL:         SARMCM3.DLL V5.43.0.0
Dialog DLL:      DCM.DLL V1.17.5.0
Target DLL:      STLink\ST-LINKIII-KEIL_SWO.dll V3.3.1.0
Dialog DLL:      TCM.DLL V1.56.6.0
 
<h2>Project:</h2>
C:\Users\DX\Desktop\car\Smart-Car\MDK-ARM\SMARTCAR.uvprojx
Project File Date:  09/15/2025

<h2>Output:</h2>
*** Using Compiler 'V5.06 update 7 (build 960)', folder: 'D:\Keil\ARM\ARM5.06\Bin'
Build target 'SMARTCAR'
assembling startup_stm32h750xx.s...
compiling lcd_image.c...
compiling lcd_fonts.c...
compiling stm32h7xx_hal_flash.c...
compiling stm32h7xx_hal_dma_ex.c...
compiling gpio.c...
compiling stm32h7xx_hal_gpio.c...
compiling stm32h7xx_hal_hsem.c...
compiling stm32h7xx_hal_i2c_ex.c...
compiling stm32h7xx_hal_spi_ex.c...
compiling stm32h7xx_hal_tim_ex.c...
compiling dcmi.c...
compiling stm32h7xx_hal_flash_ex.c...
compiling LCD_Test.c...
compiling spi.c...
compiling stm32h7xx_hal_cortex.c...
compiling stm32h7xx_hal_mdma.c...
compiling stm32h7xx_hal.c...
compiling stm32h7xx_hal_tim.c...
compiling stm32h7xx_hal_msp.c...
compiling stm32h7xx_hal_exti.c...
compiling stm32h7xx_it.c...
compiling main.c...
compiling lcd_spi_200.c...
compiling stm32h7xx_hal_dcmi.c...
compiling dma.c...
compiling system_stm32h7xx.c...
compiling stm32h7xx_hal_pwr.c...
compiling stm32h7xx_hal_pwr_ex.c...
compiling stm32h7xx_hal_rcc.c...
compiling stm32h7xx_hal_spi.c...
compiling stm32h7xx_hal_rcc_ex.c...
compiling stm32h7xx_hal_i2c.c...
compiling stm32h7xx_hal_dma.c...
compiling ov2640.c...
compiling sccb.c...
linking...
Program Size: Code=13276 RO-data=720 RW-data=28 ZI-data=1972  
FromELF: creating hex file...
"SMARTCAR\SMARTCAR.axf" - 0 Error(s), 0 Warning(s).

<h2>Software Packages used:</h2>

Package Vendor: ARM
                https://www.keil.com/pack/ARM.CMSIS.6.2.0.pack
                ARM::CMSIS@6.2.0
                CMSIS (Common Microcontroller Software Interface Standard)
   * Component: CORE Version: 6.1.1

Package Vendor: Keil
                https://www.keil.com/pack/Keil.STM32H7xx_DFP.4.1.2.pack
                Keil::STM32H7xx_DFP@4.1.2
                STMicroelectronics STM32H7 Series Device Support

<h2>Collection of Component include folders:</h2>
  ./RTE/_SMARTCAR
  D:/Keil/Packs/ARM/CMSIS/6.2.0/CMSIS/Core/Include

<h2>Collection of Component Files used:</h2>

   * Component: ARM::CMSIS:CORE@6.1.1
      Include file:  CMSIS/Core/Include/tz_context.h
Build Time Elapsed:  00:00:11
</pre>
</body>
</html>
